<html>
<body>
<pre>
<h1>µVision Build Log</h1>
<h2>Tool Versions:</h2>
IDE-Version: µVision V5.33.0.0
Copyright (C) 2020 ARM Ltd and ARM Germany GmbH. All rights reserved.
License Information: nam ACER, namduy, LIC=03C6R-KHT8M-GKGBG-V3ZMQ-G89HC-RTFJ0
 
Tool Versions:
Toolchain:       MDK-ARM Plus  Version: 5.33.0.0
Toolchain Path:  D:\keilC\ARM\ARMCC\Bin
C Compiler:      Armcc.exe V5.06 update 7 (build 960)
Assembler:       Armasm.exe V5.06 update 7 (build 960)
Linker/Locator:  ArmLink.exe V5.06 update 7 (build 960)
Library Manager: ArmAr.exe V5.06 update 7 (build 960)
Hex Converter:   FromElf.exe V5.06 update 7 (build 960)
CPU DLL:         SARMCM3.DLL V5.33.0.0
Dialog DLL:      DCM.DLL V1.17.3.0
Target DLL:      STLink\ST-LINKIII-KEIL_SWO.dll V3.0.8.0
Dialog DLL:      TCM.DLL V1.48.0.0
 
<h2>Project:</h2>
D:\FEE\main_xilanh_cubeMx\MAIN_EX_V3_1\MDK-ARM\MAIN_EX_V3_1.uvprojx
Project File Date:  01/16/2024

<h2>Output:</h2>
*** Using Compiler 'V5.06 update 7 (build 960)', folder: 'D:\keilC\ARM\ARMCC\Bin'
Build target 'MAIN_EX_V3_1'
compiling FEE_Robot.c...
../FEE_Team_Code/FEE_FLASH.h(24): warning:  #1-D: last line of file ends without a newline
  #endif
..\Robot_code\FEE_Robot.c(19): warning:  #188-D: enumerated type mixed with another type
  			HAL_GPIO_WritePin(GPIOA, GPIO_PIN_12, 1); 
..\Robot_code\FEE_Robot.c(21): warning:  #188-D: enumerated type mixed with another type
  			HAL_GPIO_WritePin(GPIOA, GPIO_PIN_11, 1); 
..\Robot_code\FEE_Robot.c(23): warning:  #188-D: enumerated type mixed with another type
  			HAL_GPIO_WritePin(GPIOA, GPIO_PIN_8, 1); 
..\Robot_code\FEE_Robot.c(25): warning:  #188-D: enumerated type mixed with another type
  			 HAL_GPIO_WritePin(GPIOB, GPIO_PIN_8, 1); 
..\Robot_code\FEE_Robot.c(30): warning:  #188-D: enumerated type mixed with another type
  				HAL_GPIO_WritePin(GPIOB, GPIO_PIN_12, 1); 
..\Robot_code\FEE_Robot.c(32): warning:  #188-D: enumerated type mixed with another type
  			HAL_GPIO_WritePin(GPIOB, GPIO_PIN_13, 1); 
..\Robot_code\FEE_Robot.c(34): warning:  #188-D: enumerated type mixed with another type
  			HAL_GPIO_WritePin(GPIOB, GPIO_PIN_14, 1); 
..\Robot_code\FEE_Robot.c(36): warning:  #188-D: enumerated type mixed with another type
  			HAL_GPIO_WritePin(GPIOB, GPIO_PIN_15, 1); 
..\Robot_code\FEE_Robot.c(43): warning:  #188-D: enumerated type mixed with another type
  			HAL_GPIO_WritePin(GPIOA, GPIO_PIN_12, 0); 
..\Robot_code\FEE_Robot.c(45): warning:  #188-D: enumerated type mixed with another type
  			HAL_GPIO_WritePin(GPIOA, GPIO_PIN_11, 0); 
..\Robot_code\FEE_Robot.c(47): warning:  #188-D: enumerated type mixed with another type
  			HAL_GPIO_WritePin(GPIOA, GPIO_PIN_8, 0);
..\Robot_code\FEE_Robot.c(49): warning:  #188-D: enumerated type mixed with another type
  			 HAL_GPIO_WritePin(GPIOB, GPIO_PIN_8, 0); 
..\Robot_code\FEE_Robot.c(54): warning:  #188-D: enumerated type mixed with another type
  				HAL_GPIO_WritePin(GPIOB, GPIO_PIN_12, 0); 
..\Robot_code\FEE_Robot.c(56): warning:  #188-D: enumerated type mixed with another type
  			HAL_GPIO_WritePin(GPIOB, GPIO_PIN_13, 0);
..\Robot_code\FEE_Robot.c(58): warning:  #188-D: enumerated type mixed with another type
  			HAL_GPIO_WritePin(GPIOB, GPIO_PIN_14, 0); 
..\Robot_code\FEE_Robot.c(60): warning:  #188-D: enumerated type mixed with another type
  			HAL_GPIO_WritePin(GPIOB, GPIO_PIN_15, 0); 
..\Robot_code\FEE_Robot.c: 17 warnings, 0 errors
linking...
Program Size: Code=13356 RO-data=472 RW-data=156 ZI-data=19420  
FromELF: creating hex file...
"MAIN_EX_V3_1\MAIN_EX_V3_1.axf" - 0 Error(s), 17 Warning(s).

<h2>Software Packages used:</h2>

Package Vendor: ARM
                http://www.keil.com/pack/ARM.CMSIS.5.9.0.pack
                ARM.CMSIS.5.9.0
                CMSIS (Common Microcontroller Software Interface Standard)
   * Component: CORE Version: 5.6.0

Package Vendor: Keil
                https://www.keil.com/pack/Keil.STM32F1xx_DFP.2.4.1.pack
                Keil.STM32F1xx_DFP.2.4.1
                STMicroelectronics STM32F1 Series Device Support, Drivers and Examples

<h2>Collection of Component include folders:</h2>
  .\RTE\_MAIN_EX_V3_1
  D:\keilC\ARM\CMSIS\5.9.0\CMSIS\Core\Include
  D:\keilC\Keil\STM32F1xx_DFP\2.4.1\Device\Include

<h2>Collection of Component Files used:</h2>

   * Component: ARM::CMSIS:CORE:5.6.0
      Include file:  CMSIS\Core\Include\tz_context.h
Build Time Elapsed:  00:00:02
</pre>
</body>
</html>
