Component: ARM Compiler 5.06 update 7 (build 960) Tool: armlink [4d3601]

==============================================================================

Section Cross References

    startup_stm32f103xb.o(STACK) refers (Special) to heapauxi.o(.text) for __use_two_region_memory
    startup_stm32f103xb.o(HEAP) refers (Special) to heapauxi.o(.text) for __use_two_region_memory
    startup_stm32f103xb.o(RESET) refers (Special) to heapauxi.o(.text) for __use_two_region_memory
    startup_stm32f103xb.o(RESET) refers to startup_stm32f103xb.o(STACK) for __initial_sp
    startup_stm32f103xb.o(RESET) refers to startup_stm32f103xb.o(.text) for Reset_Handler
    startup_stm32f103xb.o(RESET) refers to stm32f1xx_it.o(i.NMI_Handler) for NMI_Handler
    startup_stm32f103xb.o(RESET) refers to stm32f1xx_it.o(i.HardFault_Handler) for HardFault_Handler
    startup_stm32f103xb.o(RESET) refers to stm32f1xx_it.o(i.MemManage_Handler) for MemManage_Handler
    startup_stm32f103xb.o(RESET) refers to stm32f1xx_it.o(i.BusFault_Handler) for BusFault_Handler
    startup_stm32f103xb.o(RESET) refers to stm32f1xx_it.o(i.UsageFault_Handler) for UsageFault_Handler
    startup_stm32f103xb.o(RESET) refers to port.o(.emb_text) for SVC_Handler
    startup_stm32f103xb.o(RESET) refers to stm32f1xx_it.o(i.DebugMon_Handler) for DebugMon_Handler
    startup_stm32f103xb.o(RESET) refers to stm32f1xx_it.o(i.SysTick_Handler) for SysTick_Handler
    startup_stm32f103xb.o(RESET) refers to stm32f1xx_it.o(i.EXTI3_IRQHandler) for EXTI3_IRQHandler
    startup_stm32f103xb.o(RESET) refers to stm32f1xx_it.o(i.EXTI4_IRQHandler) for EXTI4_IRQHandler
    startup_stm32f103xb.o(RESET) refers to stm32f1xx_it.o(i.DMA1_Channel1_IRQHandler) for DMA1_Channel1_IRQHandler
    startup_stm32f103xb.o(RESET) refers to stm32f1xx_it.o(i.EXTI9_5_IRQHandler) for EXTI9_5_IRQHandler
    startup_stm32f103xb.o(RESET) refers to stm32f1xx_it.o(i.TIM2_IRQHandler) for TIM2_IRQHandler
    startup_stm32f103xb.o(RESET) refers to stm32f1xx_it.o(i.USART1_IRQHandler) for USART1_IRQHandler
    startup_stm32f103xb.o(RESET) refers to stm32f1xx_it.o(i.USART3_IRQHandler) for USART3_IRQHandler
    startup_stm32f103xb.o(RESET) refers to stm32f1xx_it.o(i.EXTI15_10_IRQHandler) for EXTI15_10_IRQHandler
    startup_stm32f103xb.o(.text) refers (Special) to heapauxi.o(.text) for __use_two_region_memory
    startup_stm32f103xb.o(.text) refers to system_stm32f1xx.o(i.SystemInit) for SystemInit
    startup_stm32f103xb.o(.text) refers to __main.o(!!!main) for __main
    startup_stm32f103xb.o(.text) refers to startup_stm32f103xb.o(HEAP) for Heap_Mem
    startup_stm32f103xb.o(.text) refers to startup_stm32f103xb.o(STACK) for Stack_Mem
    main.o(i.MX_ADC1_Init) refers to stm32f1xx_hal_adc.o(i.HAL_ADC_Init) for HAL_ADC_Init
    main.o(i.MX_ADC1_Init) refers to main.o(i.Error_Handler) for Error_Handler
    main.o(i.MX_ADC1_Init) refers to stm32f1xx_hal_adc.o(i.HAL_ADC_ConfigChannel) for HAL_ADC_ConfigChannel
    main.o(i.MX_ADC1_Init) refers to main.o(.bss) for hadc1
    main.o(i.MX_DMA_Init) refers to stm32f1xx_hal_cortex.o(i.HAL_NVIC_SetPriority) for HAL_NVIC_SetPriority
    main.o(i.MX_DMA_Init) refers to stm32f1xx_hal_cortex.o(i.HAL_NVIC_EnableIRQ) for HAL_NVIC_EnableIRQ
    main.o(i.MX_GPIO_Init) refers to stm32f1xx_hal_gpio.o(i.HAL_GPIO_WritePin) for HAL_GPIO_WritePin
    main.o(i.MX_GPIO_Init) refers to stm32f1xx_hal_gpio.o(i.HAL_GPIO_Init) for HAL_GPIO_Init
    main.o(i.MX_GPIO_Init) refers to stm32f1xx_hal_cortex.o(i.HAL_NVIC_SetPriority) for HAL_NVIC_SetPriority
    main.o(i.MX_GPIO_Init) refers to stm32f1xx_hal_cortex.o(i.HAL_NVIC_EnableIRQ) for HAL_NVIC_EnableIRQ
    main.o(i.MX_I2C1_Init) refers to stm32f1xx_hal_i2c.o(i.HAL_I2C_Init) for HAL_I2C_Init
    main.o(i.MX_I2C1_Init) refers to main.o(i.Error_Handler) for Error_Handler
    main.o(i.MX_I2C1_Init) refers to main.o(.bss) for hi2c1
    main.o(i.MX_TIM2_Init) refers to stm32f1xx_hal_tim.o(i.HAL_TIM_Base_Init) for HAL_TIM_Base_Init
    main.o(i.MX_TIM2_Init) refers to main.o(i.Error_Handler) for Error_Handler
    main.o(i.MX_TIM2_Init) refers to stm32f1xx_hal_tim.o(i.HAL_TIM_ConfigClockSource) for HAL_TIM_ConfigClockSource
    main.o(i.MX_TIM2_Init) refers to stm32f1xx_hal_tim_ex.o(i.HAL_TIMEx_MasterConfigSynchronization) for HAL_TIMEx_MasterConfigSynchronization
    main.o(i.MX_TIM2_Init) refers to main.o(.bss) for htim2
    main.o(i.MX_USART1_UART_Init) refers to stm32f1xx_hal_uart.o(i.HAL_UART_Init) for HAL_UART_Init
    main.o(i.MX_USART1_UART_Init) refers to main.o(i.Error_Handler) for Error_Handler
    main.o(i.MX_USART1_UART_Init) refers to main.o(.bss) for huart1
    main.o(i.MX_USART2_UART_Init) refers to stm32f1xx_hal_uart.o(i.HAL_UART_Init) for HAL_UART_Init
    main.o(i.MX_USART2_UART_Init) refers to main.o(i.Error_Handler) for Error_Handler
    main.o(i.MX_USART2_UART_Init) refers to main.o(.bss) for huart2
    main.o(i.MX_USART3_UART_Init) refers to stm32f1xx_hal_uart.o(i.HAL_UART_Init) for HAL_UART_Init
[...]
    i.StartTask04                            0x08003200   Section        0  fee_thread4.o(i.StartTask04)
    i.SysTick_Handler                        0x080034fc   Section        0  stm32f1xx_it.o(i.SysTick_Handler)
    i.SystemClock_Config                     0x08003510   Section        0  main.o(i.SystemClock_Config)
    i.SystemInit                             0x08003594   Section        0  system_stm32f1xx.o(i.SystemInit)
    i.TIM2_IRQHandler                        0x08003598   Section        0  stm32f1xx_it.o(i.TIM2_IRQHandler)
    i.TIM_Base_SetConfig                     0x080035a8   Section        0  stm32f1xx_hal_tim.o(i.TIM_Base_SetConfig)
    i.TIM_ETR_SetConfig                      0x0800361c   Section        0  stm32f1xx_hal_tim.o(i.TIM_ETR_SetConfig)
    i.TIM_ITRx_SetConfig                     0x08003632   Section        0  stm32f1xx_hal_tim.o(i.TIM_ITRx_SetConfig)
    TIM_ITRx_SetConfig                       0x08003633   Thumb Code    18  stm32f1xx_hal_tim.o(i.TIM_ITRx_SetConfig)
    i.TIM_TI1_ConfigInputStage               0x08003644   Section        0  stm32f1xx_hal_tim.o(i.TIM_TI1_ConfigInputStage)
    TIM_TI1_ConfigInputStage                 0x08003645   Thumb Code    38  stm32f1xx_hal_tim.o(i.TIM_TI1_ConfigInputStage)
    i.TIM_TI2_ConfigInputStage               0x0800366a   Section        0  stm32f1xx_hal_tim.o(i.TIM_TI2_ConfigInputStage)
    TIM_TI2_ConfigInputStage                 0x0800366b   Thumb Code    40  stm32f1xx_hal_tim.o(i.TIM_TI2_ConfigInputStage)
    i.UART_DMAAbortOnError                   0x08003692   Section        0  stm32f1xx_hal_uart.o(i.UART_DMAAbortOnError)
    UART_DMAAbortOnError                     0x08003693   Thumb Code    20  stm32f1xx_hal_uart.o(i.UART_DMAAbortOnError)
    i.UART_EndRxTransfer                     0x080036a6   Section        0  stm32f1xx_hal_uart.o(i.UART_EndRxTransfer)
    UART_EndRxTransfer                       0x080036a7   Thumb Code   108  stm32f1xx_hal_uart.o(i.UART_EndRxTransfer)
    i.UART_EndTransmit_IT                    0x08003712   Section        0  stm32f1xx_hal_uart.o(i.UART_EndTransmit_IT)
    UART_EndTransmit_IT                      0x08003713   Thumb Code    32  stm32f1xx_hal_uart.o(i.UART_EndTransmit_IT)
    i.UART_Receive_IT                        0x08003732   Section        0  stm32f1xx_hal_uart.o(i.UART_Receive_IT)
    UART_Receive_IT                          0x08003733   Thumb Code   252  stm32f1xx_hal_uart.o(i.UART_Receive_IT)
    i.UART_SetConfig                         0x08003830   Section        0  stm32f1xx_hal_uart.o(i.UART_SetConfig)
    UART_SetConfig                           0x08003831   Thumb Code   248  stm32f1xx_hal_uart.o(i.UART_SetConfig)
    i.UART_Start_Receive_IT                  0x0800392c   Section        0  stm32f1xx_hal_uart.o(i.UART_Start_Receive_IT)
    i.UART_Transmit_IT                       0x0800396c   Section        0  stm32f1xx_hal_uart.o(i.UART_Transmit_IT)
    UART_Transmit_IT                         0x0800396d   Thumb Code    96  stm32f1xx_hal_uart.o(i.UART_Transmit_IT)
    i.UART_WaitOnFlagUntilTimeout            0x080039cc   Section        0  stm32f1xx_hal_uart.o(i.UART_WaitOnFlagUntilTimeout)
    UART_WaitOnFlagUntilTimeout              0x080039cd   Thumb Code   146  stm32f1xx_hal_uart.o(i.UART_WaitOnFlagUntilTimeout)
    i.USART1_IRQHandler                      0x08003a60   Section        0  stm32f1xx_it.o(i.USART1_IRQHandler)
    i.USART3_IRQHandler                      0x08003a70   Section        0  stm32f1xx_it.o(i.USART3_IRQHandler)
    i.UsageFault_Handler                     0x08003a80   Section        0  stm32f1xx_it.o(i.UsageFault_Handler)
    i.__NVIC_GetPriorityGrouping             0x08003a84   Section        0  stm32f1xx_hal_cortex.o(i.__NVIC_GetPriorityGrouping)
    __NVIC_GetPriorityGrouping               0x08003a85   Thumb Code    10  stm32f1xx_hal_cortex.o(i.__NVIC_GetPriorityGrouping)
    i.__NVIC_SetPriority                     0x08003a94   Section        0  stm32f1xx_hal_cortex.o(i.__NVIC_SetPriority)
    __NVIC_SetPriority                       0x08003a95   Thumb Code    32  stm32f1xx_hal_cortex.o(i.__NVIC_SetPriority)
    i.check_xoay_tay_1                       0x08003abc   Section        0  fee_function.o(i.check_xoay_tay_1)
    i.check_xoay_tay_2                       0x08003aec   Section        0  fee_function.o(i.check_xoay_tay_2)
    i.chong_troi                             0x08003b1c   Section        0  fee_tu_dong.o(i.chong_troi)
    i.configTIM1                             0x08003bf0   Section        0  fee_robot.o(i.configTIM1)
    i.configTIM3                             0x08003c38   Section        0  fee_robot.o(i.configTIM3)
    i.configTIM4                             0x08003c80   Section        0  fee_robot.o(i.configTIM4)
    i.control_xilanh                         0x08003cc4   Section        0  fee_function.o(i.control_xilanh)
    i.delayUs                                0x08003dd4   Section        0  fee_function.o(i.delayUs)
    i.dong_co_init                           0x08003df4   Section        0  fee_robot.o(i.dong_co_init)
    i.ha_canh_tay                            0x08003e2c   Section        0  fee_function.o(i.ha_canh_tay)
    i.ham_lai_tay                            0x08003e40   Section        0  fee_lai_tay.o(i.ham_lai_tay)
    i.initTimers                             0x08003f88   Section        0  fee_robot.o(i.initTimers)
    i.kep                                    0x08003f98   Section        0  fee_function.o(i.kep)
    i.khoa_dc_tay                            0x08003fe8   Section        0  fee_function.o(i.khoa_dc_tay)
    i.khoi_tao_an_toan                       0x08004014   Section        0  fee_function.o(i.khoi_tao_an_toan)
    i.khoi_tao_kep_lua                       0x08004064   Section        0  fee_function.o(i.khoi_tao_kep_lua)
    i.khoi_tao_tu_dong                       0x080040b4   Section        0  fee_function.o(i.khoi_tao_tu_dong)
    i.lai_tay_init                           0x08004198   Section        0  fee_robot.o(i.lai_tay_init)
    i.main                                   0x080041e0   Section        0  main.o(i.main)
    i.makeFreeRtosPriority                   0x080042c8   Section        0  cmsis_os.o(i.makeFreeRtosPriority)
    makeFreeRtosPriority                     0x080042c9   Thumb Code    14  cmsis_os.o(i.makeFreeRtosPriority)
    i.nang_canh_tay                          0x080042d8   Section        0  fee_function.o(i.nang_canh_tay)
    i.nut_lai_tay                            0x080042ec   Section        0  fee_lai_tay.o(i.nut_lai_tay)
    i.osDelay                                0x08004618   Section        0  cmsis_os.o(i.osDelay)
    i.osKernelStart                          0x08004630   Section        0  cmsis_os.o(i.osKernelStart)
    i.osThreadCreate                         0x0800463a   Section        0  cmsis_os.o(i.osThreadCreate)
    i.pes_uart_event_handle                  0x08004698   Section        0  fee_pes_control.o(i.pes_uart_event_handle)
    i.pid_dc1                                0x08004764   Section        0  fee_uart.o(i.pid_dc1)
    i.pid_dc2                                0x08004784   Section        0  fee_uart.o(i.pid_dc2)
    i.pid_dc3                                0x080047a4   Section        0  fee_uart.o(i.pid_dc3)
    i.prvAddCurrentTaskToDelayedList         0x080047c4   Section        0  tasks.o(i.prvAddCurrentTaskToDelayedList)
    prvAddCurrentTaskToDelayedList           0x080047c5   Thumb Code   124  tasks.o(i.prvAddCurrentTaskToDelayedList)
    i.prvAddNewTaskToReadyList               0x0800485c   Section        0  tasks.o(i.prvAddNewTaskToReadyList)
    prvAddNewTaskToReadyList                 0x0800485d   Thumb Code   150  tasks.o(i.prvAddNewTaskToReadyList)
    i.prvCheckTasksWaitingTermination        0x08004910   Section        0  tasks.o(i.prvCheckTasksWaitingTermination)
    prvCheckTasksWaitingTermination          0x08004911   Thumb Code    60  tasks.o(i.prvCheckTasksWaitingTermination)
    i.prvDeleteTCB                           0x08004958   Section        0  tasks.o(i.prvDeleteTCB)
    prvDeleteTCB                             0x08004959   Thumb Code    80  tasks.o(i.prvDeleteTCB)
    i.prvHeapInit                            0x080049a8   Section        0  heap_4.o(i.prvHeapInit)
    prvHeapInit                              0x080049a9   Thumb Code    98  heap_4.o(i.prvHeapInit)
    i.prvIdleTask                            0x08004a24   Section        0  tasks.o(i.prvIdleTask)
    prvIdleTask                              0x08004a25   Thumb Code    32  tasks.o(i.prvIdleTask)
    i.prvInitialiseNewTask                   0x08004a4c   Section        0  tasks.o(i.prvInitialiseNewTask)
    prvInitialiseNewTask                     0x08004a4d   Thumb Code   170  tasks.o(i.prvInitialiseNewTask)
    i.prvInitialiseTaskLists                 0x08004af8   Section        0  tasks.o(i.prvInitialiseTaskLists)
    prvInitialiseTaskLists                   0x08004af9   Thumb Code    70  tasks.o(i.prvInitialiseTaskLists)
    i.prvInsertBlockIntoFreeList             0x08004b60   Section        0  heap_4.o(i.prvInsertBlockIntoFreeList)
    prvInsertBlockIntoFreeList               0x08004b61   Thumb Code    96  heap_4.o(i.prvInsertBlockIntoFreeList)
    i.prvResetNextTaskUnblockTime            0x08004bc8   Section        0  tasks.o(i.prvResetNextTaskUnblockTime)
    prvResetNextTaskUnblockTime              0x08004bc9   Thumb Code    42  tasks.o(i.prvResetNextTaskUnblockTime)
    i.prvTaskExitError                       0x08004bfc   Section        0  port.o(i.prvTaskExitError)
    prvTaskExitError                         0x08004bfd   Thumb Code    60  port.o(i.prvTaskExitError)
    i.pvPortMalloc                           0x08004c3c   Section        0  heap_4.o(i.pvPortMalloc)
    i.pxPortInitialiseStack                  0x08004d78   Section        0  port.o(i.pxPortInitialiseStack)
    i.reset_check_xoay_tay_1                 0x08004d9c   Section        0  fee_function.o(i.reset_check_xoay_tay_1)
    i.reset_check_xoay_tay_2                 0x08004da8   Section        0  fee_function.o(i.reset_check_xoay_tay_2)
    i.reset_chong_troi                       0x08004db4   Section        0  fee_tu_dong.o(i.reset_chong_troi)
    i.send_uart                              0x08004dd8   Section        0  fee_uart.o(i.send_uart)
    i.tinh_vi_tri_tay_xoay                   0x08004dec   Section        0  fee_tu_dong.o(i.tinh_vi_tri_tay_xoay)
    i.trang_thai_init                        0x08004e50   Section        0  fee_robot.o(i.trang_thai_init)
    i.tu_dong_1                              0x08004f0c   Section        0  fee_tu_dong.o(i.tu_dong_1)
    i.tu_dong_2                              0x08004f70   Section        0  fee_tu_dong.o(i.tu_dong_2)
    i.tu_dong_3                              0x08004ff8   Section        0  fee_tu_dong.o(i.tu_dong_3)
    i.tu_dong_4                              0x08005068   Section        0  fee_tu_dong.o(i.tu_dong_4)
    i.tu_dong_5                              0x080050cc   Section        0  fee_tu_dong.o(i.tu_dong_5)
    i.tu_dong_6                              0x08005190   Section        0  fee_tu_dong.o(i.tu_dong_6)
    i.tu_dong_init                           0x080051f4   Section        0  fee_robot.o(i.tu_dong_init)
    i.uxListRemove                           0x08005254   Section        0  list.o(i.uxListRemove)
    i.vApplicationGetIdleTaskMemory          0x0800527c   Section        0  freertos.o(i.vApplicationGetIdleTaskMemory)
    i.vListInitialise                        0x08005294   Section        0  list.o(i.vListInitialise)
    i.vListInitialiseItem                    0x080052ae   Section        0  list.o(i.vListInitialiseItem)
    i.vListInsert                            0x080052b4   Section        0  list.o(i.vListInsert)
    i.vListInsertEnd                         0x080052e8   Section        0  list.o(i.vListInsertEnd)
    i.vPortEnterCritical                     0x08005300   Section        0  port.o(i.vPortEnterCritical)
    i.vPortExitCritical                      0x08005354   Section        0  port.o(i.vPortExitCritical)
    i.vPortFree                              0x08005390   Section        0  heap_4.o(i.vPortFree)
    i.vPortSetupTimerInterrupt               0x08005424   Section        0  port.o(i.vPortSetupTimerInterrupt)
    i.vTaskDelay                             0x0800544c   Section        0  tasks.o(i.vTaskDelay)
    i.vTaskStartScheduler                    0x080054a8   Section        0  tasks.o(i.vTaskStartScheduler)
    i.vTaskSuspendAll                        0x08005558   Section        0  tasks.o(i.vTaskSuspendAll)
    i.vTaskSwitchContext                     0x08005568   Section        0  tasks.o(i.vTaskSwitchContext)
    i.xPortStartScheduler                    0x080055f4   Section        0  port.o(i.xPortStartScheduler)
    i.xPortSysTickHandler                    0x080056ec   Section        0  port.o(i.xPortSysTickHandler)
    i.xTaskCreate                            0x08005720   Section        0  tasks.o(i.xTaskCreate)
    i.xTaskCreateStatic                      0x08005784   Section        0  tasks.o(i.xTaskCreateStatic)
    i.xTaskGetSchedulerState                 0x0800583c   Section        0  tasks.o(i.xTaskGetSchedulerState)
    i.xTaskGetTickCount                      0x0800585c   Section        0  tasks.o(i.xTaskGetTickCount)
    i.xTaskIncrementTick                     0x08005868   Section        0  tasks.o(i.xTaskIncrementTick)
    i.xTaskResumeAll                         0x080059b0   Section        0  tasks.o(i.xTaskResumeAll)
    i.xoay_chong_troi                        0x08005ab4   Section        0  fee_tu_dong.o(i.xoay_chong_troi)
    i.xoay_phai                              0x08005b6c   Section        0  fee_function.o(i.xoay_phai)
    i.xoay_trai                              0x08005ba4   Section        0  fee_function.o(i.xoay_trai)
    x$fpl$ffix                               0x08005bdc   Section       54  ffix.o(x$fpl$ffix)
    x$fpl$fmul                               0x08005c14   Section      258  fmul.o(x$fpl$fmul)
    x$fpl$fnaninf                            0x08005d16   Section      140  fnaninf.o(x$fpl$fnaninf)
    x$fpl$fretinf                            0x08005da2   Section       10  fretinf.o(x$fpl$fretinf)
    .constdata                               0x08005dac   Section      112  main.o(.constdata)
    x$fpl$usenofp                            0x08005dac   Section        0  usenofp.o(x$fpl$usenofp)
    .constdata                               0x08005e1c   Section       18  stm32f1xx_hal_rcc.o(.constdata)
    aPLLMULFactorTable                       0x08005e1c   Data          16  stm32f1xx_hal_rcc.o(.constdata)
    aPredivFactorTable                       0x08005e2c   Data           2  stm32f1xx_hal_rcc.o(.constdata)
    .constdata                               0x08005e2e   Section       24  system_stm32f1xx.o(.constdata)
    .conststring                             0x08005e48   Section       48  main.o(.conststring)
    .data                                    0x20000000   Section       16  main.o(.data)
    .data                                    0x20000010   Section        9  stm32f1xx_hal.o(.data)
    .data                                    0x2000001c   Section        4  system_stm32f1xx.o(.data)
    .data                                    0x20000020   Section       60  tasks.o(.data)
    pxDelayedTaskList                        0x20000024   Data           4  tasks.o(.data)
    pxOverflowDelayedTaskList                0x20000028   Data           4  tasks.o(.data)
    uxDeletedTasksWaitingCleanUp             0x2000002c   Data           4  tasks.o(.data)
    uxCurrentNumberOfTasks                   0x20000030   Data           4  tasks.o(.data)
    xTickCount                               0x20000034   Data           4  tasks.o(.data)
    uxTopReadyPriority                       0x20000038   Data           4  tasks.o(.data)
    xSchedulerRunning                        0x2000003c   Data           4  tasks.o(.data)
    uxPendedTicks                            0x20000040   Data           4  tasks.o(.data)
    xYieldPending                            0x20000044   Data           4  tasks.o(.data)
    xNumOfOverflows                          0x20000048   Data           4  tasks.o(.data)
    uxTaskNumber                             0x2000004c   Data           4  tasks.o(.data)
    xNextTaskUnblockTime                     0x20000050   Data           4  tasks.o(.data)
    xIdleTaskHandle                          0x20000054   Data           4  tasks.o(.data)
    uxSchedulerSuspended                     0x20000058   Data           4  tasks.o(.data)
    .data                                    0x2000005c   Section       24  heap_4.o(.data)
    xStart                                   0x2000005c   Data           8  heap_4.o(.data)
    pxEnd                                    0x20000064   Data           4  heap_4.o(.data)
    xFreeBytesRemaining                      0x20000068   Data           4  heap_4.o(.data)
    xMinimumEverFreeBytesRemaining           0x2000006c   Data           4  heap_4.o(.data)
    xBlockAllocatedBit                       0x20000070   Data           4  heap_4.o(.data)
    .data                                    0x20000074   Section       12  port.o(.data)
    uxCriticalNesting                        0x20000074   Data           4  port.o(.data)
    ucMaxSysCallPriority                     0x20000078   Data           1  port.o(.data)
    ulMaxPRIGROUPValue                       0x2000007c   Data           4  port.o(.data)
    .data                                    0x20000080   Section        4  fee_rtos.o(.data)
    .data                                    0x20000084   Section        4  fee_uart.o(.data)
    .data                                    0x20000088   Section       18  fee_pes_control.o(.data)
    fistConnected                            0x20000090   Data           1  fee_pes_control.o(.data)
    byHeadIsTrue                             0x20000091   Data           1  fee_pes_control.o(.data)
    i_pes                                    0x20000092   Data           1  fee_pes_control.o(.data)
    pesBuff                                  0x20000093   Data           7  fee_pes_control.o(.data)
    .data                                    0x2000009a   Section        2  fee_robot.o(.data)
    .data                                    0x2000009c   Section        1  fee_thread4.o(.data)
    .data                                    0x2000009d   Section        1  fee_function.o(.data)
    .bss                                     0x200000a0   Section      488  main.o(.bss)
    .bss                                     0x20000288   Section      596  freertos.o(.bss)
    xIdleTaskTCBBuffer                       0x20000288   Data          84  freertos.o(.bss)
    xIdleStack                               0x200002dc   Data         512  freertos.o(.bss)
    .bss                                     0x200004dc   Section      240  tasks.o(.bss)
    pxReadyTasksLists                        0x200004dc   Data         140  tasks.o(.bss)
    xDelayedTaskList1                        0x20000568   Data          20  tasks.o(.bss)
    xDelayedTaskList2                        0x2000057c   Data          20  tasks.o(.bss)
    xPendingReadyList                        0x20000590   Data          20  tasks.o(.bss)
    xTasksWaitingTermination                 0x200005a4   Data          20  tasks.o(.bss)
    xSuspendedTaskList                       0x200005b8   Data          20  tasks.o(.bss)
    .bss                                     0x200005cc   Section    15360  heap_4.o(.bss)
    ucHeap                                   0x200005cc   Data       15360  heap_4.o(.bss)
    .bss                                     0x200041d0   Section     1096  fee_rtos.o(.bss)
    .bss                                     0x20004618   Section       96  libspace.o(.bss)
    HEAP                                     0x20004678   Section      512  startup_stm32f103xb.o(HEAP)
    Heap_Mem                                 0x20004678   Data         512  startup_stm32f103xb.o(HEAP)
    STACK                                    0x20004878   Section     1024  startup_stm32f103xb.o(STACK)
    Stack_Mem                                0x20004878   Data        1024  startup_stm32f103xb.o(STACK)
    __initial_sp                             0x20004c78   Data           0  startup_stm32f103xb.o(STACK)

    Global Symbols

    Symbol Name                              Value     Ov Type        Size  Object(Section)

    BuildAttributes$$THM_ISAv4$P$D$K$B$S$PE$A:L22UL41UL21$X:L11$S22US41US21$IEEE1$IW$USESV6$~STKCKD$USESV7$~SHL$OTIME$ROPI$IEEEJ$EBA8$UX$STANDARDLIB$REQ8$PRES8$EABIv2 0x00000000   Number         0  anon$$obj.o ABSOLUTE
    __ARM_use_no_argv                        0x00000000   Number         0  main.o ABSOLUTE
    _printf_flags                            0x00000000   Number         0  printf_stubs.o ABSOLUTE
    _printf_return_value                     0x00000000   Number         0  printf_stubs.o ABSOLUTE
    _printf_sizespec                         0x00000000   Number         0  printf_stubs.o ABSOLUTE
    _printf_widthprec                        0x00000000   Number         0  printf_stubs.o ABSOLUTE
    __ARM_exceptions_init                     - Undefined Weak Reference
    __alloca_initialize                       - Undefined Weak Reference
    __arm_fini_                               - Undefined Weak Reference
    __arm_preinit_                            - Undefined Weak Reference
    __cpp_initialize__aeabi_                  - Undefined Weak Reference
    __cxa_finalize                            - Undefined Weak Reference
    __sigvec_lookup                           - Undefined Weak Reference
    _atexit_init                              - Undefined Weak Reference
    _call_atexit_fns                          - Undefined Weak Reference
    _clock_init                               - Undefined Weak Reference
    _fp_trap_init                             - Undefined Weak Reference
    _fp_trap_shutdown                         - Undefined Weak Reference
    _get_lc_collate                           - Undefined Weak Reference
    _get_lc_monetary                          - Undefined Weak Reference
    _get_lc_time                              - Undefined Weak Reference
    _getenv_init                              - Undefined Weak Reference
    _handle_redirection                       - Undefined Weak Reference
    _init_alloc                               - Undefined Weak Reference
    _init_user_alloc                          - Undefined Weak Reference
    _initio                                   - Undefined Weak Reference
    _printf_mbtowc                            - Undefined Weak Reference
    _printf_wc                                - Undefined Weak Reference
    _rand_init                                - Undefined Weak Reference
    _signal_finish                            - Undefined Weak Reference
    _signal_init                              - Undefined Weak Reference
    _terminate_alloc                          - Undefined Weak Reference
    _terminate_user_alloc                     - Undefined Weak Reference
    _terminateio                              - Undefined Weak Reference
    __Vectors_Size                           0x000000ec   Number         0  startup_stm32f103xb.o ABSOLUTE
    __Vectors                                0x08000000   Data           4  startup_stm32f103xb.o(RESET)
    __Vectors_End                            0x080000ec   Data           0  startup_stm32f103xb.o(RESET)
    __main                                   0x080000ed   Thumb Code     8  __main.o(!!!main)
    __scatterload                            0x080000f5   Thumb Code     0  __scatter.o(!!!scatter)
    __scatterload_rt2                        0x080000f5   Thumb Code    44  __scatter.o(!!!scatter)
    __scatterload_rt2_thumb_only             0x080000f5   Thumb Code     0  __scatter.o(!!!scatter)
    __scatterload_null                       0x08000103   Thumb Code     0  __scatter.o(!!!scatter)
    __scatterload_copy                       0x08000129   Thumb Code    26  __scatter_copy.o(!!handler_copy)
    __scatterload_zeroinit                   0x08000145   Thumb Code    28  __scatter_zi.o(!!handler_zi)
    __rt_lib_init                            0x08000161   Thumb Code     0  libinit.o(.ARM.Collect$$libinit$$00000000)
    __rt_lib_init_alloca_1                   0x08000163   Thumb Code     0  libinit2.o(.ARM.Collect$$libinit$$0000002E)
    __rt_lib_init_argv_1                     0x08000163   Thumb Code     0  libinit2.o(.ARM.Collect$$libinit$$0000002C)
    __rt_lib_init_atexit_1                   0x08000163   Thumb Code     0  libinit2.o(.ARM.Collect$$libinit$$0000001B)
    __rt_lib_init_clock_1                    0x08000163   Thumb Code     0  libinit2.o(.ARM.Collect$$libinit$$00000021)
    __rt_lib_init_cpp_1                      0x08000163   Thumb Code     0  libinit2.o(.ARM.Collect$$libinit$$00000032)
    __rt_lib_init_exceptions_1               0x08000163   Thumb Code     0  libinit2.o(.ARM.Collect$$libinit$$00000030)
    __rt_lib_init_fp_1                       0x08000163   Thumb Code     0  libinit2.o(.ARM.Collect$$libinit$$00000002)
    __rt_lib_init_fp_trap_1                  0x08000163   Thumb Code     0  libinit2.o(.ARM.Collect$$libinit$$0000001F)
    __rt_lib_init_getenv_1                   0x08000163   Thumb Code     0  libinit2.o(.ARM.Collect$$libinit$$00000023)
    __rt_lib_init_heap_1                     0x08000163   Thumb Code     0  libinit2.o(.ARM.Collect$$libinit$$0000000A)
    __rt_lib_init_lc_collate_1               0x08000163   Thumb Code     0  libinit2.o(.ARM.Collect$$libinit$$00000011)
    __rt_lib_init_lc_ctype_1                 0x08000163   Thumb Code     0  libinit2.o(.ARM.Collect$$libinit$$00000013)
    __rt_lib_init_lc_monetary_1              0x08000163   Thumb Code     0  libinit2.o(.ARM.Collect$$libinit$$00000015)
    __rt_lib_init_lc_numeric_1               0x08000163   Thumb Code     0  libinit2.o(.ARM.Collect$$libinit$$00000017)
    __rt_lib_init_lc_time_1                  0x08000163   Thumb Code     0  libinit2.o(.ARM.Collect$$libinit$$00000019)
    __rt_lib_init_preinit_1                  0x08000163   Thumb Code     0  libinit2.o(.ARM.Collect$$libinit$$00000004)
    __rt_lib_init_rand_1                     0x08000163   Thumb Code     0  libinit2.o(.ARM.Collect$$libinit$$0000000E)
    __rt_lib_init_return                     0x08000163   Thumb Code     0  libinit2.o(.ARM.Collect$$libinit$$00000033)
    __rt_lib_init_signal_1                   0x08000163   Thumb Code     0  libinit2.o(.ARM.Collect$$libinit$$0000001D)
    __rt_lib_init_stdio_1                    0x08000163   Thumb Code     0  libinit2.o(.ARM.Collect$$libinit$$00000025)
    __rt_lib_init_user_alloc_1               0x08000163   Thumb Code     0  libinit2.o(.ARM.Collect$$libinit$$0000000C)
    __rt_lib_shutdown                        0x08000165   Thumb Code     0  libshutdown.o(.ARM.Collect$$libshutdown$$00000000)
    __rt_lib_shutdown_cpp_1                  0x08000167   Thumb Code     0  libshutdown2.o(.ARM.Collect$$libshutdown$$00000004)
    __rt_lib_shutdown_fini_1                 0x08000167   Thumb Code     0  libshutdown2.o(.ARM.Collect$$libshutdown$$00000002)
    __rt_lib_shutdown_fp_trap_1              0x08000167   Thumb Code     0  libshutdown2.o(.ARM.Collect$$libshutdown$$00000009)
    __rt_lib_shutdown_heap_1                 0x08000167   Thumb Code     0  libshutdown2.o(.ARM.Collect$$libshutdown$$00000011)
    __rt_lib_shutdown_return                 0x08000167   Thumb Code     0  libshutdown2.o(.ARM.Collect$$libshutdown$$00000012)
    __rt_lib_shutdown_signal_1               0x08000167   Thumb Code     0  libshutdown2.o(.ARM.Collect$$libshutdown$$0000000C)
    __rt_lib_shutdown_stdio_1                0x08000167   Thumb Code     0  libshutdown2.o(.ARM.Collect$$libshutdown$$00000006)
    __rt_lib_shutdown_user_alloc_1           0x08000167   Thumb Code     0  libshutdown2.o(.ARM.Collect$$libshutdown$$0000000E)
    __rt_entry                               0x08000169   Thumb Code     0  __rtentry.o(.ARM.Collect$$rtentry$$00000000)
    __rt_entry_presh_1                       0x08000169   Thumb Code     0  __rtentry2.o(.ARM.Collect$$rtentry$$00000002)
    __rt_entry_sh                            0x08000169   Thumb Code     0  __rtentry4.o(.ARM.Collect$$rtentry$$00000004)
    __rt_entry_li                            0x0800016f   Thumb Code     0  __rtentry2.o(.ARM.Collect$$rtentry$$0000000A)
    __rt_entry_postsh_1                      0x0800016f   Thumb Code     0  __rtentry2.o(.ARM.Collect$$rtentry$$00000009)
    __rt_entry_main                          0x08000173   Thumb Code     0  __rtentry2.o(.ARM.Collect$$rtentry$$0000000D)
    __rt_entry_postli_1                      0x08000173   Thumb Code     0  __rtentry2.o(.ARM.Collect$$rtentry$$0000000C)
    __rt_exit                                0x0800017b   Thumb Code     0  rtexit.o(.ARM.Collect$$rtexit$$00000000)
    __rt_exit_ls                             0x0800017d   Thumb Code     0  rtexit2.o(.ARM.Collect$$rtexit$$00000003)
    __rt_exit_prels_1                        0x0800017d   Thumb Code     0  rtexit2.o(.ARM.Collect$$rtexit$$00000002)
    __rt_exit_exit                           0x08000181   Thumb Code     0  rtexit2.o(.ARM.Collect$$rtexit$$00000004)
    SVC_Handler                              0x08000189   Thumb Code    32  port.o(.emb_text)
    __asm___6_port_c_39a90d8d__prvStartFirstTask 0x080001ad   Thumb Code    28  port.o(.emb_text)
    PendSV_Handler                           0x080001cd   Thumb Code    72  port.o(.emb_text)
    vPortGetIPSR                             0x08000219   Thumb Code     6  port.o(.emb_text)
    Reset_Handler                            0x08000221   Thumb Code     8  startup_stm32f103xb.o(.text)
    ADC1_2_IRQHandler                        0x0800023b   Thumb Code     0  startup_stm32f103xb.o(.text)
    CAN1_RX1_IRQHandler                      0x0800023b   Thumb Code     0  startup_stm32f103xb.o(.text)
    CAN1_SCE_IRQHandler                      0x0800023b   Thumb Code     0  startup_stm32f103xb.o(.text)
    DMA1_Channel2_IRQHandler                 0x0800023b   Thumb Code     0  startup_stm32f103xb.o(.text)
    DMA1_Channel3_IRQHandler                 0x0800023b   Thumb Code     0  startup_stm32f103xb.o(.text)
    DMA1_Channel4_IRQHandler                 0x0800023b   Thumb Code     0  startup_stm32f103xb.o(.text)
    DMA1_Channel5_IRQHandler                 0x0800023b   Thumb Code     0  startup_stm32f103xb.o(.text)
    DMA1_Channel6_IRQHandler                 0x0800023b   Thumb Code     0  startup_stm32f103xb.o(.text)
    DMA1_Channel7_IRQHandler                 0x0800023b   Thumb Code     0  startup_stm32f103xb.o(.text)
    EXTI0_IRQHandler                         0x0800023b   Thumb Code     0  startup_stm32f103xb.o(.text)
    EXTI1_IRQHandler                         0x0800023b   Thumb Code     0  startup_stm32f103xb.o(.text)
    EXTI2_IRQHandler                         0x0800023b   Thumb Code     0  startup_stm32f103xb.o(.text)
    FLASH_IRQHandler                         0x0800023b   Thumb Code     0  startup_stm32f103xb.o(.text)
    I2C1_ER_IRQHandler                       0x0800023b   Thumb Code     0  startup_stm32f103xb.o(.text)
    I2C1_EV_IRQHandler                       0x0800023b   Thumb Code     0  startup_stm32f103xb.o(.text)
    I2C2_ER_IRQHandler                       0x0800023b   Thumb Code     0  startup_stm32f103xb.o(.text)
    I2C2_EV_IRQHandler                       0x0800023b   Thumb Code     0  startup_stm32f103xb.o(.text)
    PVD_IRQHandler                           0x0800023b   Thumb Code     0  startup_stm32f103xb.o(.text)
    RCC_IRQHandler                           0x0800023b   Thumb Code     0  startup_stm32f103xb.o(.text)
    RTC_Alarm_IRQHandler                     0x0800023b   Thumb Code     0  startup_stm32f103xb.o(.text)
    RTC_IRQHandler                           0x0800023b   Thumb Code     0  startup_stm32f103xb.o(.text)
    SPI1_IRQHandler                          0x0800023b   Thumb Code     0  startup_stm32f103xb.o(.text)
    SPI2_IRQHandler                          0x0800023b   Thumb Code     0  startup_stm32f103xb.o(.text)
    TAMPER_IRQHandler                        0x0800023b   Thumb Code     0  startup_stm32f103xb.o(.text)
    TIM1_BRK_IRQHandler                      0x0800023b   Thumb Code     0  startup_stm32f103xb.o(.text)
    TIM1_CC_IRQHandler                       0x0800023b   Thumb Code     0  startup_stm32f103xb.o(.text)
    TIM1_TRG_COM_IRQHandler                  0x0800023b   Thumb Code     0  startup_stm32f103xb.o(.text)
    TIM1_UP_IRQHandler                       0x0800023b   Thumb Code     0  startup_stm32f103xb.o(.text)
    TIM3_IRQHandler                          0x0800023b   Thumb Code     0  startup_stm32f103xb.o(.text)
    TIM4_IRQHandler                          0x0800023b   Thumb Code     0  startup_stm32f103xb.o(.text)
    USART2_IRQHandler                        0x0800023b   Thumb Code     0  startup_stm32f103xb.o(.text)
    USBWakeUp_IRQHandler                     0x0800023b   Thumb Code     0  startup_stm32f103xb.o(.text)
    USB_HP_CAN1_TX_IRQHandler                0x0800023b   Thumb Code     0  startup_stm32f103xb.o(.text)
    USB_LP_CAN1_RX0_IRQHandler               0x0800023b   Thumb Code     0  startup_stm32f103xb.o(.text)
    WWDG_IRQHandler                          0x0800023b   Thumb Code     0  startup_stm32f103xb.o(.text)
    __user_initial_stackheap                 0x0800023d   Thumb Code     0  startup_stm32f103xb.o(.text)
    __aeabi_memcpy4                          0x08000261   Thumb Code     0  rt_memcpy_w.o(.text)
    __aeabi_memcpy8                          0x08000261   Thumb Code     0  rt_memcpy_w.o(.text)
    __rt_memcpy_w                            0x08000261   Thumb Code   100  rt_memcpy_w.o(.text)
    _memcpy_lastbytes_aligned                0x080002a9   Thumb Code     0  rt_memcpy_w.o(.text)
    __aeabi_memclr4                          0x080002c5   Thumb Code     0  rt_memclr_w.o(.text)
    __aeabi_memclr8                          0x080002c5   Thumb Code     0  rt_memclr_w.o(.text)
    __rt_memclr_w                            0x080002c5   Thumb Code    78  rt_memclr_w.o(.text)
    _memset_w                                0x080002c9   Thumb Code     0  rt_memclr_w.o(.text)
    __use_two_region_memory                  0x08000313   Thumb Code     2  heapauxi.o(.text)
    __rt_heap_escrow$2region                 0x08000315   Thumb Code     2  heapauxi.o(.text)
    __rt_heap_expand$2region                 0x08000317   Thumb Code     2  heapauxi.o(.text)
    __user_setup_stackheap                   0x08000319   Thumb Code    74  sys_stackheap_outer.o(.text)
    exit                                     0x08000363   Thumb Code    18  exit.o(.text)
    __user_libspace                          0x08000375   Thumb Code     8  libspace.o(.text)
    __user_perproc_libspace                  0x08000375   Thumb Code     0  libspace.o(.text)
    __user_perthread_libspace                0x08000375   Thumb Code     0  libspace.o(.text)
    _sys_exit                                0x0800037d   Thumb Code     8  sys_exit.o(.text)
    __I$use$semihosting                      0x08000389   Thumb Code     0  use_no_semi.o(.text)
    __use_no_semihosting_swi                 0x08000389   Thumb Code     2  use_no_semi.o(.text)
    ADC_ConversionStop_Disable               0x0800038b   Thumb Code    92  stm32f1xx_hal_adc.o(i.ADC_ConversionStop_Disable)
    __semihosting_library_function           0x0800038b   Thumb Code     0  indicate_semi.o(.text)
    BusFault_Handler                         0x080003e7   Thumb Code     4  stm32f1xx_it.o(i.BusFault_Handler)
    DMA1_Channel1_IRQHandler                 0x080003ed   Thumb Code    10  stm32f1xx_it.o(i.DMA1_Channel1_IRQHandler)
    DebugMon_Handler                         0x080003fd   Thumb Code     2  stm32f1xx_it.o(i.DebugMon_Handler)
    EXTI15_10_IRQHandler                     0x080003ff   Thumb Code    12  stm32f1xx_it.o(i.EXTI15_10_IRQHandler)
    EXTI3_IRQHandler                         0x0800040b   Thumb Code    10  stm32f1xx_it.o(i.EXTI3_IRQHandler)
    EXTI4_IRQHandler                         0x08000415   Thumb Code    10  stm32f1xx_it.o(i.EXTI4_IRQHandler)
    EXTI9_5_IRQHandler                       0x0800041f   Thumb Code    10  stm32f1xx_it.o(i.EXTI9_5_IRQHandler)
    Error_Handler                            0x08000429   Thumb Code     6  main.o(i.Error_Handler)
    FEE_Data_Innit                           0x08000431   Thumb Code    38  fee_rtos.o(i.FEE_Data_Innit)
    FEE_GPIO_Innit                           0x0800045d   Thumb Code    26  fee_gpio.o(i.FEE_GPIO_Innit)
    FEE_PES_Check_Connect                    0x0800047d   Thumb Code   116  fee_pes_control.o(i.FEE_PES_Check_Connect)
    FEE_PES_Innit                            0x08000505   Thumb Code    58  fee_pes_control.o(i.FEE_PES_Innit)
    FEE_RTOS_Innit                           0x0800054d   Thumb Code    26  fee_rtos.o(i.FEE_RTOS_Innit)
    FEE_UART_Innit                           0x08000571   Thumb Code   280  fee_uart.o(i.FEE_UART_Innit)
    HAL_ADC_ConfigChannel                    0x08000691   Thumb Code   338  stm32f1xx_hal_adc.o(i.HAL_ADC_ConfigChannel)
    HAL_ADC_Init                             0x080007f1   Thumb Code   314  stm32f1xx_hal_adc.o(i.HAL_ADC_Init)
    HAL_ADC_MspInit                          0x08000935   Thumb Code   194  stm32f1xx_hal_msp.o(i.HAL_ADC_MspInit)
    HAL_DMA_Abort                            0x08000a11   Thumb Code    86  stm32f1xx_hal_dma.o(i.HAL_DMA_Abort)
    HAL_DMA_Abort_IT                         0x08000a69   Thumb Code   172  stm32f1xx_hal_dma.o(i.HAL_DMA_Abort_IT)
    HAL_DMA_IRQHandler                       0x08000b19   Thumb Code   408  stm32f1xx_hal_dma.o(i.HAL_DMA_IRQHandler)
    HAL_DMA_Init                             0x08000cb5   Thumb Code   100  stm32f1xx_hal_dma.o(i.HAL_DMA_Init)
    HAL_GPIO_EXTI_Callback                   0x08000d1d   Thumb Code  1528  fee_rtos.o(i.HAL_GPIO_EXTI_Callback)
    HAL_GPIO_EXTI_IRQHandler                 0x08001329   Thumb Code    24  stm32f1xx_hal_gpio.o(i.HAL_GPIO_EXTI_IRQHandler)
    HAL_GPIO_Init                            0x08001345   Thumb Code   766  stm32f1xx_hal_gpio.o(i.HAL_GPIO_Init)
    HAL_GPIO_ReadPin                         0x08001665   Thumb Code    16  stm32f1xx_hal_gpio.o(i.HAL_GPIO_ReadPin)
    HAL_GPIO_WritePin                        0x08001675   Thumb Code    12  stm32f1xx_hal_gpio.o(i.HAL_GPIO_WritePin)
    HAL_GetTick                              0x08001681   Thumb Code     6  stm32f1xx_hal.o(i.HAL_GetTick)
    HAL_I2C_Init                             0x0800168d   Thumb Code   446  stm32f1xx_hal_i2c.o(i.HAL_I2C_Init)
    HAL_I2C_MspInit                          0x0800185d   Thumb Code   104  stm32f1xx_hal_msp.o(i.HAL_I2C_MspInit)
    HAL_IncTick                              0x080018d1   Thumb Code    16  stm32f1xx_hal.o(i.HAL_IncTick)
    HAL_Init                                 0x080018e9   Thumb Code    34  stm32f1xx_hal.o(i.HAL_Init)
    HAL_InitTick                             0x08001911   Thumb Code    64  stm32f1xx_hal.o(i.HAL_InitTick)
    HAL_MspInit                              0x0800195d   Thumb Code    86  stm32f1xx_hal_msp.o(i.HAL_MspInit)
    HAL_NVIC_EnableIRQ                       0x080019bd   Thumb Code    32  stm32f1xx_hal_cortex.o(i.HAL_NVIC_EnableIRQ)
    HAL_NVIC_SetPriority                     0x080019dd   Thumb Code   124  stm32f1xx_hal_cortex.o(i.HAL_NVIC_SetPriority)
    HAL_NVIC_SetPriorityGrouping             0x08001a59   Thumb Code    32  stm32f1xx_hal_cortex.o(i.HAL_NVIC_SetPriorityGrouping)
    HAL_NVIC_SystemReset                     0x08001a81   Thumb Code    60  stm32f1xx_hal_cortex.o(i.HAL_NVIC_SystemReset)
    HAL_RCCEx_PeriphCLKConfig                0x08001ac5   Thumb Code   290  stm32f1xx_hal_rcc_ex.o(i.HAL_RCCEx_PeriphCLKConfig)
    HAL_RCC_ClockConfig                      0x08001bf5   Thumb Code   376  stm32f1xx_hal_rcc.o(i.HAL_RCC_ClockConfig)
    HAL_RCC_GetHCLKFreq                      0x08001d81   Thumb Code     6  stm32f1xx_hal_rcc.o(i.HAL_RCC_GetHCLKFreq)
    HAL_RCC_GetPCLK1Freq                     0x08001d8d   Thumb Code    22  stm32f1xx_hal_rcc.o(i.HAL_RCC_GetPCLK1Freq)
    HAL_RCC_GetPCLK2Freq                     0x08001dad   Thumb Code    22  stm32f1xx_hal_rcc.o(i.HAL_RCC_GetPCLK2Freq)
    HAL_RCC_GetSysClockFreq                  0x08001dcd   Thumb Code    92  stm32f1xx_hal_rcc.o(i.HAL_RCC_GetSysClockFreq)
    HAL_RCC_OscConfig                        0x08001e3d   Thumb Code  1114  stm32f1xx_hal_rcc.o(i.HAL_RCC_OscConfig)
    HAL_SYSTICK_Config                       0x080022a1   Thumb Code    52  stm32f1xx_hal_cortex.o(i.HAL_SYSTICK_Config)
    HAL_TIMEx_BreakCallback                  0x080022d5   Thumb Code     2  stm32f1xx_hal_tim_ex.o(i.HAL_TIMEx_BreakCallback)
    HAL_TIMEx_CommutCallback                 0x080022d7   Thumb Code     2  stm32f1xx_hal_tim_ex.o(i.HAL_TIMEx_CommutCallback)
    HAL_TIMEx_MasterConfigSynchronization    0x080022d9   Thumb Code   118  stm32f1xx_hal_tim_ex.o(i.HAL_TIMEx_MasterConfigSynchronization)
    HAL_TIM_Base_Init                        0x0800235d   Thumb Code   102  stm32f1xx_hal_tim.o(i.HAL_TIM_Base_Init)
    HAL_TIM_Base_MspInit                     0x080023c5   Thumb Code    58  stm32f1xx_hal_msp.o(i.HAL_TIM_Base_MspInit)
    HAL_TIM_ConfigClockSource                0x08002405   Thumb Code   268  stm32f1xx_hal_tim.o(i.HAL_TIM_ConfigClockSource)
    HAL_TIM_IC_CaptureCallback               0x08002511   Thumb Code     2  stm32f1xx_hal_tim.o(i.HAL_TIM_IC_CaptureCallback)
    HAL_TIM_IRQHandler                       0x08002513   Thumb Code   406  stm32f1xx_hal_tim.o(i.HAL_TIM_IRQHandler)
    HAL_TIM_OC_DelayElapsedCallback          0x080026a9   Thumb Code     2  stm32f1xx_hal_tim.o(i.HAL_TIM_OC_DelayElapsedCallback)
    HAL_TIM_PWM_PulseFinishedCallback        0x080026ab   Thumb Code     2  stm32f1xx_hal_tim.o(i.HAL_TIM_PWM_PulseFinishedCallback)
    HAL_TIM_PeriodElapsedCallback            0x080026ad   Thumb Code     2  fee_rtos.o(i.HAL_TIM_PeriodElapsedCallback)
    HAL_TIM_TriggerCallback                  0x080026af   Thumb Code     2  stm32f1xx_hal_tim.o(i.HAL_TIM_TriggerCallback)
    HAL_UARTEx_RxEventCallback               0x080026b1   Thumb Code     2  fee_rtos.o(i.HAL_UARTEx_RxEventCallback)
    HAL_UART_ErrorCallback                   0x080026b3   Thumb Code     2  stm32f1xx_hal_uart.o(i.HAL_UART_ErrorCallback)
    HAL_UART_IRQHandler                      0x080026b5   Thumb Code   736  stm32f1xx_hal_uart.o(i.HAL_UART_IRQHandler)
    HAL_UART_Init                            0x08002999   Thumb Code   118  stm32f1xx_hal_uart.o(i.HAL_UART_Init)
    HAL_UART_MspInit                         0x08002a11   Thumb Code   360  stm32f1xx_hal_msp.o(i.HAL_UART_MspInit)
    HAL_UART_Receive_IT                      0x08002b91   Thumb Code    44  stm32f1xx_hal_uart.o(i.HAL_UART_Receive_IT)
    HAL_UART_RxCpltCallback                  0x08002bbd   Thumb Code   192  fee_rtos.o(i.HAL_UART_RxCpltCallback)
    HAL_UART_Transmit                        0x08002c91   Thumb Code   178  stm32f1xx_hal_uart.o(i.HAL_UART_Transmit)
    HAL_UART_TxCpltCallback                  0x08002d43   Thumb Code     2  stm32f1xx_hal_uart.o(i.HAL_UART_TxCpltCallback)
    HardFault_Handler                        0x08002d45   Thumb Code     4  stm32f1xx_it.o(i.HardFault_Handler)
    MemManage_Handler                        0x0800310d   Thumb Code     4  stm32f1xx_it.o(i.MemManage_Handler)
    NMI_Handler                              0x08003111   Thumb Code     4  stm32f1xx_it.o(i.NMI_Handler)
    StartDefaultTask                         0x0800313d   Thumb Code    64  fee_thread1.o(i.StartDefaultTask)
    StartTask02                              0x08003181   Thumb Code    20  fee_thread2.o(i.StartTask02)
    StartTask03                              0x08003199   Thumb Code   100  fee_thread3.o(i.StartTask03)
    StartTask04                              0x08003201   Thumb Code   734  fee_thread4.o(i.StartTask04)
    SysTick_Handler                          0x080034fd   Thumb Code    20  stm32f1xx_it.o(i.SysTick_Handler)
    SystemClock_Config                       0x08003511   Thumb Code   132  main.o(i.SystemClock_Config)
    SystemInit                               0x08003595   Thumb Code     2  system_stm32f1xx.o(i.SystemInit)
    TIM2_IRQHandler                          0x08003599   Thumb Code    10  stm32f1xx_it.o(i.TIM2_IRQHandler)
    TIM_Base_SetConfig                       0x080035a9   Thumb Code   104  stm32f1xx_hal_tim.o(i.TIM_Base_SetConfig)
    TIM_ETR_SetConfig                        0x0800361d   Thumb Code    22  stm32f1xx_hal_tim.o(i.TIM_ETR_SetConfig)
    UART_Start_Receive_IT                    0x0800392d   Thumb Code    64  stm32f1xx_hal_uart.o(i.UART_Start_Receive_IT)
    USART1_IRQHandler                        0x08003a61   Thumb Code    10  stm32f1xx_it.o(i.USART1_IRQHandler)
    USART3_IRQHandler                        0x08003a71   Thumb Code    10  stm32f1xx_it.o(i.USART3_IRQHandler)
    UsageFault_Handler                       0x08003a81   Thumb Code     4  stm32f1xx_it.o(i.UsageFault_Handler)
    check_xoay_tay_1                         0x08003abd   Thumb Code    38  fee_function.o(i.check_xoay_tay_1)
    check_xoay_tay_2                         0x08003aed   Thumb Code    38  fee_function.o(i.check_xoay_tay_2)
    chong_troi                               0x08003b1d   Thumb Code   202  fee_tu_dong.o(i.chong_troi)
    configTIM1                               0x08003bf1   Thumb Code    62  fee_robot.o(i.configTIM1)
    configTIM3                               0x08003c39   Thumb Code    62  fee_robot.o(i.configTIM3)
    configTIM4                               0x08003c81   Thumb Code    60  fee_robot.o(i.configTIM4)
    control_xilanh                           0x08003cc5   Thumb Code   258  fee_function.o(i.control_xilanh)
    delayUs                                  0x08003dd5   Thumb Code    26  fee_function.o(i.delayUs)
    dong_co_init                             0x08003df5   Thumb Code    50  fee_robot.o(i.dong_co_init)
    ha_canh_tay                              0x08003e2d   Thumb Code    16  fee_function.o(i.ha_canh_tay)
    ham_lai_tay                              0x08003e41   Thumb Code   314  fee_lai_tay.o(i.ham_lai_tay)
    initTimers                               0x08003f89   Thumb Code    16  fee_robot.o(i.initTimers)
    kep                                      0x08003f99   Thumb Code    78  fee_function.o(i.kep)
    khoa_dc_tay                              0x08003fe9   Thumb Code    38  fee_function.o(i.khoa_dc_tay)
    khoi_tao_an_toan                         0x08004015   Thumb Code    74  fee_function.o(i.khoi_tao_an_toan)
    khoi_tao_kep_lua                         0x08004065   Thumb Code    74  fee_function.o(i.khoi_tao_kep_lua)
    khoi_tao_tu_dong                         0x080040b5   Thumb Code   210  fee_function.o(i.khoi_tao_tu_dong)
    lai_tay_init                             0x08004199   Thumb Code    62  fee_robot.o(i.lai_tay_init)
    main                                     0x080041e1   Thumb Code   212  main.o(i.main)
    nang_canh_tay                            0x080042d9   Thumb Code    16  fee_function.o(i.nang_canh_tay)
    nut_lai_tay                              0x080042ed   Thumb Code   808  fee_lai_tay.o(i.nut_lai_tay)
    osDelay                                  0x08004619   Thumb Code    24  cmsis_os.o(i.osDelay)
    osKernelStart                            0x08004631   Thumb Code    10  cmsis_os.o(i.osKernelStart)
    osThreadCreate                           0x0800463b   Thumb Code    94  cmsis_os.o(i.osThreadCreate)
    pes_uart_event_handle                    0x08004699   Thumb Code   180  fee_pes_control.o(i.pes_uart_event_handle)
    pid_dc1                                  0x08004765   Thumb Code    32  fee_uart.o(i.pid_dc1)
    pid_dc2                                  0x08004785   Thumb Code    32  fee_uart.o(i.pid_dc2)
    pid_dc3                                  0x080047a5   Thumb Code    32  fee_uart.o(i.pid_dc3)
    pvPortMalloc                             0x08004c3d   Thumb Code   296  heap_4.o(i.pvPortMalloc)
    pxPortInitialiseStack                    0x08004d79   Thumb Code    30  port.o(i.pxPortInitialiseStack)
    reset_check_xoay_tay_1                   0x08004d9d   Thumb Code     8  fee_function.o(i.reset_check_xoay_tay_1)
    reset_check_xoay_tay_2                   0x08004da9   Thumb Code     8  fee_function.o(i.reset_check_xoay_tay_2)
    reset_chong_troi                         0x08004db5   Thumb Code    30  fee_tu_dong.o(i.reset_chong_troi)
    send_uart                                0x08004dd9   Thumb Code    16  fee_uart.o(i.send_uart)
    tinh_vi_tri_tay_xoay                     0x08004ded   Thumb Code    96  fee_tu_dong.o(i.tinh_vi_tri_tay_xoay)
    trang_thai_init                          0x08004e51   Thumb Code   180  fee_robot.o(i.trang_thai_init)
    tu_dong_1                                0x08004f0d   Thumb Code    96  fee_tu_dong.o(i.tu_dong_1)
    tu_dong_2                                0x08004f71   Thumb Code   120  fee_tu_dong.o(i.tu_dong_2)
    tu_dong_3                                0x08004ff9   Thumb Code   106  fee_tu_dong.o(i.tu_dong_3)
    tu_dong_4                                0x08005069   Thumb Code    96  fee_tu_dong.o(i.tu_dong_4)
    tu_dong_5                                0x080050cd   Thumb Code   180  fee_tu_dong.o(i.tu_dong_5)
    tu_dong_6                                0x08005191   Thumb Code    96  fee_tu_dong.o(i.tu_dong_6)
    tu_dong_init                             0x080051f5   Thumb Code    88  fee_robot.o(i.tu_dong_init)
    uxListRemove                             0x08005255   Thumb Code    40  list.o(i.uxListRemove)
    vApplicationGetIdleTaskMemory            0x0800527d   Thumb Code    14  freertos.o(i.vApplicationGetIdleTaskMemory)
    vListInitialise                          0x08005295   Thumb Code    26  list.o(i.vListInitialise)
    vListInitialiseItem                      0x080052af   Thumb Code     6  list.o(i.vListInitialiseItem)
    vListInsert                              0x080052b5   Thumb Code    52  list.o(i.vListInsert)
    vListInsertEnd                           0x080052e9   Thumb Code    24  list.o(i.vListInsertEnd)
    vPortEnterCritical                       0x08005301   Thumb Code    76  port.o(i.vPortEnterCritical)
    vPortExitCritical                        0x08005355   Thumb Code    56  port.o(i.vPortExitCritical)
    vPortFree                                0x08005391   Thumb Code   140  heap_4.o(i.vPortFree)
    vPortSetupTimerInterrupt                 0x08005425   Thumb Code    36  port.o(i.vPortSetupTimerInterrupt)
    vTaskDelay                               0x0800544d   Thumb Code    82  tasks.o(i.vTaskDelay)
    vTaskStartScheduler                      0x080054a9   Thumb Code   146  tasks.o(i.vTaskStartScheduler)
    vTaskSuspendAll                          0x08005559   Thumb Code    12  tasks.o(i.vTaskSuspendAll)
    vTaskSwitchContext                       0x08005569   Thumb Code   118  tasks.o(i.vTaskSwitchContext)
    xPortStartScheduler                      0x080055f5   Thumb Code   228  port.o(i.xPortStartScheduler)
    xPortSysTickHandler                      0x080056ed   Thumb Code    46  port.o(i.xPortSysTickHandler)
    xTaskCreate                              0x08005721   Thumb Code   100  tasks.o(i.xTaskCreate)
    xTaskCreateStatic                        0x08005785   Thumb Code   184  tasks.o(i.xTaskCreateStatic)
    xTaskGetSchedulerState                   0x0800583d   Thumb Code    24  tasks.o(i.xTaskGetSchedulerState)
    xTaskGetTickCount                        0x0800585d   Thumb Code     6  tasks.o(i.xTaskGetTickCount)
    xTaskIncrementTick                       0x08005869   Thumb Code   282  tasks.o(i.xTaskIncrementTick)
    xTaskResumeAll                           0x080059b1   Thumb Code   224  tasks.o(i.xTaskResumeAll)
    xoay_chong_troi                          0x08005ab5   Thumb Code   180  fee_tu_dong.o(i.xoay_chong_troi)
    xoay_phai                                0x08005b6d   Thumb Code    50  fee_function.o(i.xoay_phai)
    xoay_trai                                0x08005ba5   Thumb Code    50  fee_function.o(i.xoay_trai)
    __aeabi_f2iz                             0x08005bdd   Thumb Code     0  ffix.o(x$fpl$ffix)
    _ffix                                    0x08005bdd   Thumb Code    54  ffix.o(x$fpl$ffix)
    __aeabi_fmul                             0x08005c15   Thumb Code     0  fmul.o(x$fpl$fmul)
    _fmul                                    0x08005c15   Thumb Code   258  fmul.o(x$fpl$fmul)
    __fpl_fnaninf                            0x08005d17   Thumb Code   140  fnaninf.o(x$fpl$fnaninf)
    __fpl_fretinf                            0x08005da3   Thumb Code    10  fretinf.o(x$fpl$fretinf)
    __I$use$fp                               0x08005dac   Number         0  usenofp.o(x$fpl$usenofp)
    AHBPrescTable                            0x08005e2e   Data          16  system_stm32f1xx.o(.constdata)
    APBPrescTable                            0x08005e3e   Data           8  system_stm32f1xx.o(.constdata)
    Region$$Table$$Base                      0x08005e78   Number         0  anon$$obj.o(Region$$Table)
    Region$$Table$$Limit                     0x08005e98   Number         0  anon$$obj.o(Region$$Table)
    defaultTaskHandle                        0x20000000   Data           4  main.o(.data)
    myTask02Handle                           0x20000004   Data           4  main.o(.data)
    myTask03Handle                           0x20000008   Data           4  main.o(.data)
    myTask04Handle                           0x2000000c   Data           4  main.o(.data)
    uwTick                                   0x20000010   Data           4  stm32f1xx_hal.o(.data)
    uwTickPrio                               0x20000014   Data           4  stm32f1xx_hal.o(.data)
    uwTickFreq                               0x20000018   Data           1  stm32f1xx_hal.o(.data)
    SystemCoreClock                          0x2000001c   Data           4  system_stm32f1xx.o(.data)
    pxCurrentTCB                             0x20000020   Data           4  tasks.o(.data)
    khoi_tao                                 0x20000080   Data           1  fee_rtos.o(.data)
    tem                                      0x20000081   Data           1  fee_rtos.o(.data)
    dem_tay_1                                0x20000082   Data           1  fee_rtos.o(.data)
    dem_tay_2                                0x20000083   Data           1  fee_rtos.o(.data)
    pi                                       0x20000084   Data           4  fee_uart.o(.data)
    ph                                       0x20000088   Data           4  fee_pes_control.o(.data)
    UartTransmit                             0x2000008c   Data           4  fee_pes_control.o(.data)
    rx_data                                  0x2000009a   Data           1  fee_robot.o(.data)
    tx_data                                  0x2000009b   Data           1  fee_robot.o(.data)
    da_chong_troi                            0x2000009c   Data           1  fee_thread4.o(.data)
    mode_tem                                 0x2000009d   Data           1  fee_function.o(.data)
    hadc1                                    0x200000a0   Data          48  main.o(.bss)
    hdma_adc1                                0x200000d0   Data          68  main.o(.bss)
    hi2c1                                    0x20000114   Data          84  main.o(.bss)
    htim2                                    0x20000168   Data          72  main.o(.bss)
    huart1                                   0x200001b0   Data          72  main.o(.bss)
    huart2                                   0x200001f8   Data          72  main.o(.bss)
    huart3                                   0x20000240   Data          72  main.o(.bss)
    FEE_RTOS_struct                          0x200041d0   Data        1096  fee_rtos.o(.bss)
    __libspace_start                         0x20004618   Data          96  libspace.o(.bss)
    __temporary_stack_top$libspace           0x20004678   Data           0  libspace.o(.bss)



==============================================================================

Memory Map of the image

  Image Entry point : 0x080000ed

  Load Region LR_IROM1 (Base: 0x08000000, Size: 0x00005f38, Max: 0x00010000, ABSOLUTE)

    Execution Region ER_IROM1 (Exec base: 0x08000000, Load base: 0x08000000, Size: 0x00005e98, Max: 0x00010000, ABSOLUTE)

    Exec Addr    Load Addr    Size         Type   Attr      Idx    E Section Name        Object

    0x08000000   0x08000000   0x000000ec   Data   RO            3    RESET               startup_stm32f103xb.o
    0x080000ec   0x080000ec   0x00000008   Code   RO         5908  * !!!main             c_w.l(__main.o)
    0x080000f4   0x080000f4   0x00000034   Code   RO         6235    !!!scatter          c_w.l(__scatter.o)
    0x08000128   0x08000128   0x0000001a   Code   RO         6237    !!handler_copy      c_w.l(__scatter_copy.o)
    0x08000142   0x08000142   0x00000002   PAD
    0x08000144   0x08000144   0x0000001c   Code   RO         6239    !!handler_zi        c_w.l(__scatter_zi.o)
    0x08000160   0x08000160   0x00000002   Code   RO         6094    .ARM.Collect$$libinit$$00000000  c_w.l(libinit.o)
    0x08000162   0x08000162   0x00000000   Code   RO         6110    .ARM.Collect$$libinit$$00000002  c_w.l(libinit2.o)
    0x08000162   0x08000162   0x00000000   Code   RO         6112    .ARM.Collect$$libinit$$00000004  c_w.l(libinit2.o)
    0x08000162   0x08000162   0x00000000   Code   RO         6115    .ARM.Collect$$libinit$$0000000A  c_w.l(libinit2.o)
    0x08000162   0x08000162   0x00000000   Code   RO         6117    .ARM.Collect$$libinit$$0000000C  c_w.l(libinit2.o)
    0x08000162   0x08000162   0x00000000   Code   RO         6119    .ARM.Collect$$libinit$$0000000E  c_w.l(libinit2.o)
    0x08000162   0x08000162   0x00000000   Code   RO         6122    .ARM.Collect$$libinit$$00000011  c_w.l(libinit2.o)
    0x08000162   0x08000162   0x00000000   Code   RO         6124    .ARM.Collect$$libinit$$00000013  c_w.l(libinit2.o)
    0x08000162   0x08000162   0x00000000   Code   RO         6126    .ARM.Collect$$libinit$$00000015  c_w.l(libinit2.o)
    0x08000162   0x08000162   0x00000000   Code   RO         6128    .ARM.Collect$$libinit$$00000017  c_w.l(libinit2.o)
    0x08000162   0x08000162   0x00000000   Code   RO         6130    .ARM.Collect$$libinit$$00000019  c_w.l(libinit2.o)
    0x08000162   0x08000162   0x00000000   Code   RO         6132    .ARM.Collect$$libinit$$0000001B  c_w.l(libinit2.o)
    0x08000162   0x08000162   0x00000000   Code   RO         6134    .ARM.Collect$$libinit$$0000001D  c_w.l(libinit2.o)
    0x08000162   0x08000162   0x00000000   Code   RO         6136    .ARM.Collect$$libinit$$0000001F  c_w.l(libinit2.o)
    0x08000162   0x08000162   0x00000000   Code   RO         6138    .ARM.Collect$$libinit$$00000021  c_w.l(libinit2.o)
    0x08000162   0x08000162   0x00000000   Code   RO         6140    .ARM.Collect$$libinit$$00000023  c_w.l(libinit2.o)
    0x08000162   0x08000162   0x00000000   Code   RO         6142    .ARM.Collect$$libinit$$00000025  c_w.l(libinit2.o)
    0x08000162   0x08000162   0x00000000   Code   RO         6146    .ARM.Collect$$libinit$$0000002C  c_w.l(libinit2.o)
    0x08000162   0x08000162   0x00000000   Code   RO         6148    .ARM.Collect$$libinit$$0000002E  c_w.l(libinit2.o)
    0x08000162   0x08000162   0x00000000   Code   RO         6150    .ARM.Collect$$libinit$$00000030  c_w.l(libinit2.o)
    0x08000162   0x08000162   0x00000000   Code   RO         6152    .ARM.Collect$$libinit$$00000032  c_w.l(libinit2.o)
    0x08000162   0x08000162   0x00000002   Code   RO         6153    .ARM.Collect$$libinit$$00000033  c_w.l(libinit2.o)
    0x08000164   0x08000164   0x00000002   Code   RO         6173    .ARM.Collect$$libshutdown$$00000000  c_w.l(libshutdown.o)
    0x08000166   0x08000166   0x00000000   Code   RO         6186    .ARM.Collect$$libshutdown$$00000002  c_w.l(libshutdown2.o)
    0x08000166   0x08000166   0x00000000   Code   RO         6188    .ARM.Collect$$libshutdown$$00000004  c_w.l(libshutdown2.o)
    0x08000166   0x08000166   0x00000000   Code   RO         6190    .ARM.Collect$$libshutdown$$00000006  c_w.l(libshutdown2.o)
    0x08000166   0x08000166   0x00000000   Code   RO         6193    .ARM.Collect$$libshutdown$$00000009  c_w.l(libshutdown2.o)
    0x08000166   0x08000166   0x00000000   Code   RO         6196    .ARM.Collect$$libshutdown$$0000000C  c_w.l(libshutdown2.o)
    0x08000166   0x08000166   0x00000000   Code   RO         6198    .ARM.Collect$$libshutdown$$0000000E  c_w.l(libshutdown2.o)
    0x08000166   0x08000166   0x00000000   Code   RO         6201    .ARM.Collect$$libshutdown$$00000011  c_w.l(libshutdown2.o)
    0x08000166   0x08000166   0x00000002   Code   RO         6202    .ARM.Collect$$libshutdown$$00000012  c_w.l(libshutdown2.o)
    0x08000168   0x08000168   0x00000000   Code   RO         5928    .ARM.Collect$$rtentry$$00000000  c_w.l(__rtentry.o)
    0x08000168   0x08000168   0x00000000   Code   RO         6019    .ARM.Collect$$rtentry$$00000002  c_w.l(__rtentry2.o)
    0x08000168   0x08000168   0x00000006   Code   RO         6031    .ARM.Collect$$rtentry$$00000004  c_w.l(__rtentry4.o)
    0x0800016e   0x0800016e   0x00000000   Code   RO         6021    .ARM.Collect$$rtentry$$00000009  c_w.l(__rtentry2.o)
    0x0800016e   0x0800016e   0x00000004   Code   RO         6022    .ARM.Collect$$rtentry$$0000000A  c_w.l(__rtentry2.o)
    0x08000172   0x08000172   0x00000000   Code   RO         6024    .ARM.Collect$$rtentry$$0000000C  c_w.l(__rtentry2.o)
    0x08000172   0x08000172   0x00000008   Code   RO         6025    .ARM.Collect$$rtentry$$0000000D  c_w.l(__rtentry2.o)
    0x0800017a   0x0800017a   0x00000002   Code   RO         6102    .ARM.Collect$$rtexit$$00000000  c_w.l(rtexit.o)
    0x0800017c   0x0800017c   0x00000000   Code   RO         6155    .ARM.Collect$$rtexit$$00000002  c_w.l(rtexit2.o)
    0x0800017c   0x0800017c   0x00000004   Code   RO         6156    .ARM.Collect$$rtexit$$00000003  c_w.l(rtexit2.o)
    0x08000180   0x08000180   0x00000006   Code   RO         6157    .ARM.Collect$$rtexit$$00000004  c_w.l(rtexit2.o)
    0x08000186   0x08000186   0x00000002   PAD
    0x08000188   0x08000188   0x00000096   Code   RO         4915    .emb_text           port.o
    0x0800021e   0x0800021e   0x00000002   PAD
    0x08000220   0x08000220   0x00000040   Code   RO            4    .text               startup_stm32f103xb.o
    0x08000260   0x08000260   0x00000064   Code   RO         5900    .text               c_w.l(rt_memcpy_w.o)
    0x080002c4   0x080002c4   0x0000004e   Code   RO         5904    .text               c_w.l(rt_memclr_w.o)
    0x08000312   0x08000312   0x00000006   Code   RO         5906    .text               c_w.l(heapauxi.o)
    0x08000318   0x08000318   0x0000004a   Code   RO         6048    .text               c_w.l(sys_stackheap_outer.o)
    0x08000362   0x08000362   0x00000012   Code   RO         6087    .text               c_w.l(exit.o)
    0x08000374   0x08000374   0x00000008   Code   RO         6099    .text               c_w.l(libspace.o)
    0x0800037c   0x0800037c   0x0000000c   Code   RO         6165    .text               c_w.l(sys_exit.o)
    0x08000388   0x08000388   0x00000002   Code   RO         6176    .text               c_w.l(use_no_semi.o)
    0x0800038a   0x0800038a   0x00000000   Code   RO         6178    .text               c_w.l(indicate_semi.o)
    0x0800038a   0x0800038a   0x0000005c   Code   RO          552    i.ADC_ConversionStop_Disable  stm32f1xx_hal_adc.o
    0x080003e6   0x080003e6   0x00000004   Code   RO          333    i.BusFault_Handler  stm32f1xx_it.o
    0x080003ea   0x080003ea   0x00000002   PAD
    0x080003ec   0x080003ec   0x00000010   Code   RO          334    i.DMA1_Channel1_IRQHandler  stm32f1xx_it.o
    0x080003fc   0x080003fc   0x00000002   Code   RO          335    i.DebugMon_Handler  stm32f1xx_it.o
    0x080003fe   0x080003fe   0x0000000c   Code   RO          336    i.EXTI15_10_IRQHandler  stm32f1xx_it.o
    0x0800040a   0x0800040a   0x0000000a   Code   RO          337    i.EXTI3_IRQHandler  stm32f1xx_it.o
    0x08000414   0x08000414   0x0000000a   Code   RO          338    i.EXTI4_IRQHandler  stm32f1xx_it.o
    0x0800041e   0x0800041e   0x0000000a   Code   RO          339    i.EXTI9_5_IRQHandler  stm32f1xx_it.o
    0x08000428   0x08000428   0x00000006   Code   RO           13    i.Error_Handler     main.o
    0x0800042e   0x0800042e   0x00000002   PAD
    0x08000430   0x08000430   0x0000002c   Code   RO         5166    i.FEE_Data_Innit    fee_rtos.o
    0x0800045c   0x0800045c   0x00000020   Code   RO         5071    i.FEE_GPIO_Innit    fee_gpio.o
    0x0800047c   0x0800047c   0x00000088   Code   RO         5368    i.FEE_PES_Check_Connect  fee_pes_control.o
    0x08000504   0x08000504   0x00000048   Code   RO         5369    i.FEE_PES_Innit     fee_pes_control.o
    0x0800054c   0x0800054c   0x00000024   Code   RO         5167    i.FEE_RTOS_Innit    fee_rtos.o
    0x08000570   0x08000570   0x00000120   Code   RO         5233    i.FEE_UART_Innit    fee_uart.o
    0x08000690   0x08000690   0x00000160   Code   RO          558    i.HAL_ADC_ConfigChannel  stm32f1xx_hal_adc.o
    0x080007f0   0x080007f0   0x00000144   Code   RO          567    i.HAL_ADC_Init      stm32f1xx_hal_adc.o
    0x08000934   0x08000934   0x000000dc   Code   RO          445    i.HAL_ADC_MspInit   stm32f1xx_hal_msp.o
    0x08000a10   0x08000a10   0x00000056   Code   RO         1214    i.HAL_DMA_Abort     stm32f1xx_hal_dma.o
    0x08000a66   0x08000a66   0x00000002   PAD
    0x08000a68   0x08000a68   0x000000b0   Code   RO         1215    i.HAL_DMA_Abort_IT  stm32f1xx_hal_dma.o
    0x08000b18   0x08000b18   0x0000019c   Code   RO         1219    i.HAL_DMA_IRQHandler  stm32f1xx_hal_dma.o
    0x08000cb4   0x08000cb4   0x00000068   Code   RO         1220    i.HAL_DMA_Init      stm32f1xx_hal_dma.o
    0x08000d1c   0x08000d1c   0x0000060c   Code   RO         5168    i.HAL_GPIO_EXTI_Callback  fee_rtos.o
    0x08001328   0x08001328   0x0000001c   Code   RO         1149    i.HAL_GPIO_EXTI_IRQHandler  stm32f1xx_hal_gpio.o
    0x08001344   0x08001344   0x00000320   Code   RO         1150    i.HAL_GPIO_Init     stm32f1xx_hal_gpio.o
    0x08001664   0x08001664   0x00000010   Code   RO         1152    i.HAL_GPIO_ReadPin  stm32f1xx_hal_gpio.o
    0x08001674   0x08001674   0x0000000c   Code   RO         1154    i.HAL_GPIO_WritePin  stm32f1xx_hal_gpio.o
    0x08001680   0x08001680   0x0000000c   Code   RO          839    i.HAL_GetTick       stm32f1xx_hal.o
    0x0800168c   0x0800168c   0x000001d0   Code   RO         1847    i.HAL_I2C_Init      stm32f1xx_hal_i2c.o
    0x0800185c   0x0800185c   0x00000074   Code   RO          447    i.HAL_I2C_MspInit   stm32f1xx_hal_msp.o
    0x080018d0   0x080018d0   0x00000018   Code   RO          845    i.HAL_IncTick       stm32f1xx_hal.o
    0x080018e8   0x080018e8   0x00000028   Code   RO          846    i.HAL_Init          stm32f1xx_hal.o
    0x08001910   0x08001910   0x0000004c   Code   RO          847    i.HAL_InitTick      stm32f1xx_hal.o
    0x0800195c   0x0800195c   0x00000060   Code   RO          448    i.HAL_MspInit       stm32f1xx_hal_msp.o
    0x080019bc   0x080019bc   0x00000020   Code   RO         1310    i.HAL_NVIC_EnableIRQ  stm32f1xx_hal_cortex.o
    0x080019dc   0x080019dc   0x0000007c   Code   RO         1316    i.HAL_NVIC_SetPriority  stm32f1xx_hal_cortex.o
    0x08001a58   0x08001a58   0x00000028   Code   RO         1317    i.HAL_NVIC_SetPriorityGrouping  stm32f1xx_hal_cortex.o
    0x08001a80   0x08001a80   0x00000044   Code   RO         1318    i.HAL_NVIC_SystemReset  stm32f1xx_hal_cortex.o
    0x08001ac4   0x08001ac4   0x00000130   Code   RO         1112    i.HAL_RCCEx_PeriphCLKConfig  stm32f1xx_hal_rcc_ex.o
    0x08001bf4   0x08001bf4   0x0000018c   Code   RO         1003    i.HAL_RCC_ClockConfig  stm32f1xx_hal_rcc.o
    0x08001d80   0x08001d80   0x0000000c   Code   RO         1008    i.HAL_RCC_GetHCLKFreq  stm32f1xx_hal_rcc.o
    0x08001d8c   0x08001d8c   0x00000020   Code   RO         1010    i.HAL_RCC_GetPCLK1Freq  stm32f1xx_hal_rcc.o
    0x08001dac   0x08001dac   0x00000020   Code   RO         1011    i.HAL_RCC_GetPCLK2Freq  stm32f1xx_hal_rcc.o
    0x08001dcc   0x08001dcc   0x00000070   Code   RO         1012    i.HAL_RCC_GetSysClockFreq  stm32f1xx_hal_rcc.o
    0x08001e3c   0x08001e3c   0x00000464   Code   RO         1015    i.HAL_RCC_OscConfig  stm32f1xx_hal_rcc.o
    0x080022a0   0x080022a0   0x00000034   Code   RO         1321    i.HAL_SYSTICK_Config  stm32f1xx_hal_cortex.o
    0x080022d4   0x080022d4   0x00000002   Code   RO         3030    i.HAL_TIMEx_BreakCallback  stm32f1xx_hal_tim_ex.o
    0x080022d6   0x080022d6   0x00000002   Code   RO         3031    i.HAL_TIMEx_CommutCallback  stm32f1xx_hal_tim_ex.o
    0x080022d8   0x080022d8   0x00000084   Code   RO         3049    i.HAL_TIMEx_MasterConfigSynchronization  stm32f1xx_hal_tim_ex.o
    0x0800235c   0x0800235c   0x00000066   Code   RO         2315    i.HAL_TIM_Base_Init  stm32f1xx_hal_tim.o
    0x080023c2   0x080023c2   0x00000002   PAD
    0x080023c4   0x080023c4   0x00000040   Code   RO          450    i.HAL_TIM_Base_MspInit  stm32f1xx_hal_msp.o
    0x08002404   0x08002404   0x0000010c   Code   RO         2324    i.HAL_TIM_ConfigClockSource  stm32f1xx_hal_tim.o
    0x08002510   0x08002510   0x00000002   Code   RO         2349    i.HAL_TIM_IC_CaptureCallback  stm32f1xx_hal_tim.o
    0x08002512   0x08002512   0x00000196   Code   RO         2363    i.HAL_TIM_IRQHandler  stm32f1xx_hal_tim.o
    0x080026a8   0x080026a8   0x00000002   Code   RO         2366    i.HAL_TIM_OC_DelayElapsedCallback  stm32f1xx_hal_tim.o
    0x080026aa   0x080026aa   0x00000002   Code   RO         2393    i.HAL_TIM_PWM_PulseFinishedCallback  stm32f1xx_hal_tim.o
    0x080026ac   0x080026ac   0x00000002   Code   RO         5169    i.HAL_TIM_PeriodElapsedCallback  fee_rtos.o
    0x080026ae   0x080026ae   0x00000002   Code   RO         2406    i.HAL_TIM_TriggerCallback  stm32f1xx_hal_tim.o
    0x080026b0   0x080026b0   0x00000002   Code   RO         5170    i.HAL_UARTEx_RxEventCallback  fee_rtos.o
    0x080026b2   0x080026b2   0x00000002   Code   RO         3323    i.HAL_UART_ErrorCallback  stm32f1xx_hal_uart.o
    0x080026b4   0x080026b4   0x000002e4   Code   RO         3326    i.HAL_UART_IRQHandler  stm32f1xx_hal_uart.o
    0x08002998   0x08002998   0x00000076   Code   RO         3327    i.HAL_UART_Init     stm32f1xx_hal_uart.o
    0x08002a0e   0x08002a0e   0x00000002   PAD
    0x08002a10   0x08002a10   0x00000180   Code   RO          452    i.HAL_UART_MspInit  stm32f1xx_hal_msp.o
    0x08002b90   0x08002b90   0x0000002c   Code   RO         3332    i.HAL_UART_Receive_IT  stm32f1xx_hal_uart.o
    0x08002bbc   0x08002bbc   0x000000d4   Code   RO         5171    i.HAL_UART_RxCpltCallback  fee_rtos.o
    0x08002c90   0x08002c90   0x000000b2   Code   RO         3335    i.HAL_UART_Transmit  stm32f1xx_hal_uart.o
    0x08002d42   0x08002d42   0x00000002   Code   RO         3338    i.HAL_UART_TxCpltCallback  stm32f1xx_hal_uart.o
    0x08002d44   0x08002d44   0x00000004   Code   RO          340    i.HardFault_Handler  stm32f1xx_it.o
    0x08002d48   0x08002d48   0x000000a0   Code   RO           14    i.MX_ADC1_Init      main.o
    0x08002de8   0x08002de8   0x00000034   Code   RO           15    i.MX_DMA_Init       main.o
    0x08002e1c   0x08002e1c   0x000001a4   Code   RO           16    i.MX_GPIO_Init      main.o
    0x08002fc0   0x08002fc0   0x00000038   Code   RO           17    i.MX_I2C1_Init      main.o
    0x08002ff8   0x08002ff8   0x0000006c   Code   RO           18    i.MX_TIM2_Init      main.o
    0x08003064   0x08003064   0x00000038   Code   RO           19    i.MX_USART1_UART_Init  main.o
    0x0800309c   0x0800309c   0x00000038   Code   RO           20    i.MX_USART2_UART_Init  main.o
    0x080030d4   0x080030d4   0x00000038   Code   RO           21    i.MX_USART3_UART_Init  main.o
    0x0800310c   0x0800310c   0x00000004   Code   RO          341    i.MemManage_Handler  stm32f1xx_it.o
    0x08003110   0x08003110   0x00000004   Code   RO          342    i.NMI_Handler       stm32f1xx_it.o
    0x08003114   0x08003114   0x00000028   Code   RO         1016    i.RCC_Delay         stm32f1xx_hal_rcc.o
    0x0800313c   0x0800313c   0x00000044   Code   RO         5501    i.StartDefaultTask  fee_thread1.o
    0x08003180   0x08003180   0x00000018   Code   RO         5525    i.StartTask02       fee_thread2.o
    0x08003198   0x08003198   0x00000068   Code   RO         5549    i.StartTask03       fee_thread3.o
    0x08003200   0x08003200   0x000002fc   Code   RO         5573    i.StartTask04       fee_thread4.o
    0x080034fc   0x080034fc   0x00000014   Code   RO          343    i.SysTick_Handler   stm32f1xx_it.o
    0x08003510   0x08003510   0x00000084   Code   RO           22    i.SystemClock_Config  main.o
    0x08003594   0x08003594   0x00000002   Code   RO         3671    i.SystemInit        system_stm32f1xx.o
    0x08003596   0x08003596   0x00000002   PAD
    0x08003598   0x08003598   0x00000010   Code   RO          344    i.TIM2_IRQHandler   stm32f1xx_it.o
    0x080035a8   0x080035a8   0x00000074   Code   RO         2408    i.TIM_Base_SetConfig  stm32f1xx_hal_tim.o
    0x0800361c   0x0800361c   0x00000016   Code   RO         2419    i.TIM_ETR_SetConfig  stm32f1xx_hal_tim.o
    0x08003632   0x08003632   0x00000012   Code   RO         2420    i.TIM_ITRx_SetConfig  stm32f1xx_hal_tim.o
    0x08003644   0x08003644   0x00000026   Code   RO         2426    i.TIM_TI1_ConfigInputStage  stm32f1xx_hal_tim.o
    0x0800366a   0x0800366a   0x00000028   Code   RO         2428    i.TIM_TI2_ConfigInputStage  stm32f1xx_hal_tim.o
    0x08003692   0x08003692   0x00000014   Code   RO         3340    i.UART_DMAAbortOnError  stm32f1xx_hal_uart.o
    0x080036a6   0x080036a6   0x0000006c   Code   RO         3350    i.UART_EndRxTransfer  stm32f1xx_hal_uart.o
    0x08003712   0x08003712   0x00000020   Code   RO         3351    i.UART_EndTransmit_IT  stm32f1xx_hal_uart.o
    0x08003732   0x08003732   0x000000fc   Code   RO         3353    i.UART_Receive_IT   stm32f1xx_hal_uart.o
    0x0800382e   0x0800382e   0x00000002   PAD
    0x08003830   0x08003830   0x000000fc   Code   RO         3354    i.UART_SetConfig    stm32f1xx_hal_uart.o
    0x0800392c   0x0800392c   0x00000040   Code   RO         3356    i.UART_Start_Receive_IT  stm32f1xx_hal_uart.o
    0x0800396c   0x0800396c   0x00000060   Code   RO         3357    i.UART_Transmit_IT  stm32f1xx_hal_uart.o
    0x080039cc   0x080039cc   0x00000092   Code   RO         3358    i.UART_WaitOnFlagUntilTimeout  stm32f1xx_hal_uart.o
    0x08003a5e   0x08003a5e   0x00000002   PAD
    0x08003a60   0x08003a60   0x00000010   Code   RO          345    i.USART1_IRQHandler  stm32f1xx_it.o
    0x08003a70   0x08003a70   0x00000010   Code   RO          346    i.USART3_IRQHandler  stm32f1xx_it.o
    0x08003a80   0x08003a80   0x00000004   Code   RO          347    i.UsageFault_Handler  stm32f1xx_it.o
    0x08003a84   0x08003a84   0x00000010   Code   RO         1323    i.__NVIC_GetPriorityGrouping  stm32f1xx_hal_cortex.o
    0x08003a94   0x08003a94   0x00000028   Code   RO         1324    i.__NVIC_SetPriority  stm32f1xx_hal_cortex.o
    0x08003abc   0x08003abc   0x00000030   Code   RO         5604    i.check_xoay_tay_1  fee_function.o
    0x08003aec   0x08003aec   0x00000030   Code   RO         5605    i.check_xoay_tay_2  fee_function.o
    0x08003b1c   0x08003b1c   0x000000d4   Code   RO         5781    i.chong_troi        fee_tu_dong.o
    0x08003bf0   0x08003bf0   0x00000048   Code   RO         5429    i.configTIM1        fee_robot.o
    0x08003c38   0x08003c38   0x00000048   Code   RO         5430    i.configTIM3        fee_robot.o
    0x08003c80   0x08003c80   0x00000044   Code   RO         5431    i.configTIM4        fee_robot.o
    0x08003cc4   0x08003cc4   0x00000110   Code   RO         5606    i.control_xilanh    fee_function.o
    0x08003dd4   0x08003dd4   0x00000020   Code   RO         5607    i.delayUs           fee_function.o
    0x08003df4   0x08003df4   0x00000038   Code   RO         5432    i.dong_co_init      fee_robot.o
    0x08003e2c   0x08003e2c   0x00000014   Code   RO         5608    i.ha_canh_tay       fee_function.o
    0x08003e40   0x08003e40   0x00000148   Code   RO         5748    i.ham_lai_tay       fee_lai_tay.o
    0x08003f88   0x08003f88   0x00000010   Code   RO         5433    i.initTimers        fee_robot.o
    0x08003f98   0x08003f98   0x0000004e   Code   RO         5609    i.kep               fee_function.o
    0x08003fe6   0x08003fe6   0x00000002   PAD
    0x08003fe8   0x08003fe8   0x0000002c   Code   RO         5612    i.khoa_dc_tay       fee_function.o
    0x08004014   0x08004014   0x00000050   Code   RO         5613    i.khoi_tao_an_toan  fee_function.o
    0x08004064   0x08004064   0x00000050   Code   RO         5614    i.khoi_tao_kep_lua  fee_function.o
    0x080040b4   0x080040b4   0x000000e4   Code   RO         5615    i.khoi_tao_tu_dong  fee_function.o
    0x08004198   0x08004198   0x00000048   Code   RO         5434    i.lai_tay_init      fee_robot.o
    0x080041e0   0x080041e0   0x000000e8   Code   RO           23    i.main              main.o
    0x080042c8   0x080042c8   0x0000000e   Code   RO         4487    i.makeFreeRtosPriority  cmsis_os.o
    0x080042d6   0x080042d6   0x00000002   PAD
    0x080042d8   0x080042d8   0x00000014   Code   RO         5616    i.nang_canh_tay     fee_function.o
    0x080042ec   0x080042ec   0x0000032c   Code   RO         5749    i.nut_lai_tay       fee_lai_tay.o
    0x08004618   0x08004618   0x00000018   Code   RO         4489    i.osDelay           cmsis_os.o
    0x08004630   0x08004630   0x0000000a   Code   RO         4492    i.osKernelStart     cmsis_os.o
    0x0800463a   0x0800463a   0x0000005e   Code   RO         4526    i.osThreadCreate    cmsis_os.o
    0x08004698   0x08004698   0x000000cc   Code   RO         5372    i.pes_uart_event_handle  fee_pes_control.o
    0x08004764   0x08004764   0x00000020   Code   RO         5235    i.pid_dc1           fee_uart.o
    0x08004784   0x08004784   0x00000020   Code   RO         5236    i.pid_dc2           fee_uart.o
    0x080047a4   0x080047a4   0x00000020   Code   RO         5237    i.pid_dc3           fee_uart.o
    0x080047c4   0x080047c4   0x00000098   Code   RO         4173    i.prvAddCurrentTaskToDelayedList  tasks.o
    0x0800485c   0x0800485c   0x000000b4   Code   RO         4174    i.prvAddNewTaskToReadyList  tasks.o
    0x08004910   0x08004910   0x00000048   Code   RO         4175    i.prvCheckTasksWaitingTermination  tasks.o
    0x08004958   0x08004958   0x00000050   Code   RO         4176    i.prvDeleteTCB      tasks.o
    0x080049a8   0x080049a8   0x0000007c   Code   RO         4854    i.prvHeapInit       heap_4.o
    0x08004a24   0x08004a24   0x00000028   Code   RO         4177    i.prvIdleTask       tasks.o
    0x08004a4c   0x08004a4c   0x000000aa   Code   RO         4178    i.prvInitialiseNewTask  tasks.o
    0x08004af6   0x08004af6   0x00000002   PAD
    0x08004af8   0x08004af8   0x00000068   Code   RO         4179    i.prvInitialiseTaskLists  tasks.o
    0x08004b60   0x08004b60   0x00000068   Code   RO         4855    i.prvInsertBlockIntoFreeList  heap_4.o
    0x08004bc8   0x08004bc8   0x00000034   Code   RO         4180    i.prvResetNextTaskUnblockTime  tasks.o
    0x08004bfc   0x08004bfc   0x00000040   Code   RO         4916    i.prvTaskExitError  port.o
    0x08004c3c   0x08004c3c   0x0000013c   Code   RO         4856    i.pvPortMalloc      heap_4.o
    0x08004d78   0x08004d78   0x00000024   Code   RO         4917    i.pxPortInitialiseStack  port.o
    0x08004d9c   0x08004d9c   0x0000000c   Code   RO         5620    i.reset_check_xoay_tay_1  fee_function.o
    0x08004da8   0x08004da8   0x0000000c   Code   RO         5621    i.reset_check_xoay_tay_2  fee_function.o
    0x08004db4   0x08004db4   0x00000024   Code   RO         5782    i.reset_chong_troi  fee_tu_dong.o
    0x08004dd8   0x08004dd8   0x00000014   Code   RO         5238    i.send_uart         fee_uart.o
    0x08004dec   0x08004dec   0x00000064   Code   RO         5783    i.tinh_vi_tri_tay_xoay  fee_tu_dong.o
    0x08004e50   0x08004e50   0x000000bc   Code   RO         5435    i.trang_thai_init   fee_robot.o
    0x08004f0c   0x08004f0c   0x00000064   Code   RO         5784    i.tu_dong_1         fee_tu_dong.o
    0x08004f70   0x08004f70   0x00000088   Code   RO         5785    i.tu_dong_2         fee_tu_dong.o
    0x08004ff8   0x08004ff8   0x00000070   Code   RO         5786    i.tu_dong_3         fee_tu_dong.o
    0x08005068   0x08005068   0x00000064   Code   RO         5787    i.tu_dong_4         fee_tu_dong.o
    0x080050cc   0x080050cc   0x000000c4   Code   RO         5788    i.tu_dong_5         fee_tu_dong.o
    0x08005190   0x08005190   0x00000064   Code   RO         5789    i.tu_dong_6         fee_tu_dong.o
    0x080051f4   0x080051f4   0x00000060   Code   RO         5436    i.tu_dong_init      fee_robot.o
    0x08005254   0x08005254   0x00000028   Code   RO         3808    i.uxListRemove      list.o
    0x0800527c   0x0800527c   0x00000018   Code   RO          292    i.vApplicationGetIdleTaskMemory  freertos.o
    0x08005294   0x08005294   0x0000001a   Code   RO         3809    i.vListInitialise   list.o
    0x080052ae   0x080052ae   0x00000006   Code   RO         3810    i.vListInitialiseItem  list.o
    0x080052b4   0x080052b4   0x00000034   Code   RO         3811    i.vListInsert       list.o
    0x080052e8   0x080052e8   0x00000018   Code   RO         3812    i.vListInsertEnd    list.o
    0x08005300   0x08005300   0x00000054   Code   RO         4919    i.vPortEnterCritical  port.o
    0x08005354   0x08005354   0x0000003c   Code   RO         4920    i.vPortExitCritical  port.o
    0x08005390   0x08005390   0x00000094   Code   RO         4857    i.vPortFree         heap_4.o
    0x08005424   0x08005424   0x00000028   Code   RO         4921    i.vPortSetupTimerInterrupt  port.o
    0x0800544c   0x0800544c   0x0000005c   Code   RO         4188    i.vTaskDelay        tasks.o
    0x080054a8   0x080054a8   0x000000b0   Code   RO         4201    i.vTaskStartScheduler  tasks.o
    0x08005558   0x08005558   0x00000010   Code   RO         4203    i.vTaskSuspendAll   tasks.o
    0x08005568   0x08005568   0x0000008c   Code   RO         4204    i.vTaskSwitchContext  tasks.o
    0x080055f4   0x080055f4   0x000000f8   Code   RO         4923    i.xPortStartScheduler  port.o
    0x080056ec   0x080056ec   0x00000034   Code   RO         4924    i.xPortSysTickHandler  port.o
    0x08005720   0x08005720   0x00000064   Code   RO         4206    i.xTaskCreate       tasks.o
    0x08005784   0x08005784   0x000000b8   Code   RO         4207    i.xTaskCreateStatic  tasks.o
    0x0800583c   0x0800583c   0x00000020   Code   RO         4211    i.xTaskGetSchedulerState  tasks.o
    0x0800585c   0x0800585c   0x0000000c   Code   RO         4212    i.xTaskGetTickCount  tasks.o
    0x08005868   0x08005868   0x00000148   Code   RO         4214    i.xTaskIncrementTick  tasks.o
    0x080059b0   0x080059b0   0x00000104   Code   RO         4220    i.xTaskResumeAll    tasks.o
    0x08005ab4   0x08005ab4   0x000000b8   Code   RO         5790    i.xoay_chong_troi   fee_tu_dong.o
    0x08005b6c   0x08005b6c   0x00000038   Code   RO         5622    i.xoay_phai         fee_function.o
    0x08005ba4   0x08005ba4   0x00000038   Code   RO         5623    i.xoay_trai         fee_function.o
    0x08005bdc   0x08005bdc   0x00000036   Code   RO         5922    x$fpl$ffix          fz_ws.l(ffix.o)
    0x08005c12   0x08005c12   0x00000002   PAD
    0x08005c14   0x08005c14   0x00000102   Code   RO         5926    x$fpl$fmul          fz_ws.l(fmul.o)
    0x08005d16   0x08005d16   0x0000008c   Code   RO         6005    x$fpl$fnaninf       fz_ws.l(fnaninf.o)
    0x08005da2   0x08005da2   0x0000000a   Code   RO         6007    x$fpl$fretinf       fz_ws.l(fretinf.o)
    0x08005dac   0x08005dac   0x00000000   Code   RO         6017    x$fpl$usenofp       fz_ws.l(usenofp.o)
    0x08005dac   0x08005dac   0x00000070   Data   RO           25    .constdata          main.o
    0x08005e1c   0x08005e1c   0x00000012   Data   RO         1017    .constdata          stm32f1xx_hal_rcc.o
    0x08005e2e   0x08005e2e   0x00000018   Data   RO         3672    .constdata          system_stm32f1xx.o
    0x08005e46   0x08005e46   0x00000002   PAD
    0x08005e48   0x08005e48   0x00000030   Data   RO           26    .conststring        main.o
    0x08005e78   0x08005e78   0x00000020   Data   RO         6233    Region$$Table       anon$$obj.o


    Execution Region RW_IRAM1 (Exec base: 0x20000000, Load base: 0x08005e98, Size: 0x00004c78, Max: 0x00005000, ABSOLUTE)

    Exec Addr    Load Addr    Size         Type   Attr      Idx    E Section Name        Object

    0x20000000   0x08005e98   0x00000010   Data   RW           27    .data               main.o
    0x20000010   0x08005ea8   0x00000009   Data   RW          853    .data               stm32f1xx_hal.o
    0x20000019   0x08005eb1   0x00000003   PAD
    0x2000001c   0x08005eb4   0x00000004   Data   RW         3673    .data               system_stm32f1xx.o
    0x20000020   0x08005eb8   0x0000003c   Data   RW         4223    .data               tasks.o
    0x2000005c   0x08005ef4   0x00000018   Data   RW         4862    .data               heap_4.o
    0x20000074   0x08005f0c   0x0000000c   Data   RW         4925    .data               port.o
    0x20000080   0x08005f18   0x00000004   Data   RW         5173    .data               fee_rtos.o
    0x20000084   0x08005f1c   0x00000004   Data   RW         5239    .data               fee_uart.o
    0x20000088   0x08005f20   0x00000012   Data   RW         5373    .data               fee_pes_control.o
    0x2000009a   0x08005f32   0x00000002   Data   RW         5437    .data               fee_robot.o
    0x2000009c   0x08005f34   0x00000001   Data   RW         5574    .data               fee_thread4.o
    0x2000009d   0x08005f35   0x00000001   Data   RW         5624    .data               fee_function.o
    0x2000009e   0x08005f36   0x00000002   PAD
    0x200000a0        -       0x000001e8   Zero   RW           24    .bss                main.o
    0x20000288        -       0x00000254   Zero   RW          293    .bss                freertos.o
    0x200004dc        -       0x000000f0   Zero   RW         4222    .bss                tasks.o
    0x200005cc        -       0x00003c00   Zero   RW         4861    .bss                heap_4.o
    0x200041cc   0x08005f36   0x00000004   PAD
    0x200041d0        -       0x00000448   Zero   RW         5172    .bss                fee_rtos.o
    0x20004618        -       0x00000060   Zero   RW         6100    .bss                c_w.l(libspace.o)
    0x20004678        -       0x00000200   Zero   RW            2    HEAP                startup_stm32f103xb.o
    0x20004878        -       0x00000400   Zero   RW            1    STACK               startup_stm32f103xb.o


==============================================================================

Image component sizes


      Code (inc. data)   RO Data    RW Data    ZI Data      Debug   Object Name

       142          0          0          0          0      22183   cmsis_os.o
         0          0          0          0          0      18232   event_groups.o
      1086        104          0          1          0       8549   fee_function.o
        32          6          0          0          0        461   fee_gpio.o
      1140         18          0          0          0       1572   fee_lai_tay.o
       412         58          0         18          0       2538   fee_pes_control.o
       640         60          0          2          0       4397   fee_robot.o
      1844         92          0          4       1096       5128   fee_rtos.o
        68          4          0          0          0        535   fee_thread1.o
        24          4          0          0          0        502   fee_thread2.o
       104          4          0          0          0        554   fee_thread3.o
       764         30          0          1          0       1218   fee_thread4.o
      1276         74          0          0          0       5325   fee_tu_dong.o
       404         12          0          4          0       3020   fee_uart.o
        24         10          0          0        596       1272   freertos.o
       692         62          0         24      15360       7303   heap_4.o
       148          0          0          0          0       3478   list.o
      1334        108        160         16        488     493550   main.o
       734         64          0         12          0      10508   port.o
        64         26        236          0       1536        820   startup_stm32f103xb.o
       152         32          0          9          0       5349   stm32f1xx_hal.o
       768         24          0          0          0       3160   stm32f1xx_hal_adc.o
       372         30          0          0          0      30106   stm32f1xx_hal_cortex.o
       778         12          0          0          0       3359   stm32f1xx_hal_dma.o
       856         38          0          0          0       3966   stm32f1xx_hal_gpio.o
       464         18          0          0          0       2147   stm32f1xx_hal_i2c.o
       880         78          0          0          0       3960   stm32f1xx_hal_msp.o
      1748         98         18          0          0       6048   stm32f1xx_hal_rcc.o
       304         14          0          0          0       1420   stm32f1xx_hal_rcc_ex.o
      1018         12          0          0          0       8699   stm32f1xx_hal_tim.o
       136         14          0          0          0       2469   stm32f1xx_hal_tim_ex.o
      2054          8          0          0          0      11607   stm32f1xx_hal_uart.o
       148         24          0          0          0       6958   stm32f1xx_it.o
         0          0          0          0          0        384   stream_buffer.o
         2          0         24          4          0       1151   system_stm32f1xx.o
      2190        284          0         60        240      18262   tasks.o

    ----------------------------------------------------------------------
     22826       1422        472        160      19320     700190   Object Totals
         0          0         32          0          0          0   (incl. Generated)
        24          0          2          5          4          0   (incl. Padding)

    ----------------------------------------------------------------------

      Code (inc. data)   RO Data    RW Data    ZI Data      Debug   Library Member Name

         8          0          0          0          0         68   __main.o
         0          0          0          0          0          0   __rtentry.o
        12          0          0          0          0          0   __rtentry2.o
         6          0          0          0          0          0   __rtentry4.o
        52          8          0          0          0          0   __scatter.o
        26          0          0          0          0          0   __scatter_copy.o
        28          0          0          0          0          0   __scatter_zi.o
        18          0          0          0          0         80   exit.o
         6          0          0          0          0        152   heapauxi.o
         0          0          0          0          0          0   indicate_semi.o
         2          0          0          0          0          0   libinit.o
         2          0          0          0          0          0   libinit2.o
         2          0          0          0          0          0   libshutdown.o
         2          0          0          0          0          0   libshutdown2.o
         8          4          0          0         96         68   libspace.o
        78          0          0          0          0         80   rt_memclr_w.o
       100          0          0          0          0         80   rt_memcpy_w.o
         2          0          0          0          0          0   rtexit.o
        10          0          0          0          0          0   rtexit2.o
        12          4          0          0          0         68   sys_exit.o
        74          0          0          0          0         80   sys_stackheap_outer.o
         2          0          0          0          0         68   use_no_semi.o
        54          4          0          0          0         84   ffix.o
       258          4          0          0          0         84   fmul.o
       140          4          0          0          0         84   fnaninf.o
        10          0          0          0          0         68   fretinf.o
         0          0          0          0          0          0   usenofp.o

    ----------------------------------------------------------------------
       918         28          0          0         96       1064   Library Totals
         6          0          0          0          0          0   (incl. Padding)

    ----------------------------------------------------------------------

      Code (inc. data)   RO Data    RW Data    ZI Data      Debug   Library Name

       450         16          0          0         96        744   c_w.l
       462         12          0          0          0        320   fz_ws.l

    ----------------------------------------------------------------------
       918         28          0          0         96       1064   Library Totals

    ----------------------------------------------------------------------

==============================================================================


      Code (inc. data)   RO Data    RW Data    ZI Data      Debug   

     23744       1450        472        160      19416     691370   Grand Totals
     23744       1450        472        160      19416     691370   ELF Image Totals
     23744       1450        472        160          0          0   ROM Totals

==============================================================================

    Total RO  Size (Code + RO Data)                24216 (  23.65kB)
    Total RW  Size (RW Data + ZI Data)             19576 (  19.12kB)
    Total ROM Size (Code + RO Data + RW Data)      24376 (  23.80kB)

==============================================================================

