Component: ARM Compiler 5.06 update 7 (build 960) Tool: armlink [4d3601]

==============================================================================

Section Cross References

    startup_stm32f103xb.o(STACK) refers (Special) to heapauxi.o(.text) for __use_two_region_memory
    startup_stm32f103xb.o(HEAP) refers (Special) to heapauxi.o(.text) for __use_two_region_memory
    startup_stm32f103xb.o(RESET) refers (Special) to heapauxi.o(.text) for __use_two_region_memory
    startup_stm32f103xb.o(RESET) refers to startup_stm32f103xb.o(STACK) for __initial_sp
    startup_stm32f103xb.o(RESET) refers to startup_stm32f103xb.o(.text) for Reset_Handler
    startup_stm32f103xb.o(RESET) refers to stm32f1xx_it.o(i.NMI_Handler) for NMI_Handler
    startup_stm32f103xb.o(RESET) refers to stm32f1xx_it.o(i.HardFault_Handler) for HardFault_Handler
    startup_stm32f103xb.o(RESET) refers to stm32f1xx_it.o(i.MemManage_Handler) for MemManage_Handler
    startup_stm32f103xb.o(RESET) refers to stm32f1xx_it.o(i.BusFault_Handler) for BusFault_Handler
    startup_stm32f103xb.o(RESET) refers to stm32f1xx_it.o(i.UsageFault_Handler) for UsageFault_Handler
    startup_stm32f103xb.o(RESET) refers to port.o(.emb_text) for SVC_Handler
    startup_stm32f103xb.o(RESET) refers to stm32f1xx_it.o(i.DebugMon_Handler) for DebugMon_Handler
    startup_stm32f103xb.o(RESET) refers to stm32f1xx_it.o(i.SysTick_Handler) for SysTick_Handler
    startup_stm32f103xb.o(RESET) refers to stm32f1xx_it.o(i.DMA1_Channel1_IRQHandler) for DMA1_Channel1_IRQHandler
    startup_stm32f103xb.o(RESET) refers to stm32f1xx_it.o(i.TIM2_IRQHandler) for TIM2_IRQHandler
    startup_stm32f103xb.o(RESET) refers to stm32f1xx_it.o(i.USART1_IRQHandler) for USART1_IRQHandler
    startup_stm32f103xb.o(RESET) refers to stm32f1xx_it.o(i.USART3_IRQHandler) for USART3_IRQHandler
    startup_stm32f103xb.o(RESET) refers to stm32f1xx_it.o(i.EXTI15_10_IRQHandler) for EXTI15_10_IRQHandler
    startup_stm32f103xb.o(.text) refers (Special) to heapauxi.o(.text) for __use_two_region_memory
    startup_stm32f103xb.o(.text) refers to system_stm32f1xx.o(i.SystemInit) for SystemInit
    startup_stm32f103xb.o(.text) refers to __main.o(!!!main) for __main
    startup_stm32f103xb.o(.text) refers to startup_stm32f103xb.o(HEAP) for Heap_Mem
    startup_stm32f103xb.o(.text) refers to startup_stm32f103xb.o(STACK) for Stack_Mem
    main.o(i.MX_ADC1_Init) refers to stm32f1xx_hal_adc.o(i.HAL_ADC_Init) for HAL_ADC_Init
    main.o(i.MX_ADC1_Init) refers to main.o(i.Error_Handler) for Error_Handler
    main.o(i.MX_ADC1_Init) refers to stm32f1xx_hal_adc.o(i.HAL_ADC_ConfigChannel) for HAL_ADC_ConfigChannel
    main.o(i.MX_ADC1_Init) refers to main.o(.bss) for hadc1
    main.o(i.MX_DMA_Init) refers to stm32f1xx_hal_cortex.o(i.HAL_NVIC_SetPriority) for HAL_NVIC_SetPriority
    main.o(i.MX_DMA_Init) refers to stm32f1xx_hal_cortex.o(i.HAL_NVIC_EnableIRQ) for HAL_NVIC_EnableIRQ
    main.o(i.MX_GPIO_Init) refers to stm32f1xx_hal_gpio.o(i.HAL_GPIO_WritePin) for HAL_GPIO_WritePin
    main.o(i.MX_GPIO_Init) refers to stm32f1xx_hal_gpio.o(i.HAL_GPIO_Init) for HAL_GPIO_Init
    main.o(i.MX_GPIO_Init) refers to stm32f1xx_hal_cortex.o(i.HAL_NVIC_SetPriority) for HAL_NVIC_SetPriority
    main.o(i.MX_GPIO_Init) refers to stm32f1xx_hal_cortex.o(i.HAL_NVIC_EnableIRQ) for HAL_NVIC_EnableIRQ
    main.o(i.MX_I2C1_Init) refers to stm32f1xx_hal_i2c.o(i.HAL_I2C_Init) for HAL_I2C_Init
    main.o(i.MX_I2C1_Init) refers to main.o(i.Error_Handler) for Error_Handler
    main.o(i.MX_I2C1_Init) refers to main.o(.bss) for hi2c1
    main.o(i.MX_TIM2_Init) refers to stm32f1xx_hal_tim.o(i.HAL_TIM_Base_Init) for HAL_TIM_Base_Init
    main.o(i.MX_TIM2_Init) refers to main.o(i.Error_Handler) for Error_Handler
    main.o(i.MX_TIM2_Init) refers to stm32f1xx_hal_tim.o(i.HAL_TIM_ConfigClockSource) for HAL_TIM_ConfigClockSource
    main.o(i.MX_TIM2_Init) refers to stm32f1xx_hal_tim_ex.o(i.HAL_TIMEx_MasterConfigSynchronization) for HAL_TIMEx_MasterConfigSynchronization
    main.o(i.MX_TIM2_Init) refers to main.o(.bss) for htim2
    main.o(i.MX_USART1_UART_Init) refers to stm32f1xx_hal_uart.o(i.HAL_UART_Init) for HAL_UART_Init
    main.o(i.MX_USART1_UART_Init) refers to main.o(i.Error_Handler) for Error_Handler
    main.o(i.MX_USART1_UART_Init) refers to main.o(.bss) for huart1
    main.o(i.MX_USART2_UART_Init) refers to stm32f1xx_hal_uart.o(i.HAL_UART_Init) for HAL_UART_Init
    main.o(i.MX_USART2_UART_Init) refers to main.o(i.Error_Handler) for Error_Handler
    main.o(i.MX_USART2_UART_Init) refers to main.o(.bss) for huart2
    main.o(i.MX_USART3_UART_Init) refers to stm32f1xx_hal_uart.o(i.HAL_UART_Init) for HAL_UART_Init
    main.o(i.MX_USART3_UART_Init) refers to main.o(i.Error_Handler) for Error_Handler
    main.o(i.MX_USART3_UART_Init) refers to main.o(.bss) for huart3
    main.o(i.SystemClock_Config) refers to rt_memclr_w.o(.text) for __aeabi_memclr4
[...]
    ../mathlib/fpclassify.c                  0x00000000   Number         0  fpclassify.o ABSOLUTE
    ..\Core\Src\freertos.c                   0x00000000   Number         0  freertos.o ABSOLUTE
    ..\Core\Src\main.c                       0x00000000   Number         0  main.o ABSOLUTE
    ..\Core\Src\stm32f1xx_hal_msp.c          0x00000000   Number         0  stm32f1xx_hal_msp.o ABSOLUTE
    ..\Core\Src\stm32f1xx_it.c               0x00000000   Number         0  stm32f1xx_it.o ABSOLUTE
    ..\Core\Src\system_stm32f1xx.c           0x00000000   Number         0  system_stm32f1xx.o ABSOLUTE
    ..\Drivers\STM32F1xx_HAL_Driver\Src\stm32f1xx_hal.c 0x00000000   Number         0  stm32f1xx_hal.o ABSOLUTE
    ..\Drivers\STM32F1xx_HAL_Driver\Src\stm32f1xx_hal_adc.c 0x00000000   Number         0  stm32f1xx_hal_adc.o ABSOLUTE
    ..\Drivers\STM32F1xx_HAL_Driver\Src\stm32f1xx_hal_adc_ex.c 0x00000000   Number         0  stm32f1xx_hal_adc_ex.o ABSOLUTE
    ..\Drivers\STM32F1xx_HAL_Driver\Src\stm32f1xx_hal_cortex.c 0x00000000   Number         0  stm32f1xx_hal_cortex.o ABSOLUTE
    ..\Drivers\STM32F1xx_HAL_Driver\Src\stm32f1xx_hal_dma.c 0x00000000   Number         0  stm32f1xx_hal_dma.o ABSOLUTE
    ..\Drivers\STM32F1xx_HAL_Driver\Src\stm32f1xx_hal_exti.c 0x00000000   Number         0  stm32f1xx_hal_exti.o ABSOLUTE
    ..\Drivers\STM32F1xx_HAL_Driver\Src\stm32f1xx_hal_flash.c 0x00000000   Number         0  stm32f1xx_hal_flash.o ABSOLUTE
    ..\Drivers\STM32F1xx_HAL_Driver\Src\stm32f1xx_hal_flash_ex.c 0x00000000   Number         0  stm32f1xx_hal_flash_ex.o ABSOLUTE
    ..\Drivers\STM32F1xx_HAL_Driver\Src\stm32f1xx_hal_gpio.c 0x00000000   Number         0  stm32f1xx_hal_gpio.o ABSOLUTE
    ..\Drivers\STM32F1xx_HAL_Driver\Src\stm32f1xx_hal_gpio_ex.c 0x00000000   Number         0  stm32f1xx_hal_gpio_ex.o ABSOLUTE
    ..\Drivers\STM32F1xx_HAL_Driver\Src\stm32f1xx_hal_i2c.c 0x00000000   Number         0  stm32f1xx_hal_i2c.o ABSOLUTE
    ..\Drivers\STM32F1xx_HAL_Driver\Src\stm32f1xx_hal_pwr.c 0x00000000   Number         0  stm32f1xx_hal_pwr.o ABSOLUTE
    ..\Drivers\STM32F1xx_HAL_Driver\Src\stm32f1xx_hal_rcc.c 0x00000000   Number         0  stm32f1xx_hal_rcc.o ABSOLUTE
    ..\Drivers\STM32F1xx_HAL_Driver\Src\stm32f1xx_hal_rcc_ex.c 0x00000000   Number         0  stm32f1xx_hal_rcc_ex.o ABSOLUTE
    ..\Drivers\STM32F1xx_HAL_Driver\Src\stm32f1xx_hal_tim.c 0x00000000   Number         0  stm32f1xx_hal_tim.o ABSOLUTE
    ..\Drivers\STM32F1xx_HAL_Driver\Src\stm32f1xx_hal_tim_ex.c 0x00000000   Number         0  stm32f1xx_hal_tim_ex.o ABSOLUTE
    ..\Drivers\STM32F1xx_HAL_Driver\Src\stm32f1xx_hal_uart.c 0x00000000   Number         0  stm32f1xx_hal_uart.o ABSOLUTE
    ..\FEE_Team_Code\FEE_ADC.c               0x00000000   Number         0  fee_adc.o ABSOLUTE
    ..\FEE_Team_Code\FEE_Compass.c           0x00000000   Number         0  fee_compass.o ABSOLUTE
    ..\FEE_Team_Code\FEE_EXTI.c              0x00000000   Number         0  fee_exti.o ABSOLUTE
    ..\FEE_Team_Code\FEE_FLASH.c             0x00000000   Number         0  fee_flash.o ABSOLUTE
    ..\FEE_Team_Code\FEE_GPIO.c              0x00000000   Number         0  fee_gpio.o ABSOLUTE
    ..\FEE_Team_Code\FEE_LCD.c               0x00000000   Number         0  fee_lcd.o ABSOLUTE
    ..\FEE_Team_Code\FEE_PES_Control.c       0x00000000   Number         0  fee_pes_control.o ABSOLUTE
    ..\FEE_Team_Code\FEE_RTOS.c              0x00000000   Number         0  fee_rtos.o ABSOLUTE
    ..\FEE_Team_Code\FEE_UART.c              0x00000000   Number         0  fee_uart.o ABSOLUTE
    ..\Middlewares\Third_Party\FreeRTOS\Source\CMSIS_RTOS\cmsis_os.c 0x00000000   Number         0  cmsis_os.o ABSOLUTE
    ..\Middlewares\Third_Party\FreeRTOS\Source\portable\RVDS\ARM_CM3\port.c 0x00000000   Number         0  port.o ABSOLUTE
    ..\Robot_code\FEE_Robot.c                0x00000000   Number         0  fee_robot.o ABSOLUTE
    ..\Robot_code\FEE_Thread1.c              0x00000000   Number         0  fee_thread1.o ABSOLUTE
    ..\Robot_code\FEE_Thread2.c              0x00000000   Number         0  fee_thread2.o ABSOLUTE
    ..\Robot_code\FEE_Thread3.c              0x00000000   Number         0  fee_thread3.o ABSOLUTE
    ..\Robot_code\FEE_Thread4.c              0x00000000   Number         0  fee_thread4.o ABSOLUTE
    ..\\FEE_Team_Code\\FEE_ADC.c             0x00000000   Number         0  fee_adc.o ABSOLUTE
    ..\\FEE_Team_Code\\FEE_Compass.c         0x00000000   Number         0  fee_compass.o ABSOLUTE
    ..\\FEE_Team_Code\\FEE_EXTI.c            0x00000000   Number         0  fee_exti.o ABSOLUTE
    ..\\FEE_Team_Code\\FEE_FLASH.c           0x00000000   Number         0  fee_flash.o ABSOLUTE
    ..\\FEE_Team_Code\\FEE_GPIO.c            0x00000000   Number         0  fee_gpio.o ABSOLUTE
    ..\\FEE_Team_Code\\FEE_LCD.c             0x00000000   Number         0  fee_lcd.o ABSOLUTE
    ..\\FEE_Team_Code\\FEE_PES_Control.c     0x00000000   Number         0  fee_pes_control.o ABSOLUTE
    ..\\FEE_Team_Code\\FEE_RTOS.c            0x00000000   Number         0  fee_rtos.o ABSOLUTE
    ..\\FEE_Team_Code\\FEE_UART.c            0x00000000   Number         0  fee_uart.o ABSOLUTE
    ..\\Robot_code\\FEE_Robot.c              0x00000000   Number         0  fee_robot.o ABSOLUTE
    ..\\Robot_code\\FEE_Thread1.c            0x00000000   Number         0  fee_thread1.o ABSOLUTE
    ..\\Robot_code\\FEE_Thread2.c            0x00000000   Number         0  fee_thread2.o ABSOLUTE
    ..\\Robot_code\\FEE_Thread3.c            0x00000000   Number         0  fee_thread3.o ABSOLUTE
    ..\\Robot_code\\FEE_Thread4.c            0x00000000   Number         0  fee_thread4.o ABSOLUTE
    dc.s                                     0x00000000   Number         0  dc.o ABSOLUTE
    startup_stm32f103xb.s                    0x00000000   Number         0  startup_stm32f103xb.o ABSOLUTE
    RESET                                    0x08000000   Section      236  startup_stm32f103xb.o(RESET)
    !!!main                                  0x080000ec   Section        8  __main.o(!!!main)
    !!!scatter                               0x080000f4   Section       52  __scatter.o(!!!scatter)
    !!handler_copy                           0x08000128   Section       26  __scatter_copy.o(!!handler_copy)
    !!handler_zi                             0x08000144   Section       28  __scatter_zi.o(!!handler_zi)
    .ARM.Collect$$libinit$$00000000          0x08000160   Section        2  libinit.o(.ARM.Collect$$libinit$$00000000)
    .ARM.Collect$$libinit$$00000002          0x08000162   Section        0  libinit2.o(.ARM.Collect$$libinit$$00000002)
    .ARM.Collect$$libinit$$00000004          0x08000162   Section        0  libinit2.o(.ARM.Collect$$libinit$$00000004)
    .ARM.Collect$$libinit$$0000000A          0x08000162   Section        0  libinit2.o(.ARM.Collect$$libinit$$0000000A)
    .ARM.Collect$$libinit$$0000000C          0x08000162   Section        0  libinit2.o(.ARM.Collect$$libinit$$0000000C)
    .ARM.Collect$$libinit$$0000000E          0x08000162   Section        0  libinit2.o(.ARM.Collect$$libinit$$0000000E)
    .ARM.Collect$$libinit$$00000011          0x08000162   Section        0  libinit2.o(.ARM.Collect$$libinit$$00000011)
    .ARM.Collect$$libinit$$00000013          0x08000162   Section        0  libinit2.o(.ARM.Collect$$libinit$$00000013)
    .ARM.Collect$$libinit$$00000015          0x08000162   Section        0  libinit2.o(.ARM.Collect$$libinit$$00000015)
    .ARM.Collect$$libinit$$00000017          0x08000162   Section        0  libinit2.o(.ARM.Collect$$libinit$$00000017)
    .ARM.Collect$$libinit$$00000019          0x08000162   Section        0  libinit2.o(.ARM.Collect$$libinit$$00000019)
    .ARM.Collect$$libinit$$0000001B          0x08000162   Section        0  libinit2.o(.ARM.Collect$$libinit$$0000001B)
    .ARM.Collect$$libinit$$0000001D          0x08000162   Section        0  libinit2.o(.ARM.Collect$$libinit$$0000001D)
    .ARM.Collect$$libinit$$0000001F          0x08000162   Section        0  libinit2.o(.ARM.Collect$$libinit$$0000001F)
    .ARM.Collect$$libinit$$00000021          0x08000162   Section        0  libinit2.o(.ARM.Collect$$libinit$$00000021)
    .ARM.Collect$$libinit$$00000023          0x08000162   Section        0  libinit2.o(.ARM.Collect$$libinit$$00000023)
    .ARM.Collect$$libinit$$00000025          0x08000162   Section        0  libinit2.o(.ARM.Collect$$libinit$$00000025)
    .ARM.Collect$$libinit$$0000002C          0x08000162   Section        0  libinit2.o(.ARM.Collect$$libinit$$0000002C)
    .ARM.Collect$$libinit$$0000002E          0x08000162   Section        0  libinit2.o(.ARM.Collect$$libinit$$0000002E)
    .ARM.Collect$$libinit$$00000030          0x08000162   Section        0  libinit2.o(.ARM.Collect$$libinit$$00000030)
    .ARM.Collect$$libinit$$00000032          0x08000162   Section        0  libinit2.o(.ARM.Collect$$libinit$$00000032)
    .ARM.Collect$$libinit$$00000033          0x08000162   Section        2  libinit2.o(.ARM.Collect$$libinit$$00000033)
    .ARM.Collect$$libshutdown$$00000000      0x08000164   Section        2  libshutdown.o(.ARM.Collect$$libshutdown$$00000000)
    .ARM.Collect$$libshutdown$$00000002      0x08000166   Section        0  libshutdown2.o(.ARM.Collect$$libshutdown$$00000002)
    .ARM.Collect$$libshutdown$$00000004      0x08000166   Section        0  libshutdown2.o(.ARM.Collect$$libshutdown$$00000004)
    .ARM.Collect$$libshutdown$$00000006      0x08000166   Section        0  libshutdown2.o(.ARM.Collect$$libshutdown$$00000006)
    .ARM.Collect$$libshutdown$$00000009      0x08000166   Section        0  libshutdown2.o(.ARM.Collect$$libshutdown$$00000009)
    .ARM.Collect$$libshutdown$$0000000C      0x08000166   Section        0  libshutdown2.o(.ARM.Collect$$libshutdown$$0000000C)
    .ARM.Collect$$libshutdown$$0000000E      0x08000166   Section        0  libshutdown2.o(.ARM.Collect$$libshutdown$$0000000E)
    .ARM.Collect$$libshutdown$$00000011      0x08000166   Section        0  libshutdown2.o(.ARM.Collect$$libshutdown$$00000011)
    .ARM.Collect$$libshutdown$$00000012      0x08000166   Section        2  libshutdown2.o(.ARM.Collect$$libshutdown$$00000012)
    .ARM.Collect$$rtentry$$00000000          0x08000168   Section        0  __rtentry.o(.ARM.Collect$$rtentry$$00000000)
    .ARM.Collect$$rtentry$$00000002          0x08000168   Section        0  __rtentry2.o(.ARM.Collect$$rtentry$$00000002)
    .ARM.Collect$$rtentry$$00000004          0x08000168   Section        6  __rtentry4.o(.ARM.Collect$$rtentry$$00000004)
    .ARM.Collect$$rtentry$$00000009          0x0800016e   Section        0  __rtentry2.o(.ARM.Collect$$rtentry$$00000009)
    .ARM.Collect$$rtentry$$0000000A          0x0800016e   Section        4  __rtentry2.o(.ARM.Collect$$rtentry$$0000000A)
    .ARM.Collect$$rtentry$$0000000C          0x08000172   Section        0  __rtentry2.o(.ARM.Collect$$rtentry$$0000000C)
    .ARM.Collect$$rtentry$$0000000D          0x08000172   Section        8  __rtentry2.o(.ARM.Collect$$rtentry$$0000000D)
    .ARM.Collect$$rtexit$$00000000           0x0800017a   Section        2  rtexit.o(.ARM.Collect$$rtexit$$00000000)
    .ARM.Collect$$rtexit$$00000002           0x0800017c   Section        0  rtexit2.o(.ARM.Collect$$rtexit$$00000002)
    .ARM.Collect$$rtexit$$00000003           0x0800017c   Section        4  rtexit2.o(.ARM.Collect$$rtexit$$00000003)
    .ARM.Collect$$rtexit$$00000004           0x08000180   Section        6  rtexit2.o(.ARM.Collect$$rtexit$$00000004)
    .emb_text                                0x08000188   Section      150  port.o(.emb_text)
    .text                                    0x08000220   Section       64  startup_stm32f103xb.o(.text)
    .text                                    0x08000260   Section      100  rt_memcpy_w.o(.text)
    .text                                    0x080002c4   Section       78  rt_memclr_w.o(.text)
    .text                                    0x08000312   Section        0  heapauxi.o(.text)
    .text                                    0x08000318   Section       74  sys_stackheap_outer.o(.text)
    .text                                    0x08000362   Section        0  exit.o(.text)
    .text                                    0x08000374   Section        8  libspace.o(.text)
    .text                                    0x0800037c   Section        0  sys_exit.o(.text)
    .text                                    0x08000388   Section        2  use_no_semi.o(.text)
    .text                                    0x0800038a   Section        0  indicate_semi.o(.text)
    i.BusFault_Handler                       0x0800038a   Section        0  stm32f1xx_it.o(i.BusFault_Handler)
    i.DMA1_Channel1_IRQHandler               0x08000390   Section        0  stm32f1xx_it.o(i.DMA1_Channel1_IRQHandler)
    i.DebugMon_Handler                       0x080003a0   Section        0  stm32f1xx_it.o(i.DebugMon_Handler)
    i.EXTI15_10_IRQHandler                   0x080003a2   Section        0  stm32f1xx_it.o(i.EXTI15_10_IRQHandler)
    i.Error_Handler                          0x080003be   Section        0  main.o(i.Error_Handler)
    i.FEE_Data_Innit                         0x080003c4   Section        0  fee_rtos.o(i.FEE_Data_Innit)
    i.FEE_GPIO_Innit                         0x080003f0   Section        0  fee_gpio.o(i.FEE_GPIO_Innit)
    i.FEE_PES_Check_Connect                  0x08000410   Section        0  fee_pes_control.o(i.FEE_PES_Check_Connect)
    i.FEE_PES_Innit                          0x08000498   Section        0  fee_pes_control.o(i.FEE_PES_Innit)
    i.FEE_RTOS_Innit                         0x080004e0   Section        0  fee_rtos.o(i.FEE_RTOS_Innit)
    i.FEE_UART_Innit                         0x080004f0   Section        0  fee_uart.o(i.FEE_UART_Innit)
    i.HAL_DMA_Abort                          0x08000614   Section        0  stm32f1xx_hal_dma.o(i.HAL_DMA_Abort)
    i.HAL_DMA_Abort_IT                       0x0800066c   Section        0  stm32f1xx_hal_dma.o(i.HAL_DMA_Abort_IT)
    i.HAL_DMA_IRQHandler                     0x0800071c   Section        0  stm32f1xx_hal_dma.o(i.HAL_DMA_IRQHandler)
    i.HAL_GPIO_EXTI_Callback                 0x080008b8   Section        0  fee_rtos.o(i.HAL_GPIO_EXTI_Callback)
    i.HAL_GPIO_EXTI_IRQHandler               0x080008bc   Section        0  stm32f1xx_hal_gpio.o(i.HAL_GPIO_EXTI_IRQHandler)
    i.HAL_GPIO_Init                          0x080008d8   Section        0  stm32f1xx_hal_gpio.o(i.HAL_GPIO_Init)
    i.HAL_GPIO_ReadPin                       0x08000bf8   Section        0  stm32f1xx_hal_gpio.o(i.HAL_GPIO_ReadPin)
    i.HAL_GPIO_WritePin                      0x08000c08   Section        0  stm32f1xx_hal_gpio.o(i.HAL_GPIO_WritePin)
    i.HAL_GetTick                            0x08000c14   Section        0  stm32f1xx_hal.o(i.HAL_GetTick)
    i.HAL_IncTick                            0x08000c20   Section        0  stm32f1xx_hal.o(i.HAL_IncTick)
    i.HAL_Init                               0x08000c38   Section        0  stm32f1xx_hal.o(i.HAL_Init)
    i.HAL_InitTick                           0x08000c60   Section        0  stm32f1xx_hal.o(i.HAL_InitTick)
    i.HAL_MspInit                            0x08000cac   Section        0  stm32f1xx_hal_msp.o(i.HAL_MspInit)
    i.HAL_NVIC_EnableIRQ                     0x08000d0c   Section        0  stm32f1xx_hal_cortex.o(i.HAL_NVIC_EnableIRQ)
    i.HAL_NVIC_SetPriority                   0x08000d2c   Section        0  stm32f1xx_hal_cortex.o(i.HAL_NVIC_SetPriority)
    i.HAL_NVIC_SetPriorityGrouping           0x08000da8   Section        0  stm32f1xx_hal_cortex.o(i.HAL_NVIC_SetPriorityGrouping)
    i.HAL_RCCEx_PeriphCLKConfig              0x08000dd0   Section        0  stm32f1xx_hal_rcc_ex.o(i.HAL_RCCEx_PeriphCLKConfig)
    i.HAL_RCC_ClockConfig                    0x08000f00   Section        0  stm32f1xx_hal_rcc.o(i.HAL_RCC_ClockConfig)
    i.HAL_RCC_GetHCLKFreq                    0x0800108c   Section        0  stm32f1xx_hal_rcc.o(i.HAL_RCC_GetHCLKFreq)
    i.HAL_RCC_GetPCLK1Freq                   0x08001098   Section        0  stm32f1xx_hal_rcc.o(i.HAL_RCC_GetPCLK1Freq)
    i.HAL_RCC_GetPCLK2Freq                   0x080010b8   Section        0  stm32f1xx_hal_rcc.o(i.HAL_RCC_GetPCLK2Freq)
    i.HAL_RCC_GetSysClockFreq                0x080010d8   Section        0  stm32f1xx_hal_rcc.o(i.HAL_RCC_GetSysClockFreq)
    i.HAL_RCC_OscConfig                      0x08001148   Section        0  stm32f1xx_hal_rcc.o(i.HAL_RCC_OscConfig)
    i.HAL_SYSTICK_Config                     0x080015ac   Section        0  stm32f1xx_hal_cortex.o(i.HAL_SYSTICK_Config)
    i.HAL_TIMEx_BreakCallback                0x080015e0   Section        0  stm32f1xx_hal_tim_ex.o(i.HAL_TIMEx_BreakCallback)
    i.HAL_TIMEx_CommutCallback               0x080015e2   Section        0  stm32f1xx_hal_tim_ex.o(i.HAL_TIMEx_CommutCallback)
    i.HAL_TIM_IC_CaptureCallback             0x080015e4   Section        0  stm32f1xx_hal_tim.o(i.HAL_TIM_IC_CaptureCallback)
    i.HAL_TIM_IRQHandler                     0x080015e6   Section        0  stm32f1xx_hal_tim.o(i.HAL_TIM_IRQHandler)
    i.HAL_TIM_OC_DelayElapsedCallback        0x0800177c   Section        0  stm32f1xx_hal_tim.o(i.HAL_TIM_OC_DelayElapsedCallback)
    i.HAL_TIM_PWM_PulseFinishedCallback      0x0800177e   Section        0  stm32f1xx_hal_tim.o(i.HAL_TIM_PWM_PulseFinishedCallback)
    i.HAL_TIM_PeriodElapsedCallback          0x08001780   Section        0  fee_rtos.o(i.HAL_TIM_PeriodElapsedCallback)
    i.HAL_TIM_TriggerCallback                0x08001782   Section        0  stm32f1xx_hal_tim.o(i.HAL_TIM_TriggerCallback)
    i.HAL_UARTEx_RxEventCallback             0x08001784   Section        0  fee_rtos.o(i.HAL_UARTEx_RxEventCallback)
    i.HAL_UART_ErrorCallback                 0x08001786   Section        0  stm32f1xx_hal_uart.o(i.HAL_UART_ErrorCallback)
    i.HAL_UART_IRQHandler                    0x08001788   Section        0  stm32f1xx_hal_uart.o(i.HAL_UART_IRQHandler)
    i.HAL_UART_Init                          0x08001a6c   Section        0  stm32f1xx_hal_uart.o(i.HAL_UART_Init)
    i.HAL_UART_MspInit                       0x08001ae4   Section        0  stm32f1xx_hal_msp.o(i.HAL_UART_MspInit)
    i.HAL_UART_Receive_IT                    0x08001c64   Section        0  stm32f1xx_hal_uart.o(i.HAL_UART_Receive_IT)
    i.HAL_UART_RxCpltCallback                0x08001c90   Section        0  fee_rtos.o(i.HAL_UART_RxCpltCallback)
    i.HAL_UART_Transmit                      0x08001c92   Section        0  stm32f1xx_hal_uart.o(i.HAL_UART_Transmit)
    i.HAL_UART_TxCpltCallback                0x08001d44   Section        0  stm32f1xx_hal_uart.o(i.HAL_UART_TxCpltCallback)
    i.HardFault_Handler                      0x08001d46   Section        0  stm32f1xx_it.o(i.HardFault_Handler)
    i.MX_GPIO_Init                           0x08001d4c   Section        0  main.o(i.MX_GPIO_Init)
    MX_GPIO_Init                             0x08001d4d   Thumb Code   320  main.o(i.MX_GPIO_Init)
    i.MX_USART1_UART_Init                    0x08001ea0   Section        0  main.o(i.MX_USART1_UART_Init)
    MX_USART1_UART_Init                      0x08001ea1   Thumb Code    46  main.o(i.MX_USART1_UART_Init)
    i.MX_USART2_UART_Init                    0x08001ed8   Section        0  main.o(i.MX_USART2_UART_Init)
    MX_USART2_UART_Init                      0x08001ed9   Thumb Code    46  main.o(i.MX_USART2_UART_Init)
    i.MX_USART3_UART_Init                    0x08001f10   Section        0  main.o(i.MX_USART3_UART_Init)
    MX_USART3_UART_Init                      0x08001f11   Thumb Code    46  main.o(i.MX_USART3_UART_Init)
    i.MemManage_Handler                      0x08001f48   Section        0  stm32f1xx_it.o(i.MemManage_Handler)
    i.NMI_Handler                            0x08001f4c   Section        0  stm32f1xx_it.o(i.NMI_Handler)
    i.RCC_Delay                              0x08001f50   Section        0  stm32f1xx_hal_rcc.o(i.RCC_Delay)
    RCC_Delay                                0x08001f51   Thumb Code    36  stm32f1xx_hal_rcc.o(i.RCC_Delay)
    i.StartDefaultTask                       0x08001f78   Section        0  fee_thread1.o(i.StartDefaultTask)
    i.StartTask02                            0x08001fa0   Section        0  fee_thread2.o(i.StartTask02)
    i.StartTask03                            0x08001fb4   Section        0  fee_thread3.o(i.StartTask03)
    i.StartTask04                            0x08001fbe   Section        0  fee_thread4.o(i.StartTask04)
    i.SysTick_Handler                        0x08001fc8   Section        0  stm32f1xx_it.o(i.SysTick_Handler)
    i.SystemClock_Config                     0x08001fdc   Section        0  main.o(i.SystemClock_Config)
    i.SystemInit                             0x08002060   Section        0  system_stm32f1xx.o(i.SystemInit)
    i.TIM2_IRQHandler                        0x08002064   Section        0  stm32f1xx_it.o(i.TIM2_IRQHandler)
    i.UART_DMAAbortOnError                   0x08002074   Section        0  stm32f1xx_hal_uart.o(i.UART_DMAAbortOnError)
    UART_DMAAbortOnError                     0x08002075   Thumb Code    20  stm32f1xx_hal_uart.o(i.UART_DMAAbortOnError)
    i.UART_EndRxTransfer                     0x08002088   Section        0  stm32f1xx_hal_uart.o(i.UART_EndRxTransfer)
    UART_EndRxTransfer                       0x08002089   Thumb Code   108  stm32f1xx_hal_uart.o(i.UART_EndRxTransfer)
    i.UART_EndTransmit_IT                    0x080020f4   Section        0  stm32f1xx_hal_uart.o(i.UART_EndTransmit_IT)
    UART_EndTransmit_IT                      0x080020f5   Thumb Code    32  stm32f1xx_hal_uart.o(i.UART_EndTransmit_IT)
    i.UART_Receive_IT                        0x08002114   Section        0  stm32f1xx_hal_uart.o(i.UART_Receive_IT)
    UART_Receive_IT                          0x08002115   Thumb Code   252  stm32f1xx_hal_uart.o(i.UART_Receive_IT)
    i.UART_SetConfig                         0x08002210   Section        0  stm32f1xx_hal_uart.o(i.UART_SetConfig)
    UART_SetConfig                           0x08002211   Thumb Code   248  stm32f1xx_hal_uart.o(i.UART_SetConfig)
    i.UART_Start_Receive_IT                  0x0800230c   Section        0  stm32f1xx_hal_uart.o(i.UART_Start_Receive_IT)
    i.UART_Transmit_IT                       0x0800234c   Section        0  stm32f1xx_hal_uart.o(i.UART_Transmit_IT)
    UART_Transmit_IT                         0x0800234d   Thumb Code    96  stm32f1xx_hal_uart.o(i.UART_Transmit_IT)
    i.UART_WaitOnFlagUntilTimeout            0x080023ac   Section        0  stm32f1xx_hal_uart.o(i.UART_WaitOnFlagUntilTimeout)
    UART_WaitOnFlagUntilTimeout              0x080023ad   Thumb Code   146  stm32f1xx_hal_uart.o(i.UART_WaitOnFlagUntilTimeout)
    i.USART1_IRQHandler                      0x08002440   Section        0  stm32f1xx_it.o(i.USART1_IRQHandler)
    i.USART3_IRQHandler                      0x08002450   Section        0  stm32f1xx_it.o(i.USART3_IRQHandler)
    i.UsageFault_Handler                     0x08002460   Section        0  stm32f1xx_it.o(i.UsageFault_Handler)
    i.__NVIC_GetPriorityGrouping             0x08002464   Section        0  stm32f1xx_hal_cortex.o(i.__NVIC_GetPriorityGrouping)
    __NVIC_GetPriorityGrouping               0x08002465   Thumb Code    10  stm32f1xx_hal_cortex.o(i.__NVIC_GetPriorityGrouping)
    i.__NVIC_SetPriority                     0x08002474   Section        0  stm32f1xx_hal_cortex.o(i.__NVIC_SetPriority)
    __NVIC_SetPriority                       0x08002475   Thumb Code    32  stm32f1xx_hal_cortex.o(i.__NVIC_SetPriority)
    i.main                                   0x0800249c   Section        0  main.o(i.main)
    i.makeFreeRtosPriority                   0x08002544   Section        0  cmsis_os.o(i.makeFreeRtosPriority)
    makeFreeRtosPriority                     0x08002545   Thumb Code    14  cmsis_os.o(i.makeFreeRtosPriority)
    i.osDelay                                0x08002552   Section        0  cmsis_os.o(i.osDelay)
    i.osKernelStart                          0x0800256a   Section        0  cmsis_os.o(i.osKernelStart)
    i.osThreadCreate                         0x08002574   Section        0  cmsis_os.o(i.osThreadCreate)
    i.pid_dc1                                0x080025d4   Section        0  fee_uart.o(i.pid_dc1)
    i.pid_dc2                                0x08002600   Section        0  fee_uart.o(i.pid_dc2)
    i.pid_dc3                                0x0800262c   Section        0  fee_uart.o(i.pid_dc3)
    i.prvAddCurrentTaskToDelayedList         0x08002658   Section        0  tasks.o(i.prvAddCurrentTaskToDelayedList)
    prvAddCurrentTaskToDelayedList           0x08002659   Thumb Code   124  tasks.o(i.prvAddCurrentTaskToDelayedList)
    i.prvAddNewTaskToReadyList               0x080026f0   Section        0  tasks.o(i.prvAddNewTaskToReadyList)
    prvAddNewTaskToReadyList                 0x080026f1   Thumb Code   150  tasks.o(i.prvAddNewTaskToReadyList)
    i.prvCheckTasksWaitingTermination        0x080027a4   Section        0  tasks.o(i.prvCheckTasksWaitingTermination)
    prvCheckTasksWaitingTermination          0x080027a5   Thumb Code    60  tasks.o(i.prvCheckTasksWaitingTermination)
    i.prvDeleteTCB                           0x080027ec   Section        0  tasks.o(i.prvDeleteTCB)
    prvDeleteTCB                             0x080027ed   Thumb Code    80  tasks.o(i.prvDeleteTCB)
    i.prvHeapInit                            0x0800283c   Section        0  heap_4.o(i.prvHeapInit)
    prvHeapInit                              0x0800283d   Thumb Code    98  heap_4.o(i.prvHeapInit)
    i.prvIdleTask                            0x080028b8   Section        0  tasks.o(i.prvIdleTask)
    prvIdleTask                              0x080028b9   Thumb Code    32  tasks.o(i.prvIdleTask)
    i.prvInitialiseNewTask                   0x080028e0   Section        0  tasks.o(i.prvInitialiseNewTask)
    prvInitialiseNewTask                     0x080028e1   Thumb Code   170  tasks.o(i.prvInitialiseNewTask)
    i.prvInitialiseTaskLists                 0x0800298c   Section        0  tasks.o(i.prvInitialiseTaskLists)
    prvInitialiseTaskLists                   0x0800298d   Thumb Code    70  tasks.o(i.prvInitialiseTaskLists)
    i.prvInsertBlockIntoFreeList             0x080029f4   Section        0  heap_4.o(i.prvInsertBlockIntoFreeList)
    prvInsertBlockIntoFreeList               0x080029f5   Thumb Code    96  heap_4.o(i.prvInsertBlockIntoFreeList)
    i.prvResetNextTaskUnblockTime            0x08002a5c   Section        0  tasks.o(i.prvResetNextTaskUnblockTime)
    prvResetNextTaskUnblockTime              0x08002a5d   Thumb Code    42  tasks.o(i.prvResetNextTaskUnblockTime)
    i.prvTaskExitError                       0x08002a90   Section        0  port.o(i.prvTaskExitError)
    prvTaskExitError                         0x08002a91   Thumb Code    60  port.o(i.prvTaskExitError)
    i.pvPortMalloc                           0x08002ad0   Section        0  heap_4.o(i.pvPortMalloc)
    i.pxPortInitialiseStack                  0x08002c0c   Section        0  port.o(i.pxPortInitialiseStack)
    i.send_uart                              0x08002c30   Section        0  fee_uart.o(i.send_uart)
    i.uxListRemove                           0x08002c54   Section        0  list.o(i.uxListRemove)
    i.vApplicationGetIdleTaskMemory          0x08002c7c   Section        0  freertos.o(i.vApplicationGetIdleTaskMemory)
    i.vListInitialise                        0x08002c94   Section        0  list.o(i.vListInitialise)
    i.vListInitialiseItem                    0x08002cae   Section        0  list.o(i.vListInitialiseItem)
    i.vListInsert                            0x08002cb4   Section        0  list.o(i.vListInsert)
    i.vListInsertEnd                         0x08002ce8   Section        0  list.o(i.vListInsertEnd)
    i.vPortEnterCritical                     0x08002d00   Section        0  port.o(i.vPortEnterCritical)
    i.vPortExitCritical                      0x08002d54   Section        0  port.o(i.vPortExitCritical)
    i.vPortFree                              0x08002d90   Section        0  heap_4.o(i.vPortFree)
    i.vPortSetupTimerInterrupt               0x08002e24   Section        0  port.o(i.vPortSetupTimerInterrupt)
    i.vTaskDelay                             0x08002e4c   Section        0  tasks.o(i.vTaskDelay)
    i.vTaskStartScheduler                    0x08002ea8   Section        0  tasks.o(i.vTaskStartScheduler)
    i.vTaskSuspendAll                        0x08002f58   Section        0  tasks.o(i.vTaskSuspendAll)
    i.vTaskSwitchContext                     0x08002f68   Section        0  tasks.o(i.vTaskSwitchContext)
    i.ve_vi_tri_0                            0x08002ff4   Section        0  fee_robot.o(i.ve_vi_tri_0)
    i.xPortStartScheduler                    0x08003058   Section        0  port.o(i.xPortStartScheduler)
    i.xPortSysTickHandler                    0x08003150   Section        0  port.o(i.xPortSysTickHandler)
    i.xTaskCreate                            0x08003184   Section        0  tasks.o(i.xTaskCreate)
    i.xTaskCreateStatic                      0x080031e8   Section        0  tasks.o(i.xTaskCreateStatic)
    i.xTaskGetSchedulerState                 0x080032a0   Section        0  tasks.o(i.xTaskGetSchedulerState)
    i.xTaskGetTickCount                      0x080032c0   Section        0  tasks.o(i.xTaskGetTickCount)
    i.xTaskIncrementTick                     0x080032cc   Section        0  tasks.o(i.xTaskIncrementTick)
    i.xTaskResumeAll                         0x08003414   Section        0  tasks.o(i.xTaskResumeAll)
    .constdata                               0x08003518   Section      112  main.o(.constdata)
    .constdata                               0x08003588   Section       18  stm32f1xx_hal_rcc.o(.constdata)
    aPLLMULFactorTable                       0x08003588   Data          16  stm32f1xx_hal_rcc.o(.constdata)
    aPredivFactorTable                       0x08003598   Data           2  stm32f1xx_hal_rcc.o(.constdata)
    .constdata                               0x0800359a   Section       24  system_stm32f1xx.o(.constdata)
    .conststring                             0x080035b4   Section       48  main.o(.conststring)
    .data                                    0x20000000   Section       16  main.o(.data)
    .data                                    0x20000010   Section        9  stm32f1xx_hal.o(.data)
    .data                                    0x2000001c   Section        4  system_stm32f1xx.o(.data)
    .data                                    0x20000020   Section       60  tasks.o(.data)
    pxDelayedTaskList                        0x20000024   Data           4  tasks.o(.data)
    pxOverflowDelayedTaskList                0x20000028   Data           4  tasks.o(.data)
    uxDeletedTasksWaitingCleanUp             0x2000002c   Data           4  tasks.o(.data)
    uxCurrentNumberOfTasks                   0x20000030   Data           4  tasks.o(.data)
    xTickCount                               0x20000034   Data           4  tasks.o(.data)
    uxTopReadyPriority                       0x20000038   Data           4  tasks.o(.data)
    xSchedulerRunning                        0x2000003c   Data           4  tasks.o(.data)
    uxPendedTicks                            0x20000040   Data           4  tasks.o(.data)
    xYieldPending                            0x20000044   Data           4  tasks.o(.data)
    xNumOfOverflows                          0x20000048   Data           4  tasks.o(.data)
    uxTaskNumber                             0x2000004c   Data           4  tasks.o(.data)
    xNextTaskUnblockTime                     0x20000050   Data           4  tasks.o(.data)
    xIdleTaskHandle                          0x20000054   Data           4  tasks.o(.data)
    uxSchedulerSuspended                     0x20000058   Data           4  tasks.o(.data)
    .data                                    0x2000005c   Section       24  heap_4.o(.data)
    xStart                                   0x2000005c   Data           8  heap_4.o(.data)
    pxEnd                                    0x20000064   Data           4  heap_4.o(.data)
    xFreeBytesRemaining                      0x20000068   Data           4  heap_4.o(.data)
    xMinimumEverFreeBytesRemaining           0x2000006c   Data           4  heap_4.o(.data)
    xBlockAllocatedBit                       0x20000070   Data           4  heap_4.o(.data)
    .data                                    0x20000074   Section       12  port.o(.data)
    uxCriticalNesting                        0x20000074   Data           4  port.o(.data)
    ucMaxSysCallPriority                     0x20000078   Data           1  port.o(.data)
    ulMaxPRIGROUPValue                       0x2000007c   Data           4  port.o(.data)
    .data                                    0x20000080   Section       18  fee_pes_control.o(.data)
    fistConnected                            0x20000088   Data           1  fee_pes_control.o(.data)
    byHeadIsTrue                             0x20000089   Data           1  fee_pes_control.o(.data)
    i_pes                                    0x2000008a   Data           1  fee_pes_control.o(.data)
    pesBuff                                  0x2000008b   Data           7  fee_pes_control.o(.data)
    .data                                    0x20000094   Section        4  fee_uart.o(.data)
    .data                                    0x20000098   Section        4  fee_thread1.o(.data)
    .bss                                     0x2000009c   Section      488  main.o(.bss)
    .bss                                     0x20000284   Section      596  freertos.o(.bss)
    xIdleTaskTCBBuffer                       0x20000284   Data          84  freertos.o(.bss)
    xIdleStack                               0x200002d8   Data         512  freertos.o(.bss)
    .bss                                     0x200004d8   Section      240  tasks.o(.bss)
    pxReadyTasksLists                        0x200004d8   Data         140  tasks.o(.bss)
    xDelayedTaskList1                        0x20000564   Data          20  tasks.o(.bss)
    xDelayedTaskList2                        0x20000578   Data          20  tasks.o(.bss)
    xPendingReadyList                        0x2000058c   Data          20  tasks.o(.bss)
    xTasksWaitingTermination                 0x200005a0   Data          20  tasks.o(.bss)
    xSuspendedTaskList                       0x200005b4   Data          20  tasks.o(.bss)
    .bss                                     0x200005c8   Section    15360  heap_4.o(.bss)
    ucHeap                                   0x200005c8   Data       15360  heap_4.o(.bss)
    .bss                                     0x200041c8   Section     1104  fee_rtos.o(.bss)
    .bss                                     0x20004618   Section       96  libspace.o(.bss)
    HEAP                                     0x20004678   Section      512  startup_stm32f103xb.o(HEAP)
    Heap_Mem                                 0x20004678   Data         512  startup_stm32f103xb.o(HEAP)
    STACK                                    0x20004878   Section     1024  startup_stm32f103xb.o(STACK)
    Stack_Mem                                0x20004878   Data        1024  startup_stm32f103xb.o(STACK)
    __initial_sp                             0x20004c78   Data           0  startup_stm32f103xb.o(STACK)

    Global Symbols

    Symbol Name                              Value     Ov Type        Size  Object(Section)

    BuildAttributes$$THM_ISAv4$P$D$K$B$S$PE$A:L22UL41UL21$X:L11$S22US41US21$IEEE1$IW$USESV6$~STKCKD$USESV7$~SHL$OTIME$ROPI$IEEEJ$EBA8$UX$STANDARDLIB$REQ8$PRES8$EABIv2 0x00000000   Number         0  anon$$obj.o ABSOLUTE
    __ARM_use_no_argv                        0x00000000   Number         0  main.o ABSOLUTE
    _printf_flags                            0x00000000   Number         0  printf_stubs.o ABSOLUTE
    _printf_return_value                     0x00000000   Number         0  printf_stubs.o ABSOLUTE
    _printf_sizespec                         0x00000000   Number         0  printf_stubs.o ABSOLUTE
    _printf_widthprec                        0x00000000   Number         0  printf_stubs.o ABSOLUTE
    __ARM_exceptions_init                     - Undefined Weak Reference
    __alloca_initialize                       - Undefined Weak Reference
    __arm_fini_                               - Undefined Weak Reference
    __arm_preinit_                            - Undefined Weak Reference
    __cpp_initialize__aeabi_                  - Undefined Weak Reference
    __cxa_finalize                            - Undefined Weak Reference
    __sigvec_lookup                           - Undefined Weak Reference
    _atexit_init                              - Undefined Weak Reference
    _call_atexit_fns                          - Undefined Weak Reference
    _clock_init                               - Undefined Weak Reference
    _fp_trap_init                             - Undefined Weak Reference
    _fp_trap_shutdown                         - Undefined Weak Reference
    _get_lc_collate                           - Undefined Weak Reference
    _get_lc_monetary                          - Undefined Weak Reference
    _get_lc_time                              - Undefined Weak Reference
    _getenv_init                              - Undefined Weak Reference
    _handle_redirection                       - Undefined Weak Reference
    _init_alloc                               - Undefined Weak Reference
    _init_user_alloc                          - Undefined Weak Reference
    _initio                                   - Undefined Weak Reference
    _printf_mbtowc                            - Undefined Weak Reference
    _printf_wc                                - Undefined Weak Reference
    _rand_init                                - Undefined Weak Reference
    _signal_finish                            - Undefined Weak Reference
    _signal_init                              - Undefined Weak Reference
    _terminate_alloc                          - Undefined Weak Reference
    _terminate_user_alloc                     - Undefined Weak Reference
    _terminateio                              - Undefined Weak Reference
    __Vectors_Size                           0x000000ec   Number         0  startup_stm32f103xb.o ABSOLUTE
    __Vectors                                0x08000000   Data           4  startup_stm32f103xb.o(RESET)
    __Vectors_End                            0x080000ec   Data           0  startup_stm32f103xb.o(RESET)
    __main                                   0x080000ed   Thumb Code     8  __main.o(!!!main)
    __scatterload                            0x080000f5   Thumb Code     0  __scatter.o(!!!scatter)
    __scatterload_rt2                        0x080000f5   Thumb Code    44  __scatter.o(!!!scatter)
    __scatterload_rt2_thumb_only             0x080000f5   Thumb Code     0  __scatter.o(!!!scatter)
    __scatterload_null                       0x08000103   Thumb Code     0  __scatter.o(!!!scatter)
    __scatterload_copy                       0x08000129   Thumb Code    26  __scatter_copy.o(!!handler_copy)
    __scatterload_zeroinit                   0x08000145   Thumb Code    28  __scatter_zi.o(!!handler_zi)
    __rt_lib_init                            0x08000161   Thumb Code     0  libinit.o(.ARM.Collect$$libinit$$00000000)
    __rt_lib_init_alloca_1                   0x08000163   Thumb Code     0  libinit2.o(.ARM.Collect$$libinit$$0000002E)
    __rt_lib_init_argv_1                     0x08000163   Thumb Code     0  libinit2.o(.ARM.Collect$$libinit$$0000002C)
    __rt_lib_init_atexit_1                   0x08000163   Thumb Code     0  libinit2.o(.ARM.Collect$$libinit$$0000001B)
    __rt_lib_init_clock_1                    0x08000163   Thumb Code     0  libinit2.o(.ARM.Collect$$libinit$$00000021)
    __rt_lib_init_cpp_1                      0x08000163   Thumb Code     0  libinit2.o(.ARM.Collect$$libinit$$00000032)
    __rt_lib_init_exceptions_1               0x08000163   Thumb Code     0  libinit2.o(.ARM.Collect$$libinit$$00000030)
    __rt_lib_init_fp_1                       0x08000163   Thumb Code     0  libinit2.o(.ARM.Collect$$libinit$$00000002)
    __rt_lib_init_fp_trap_1                  0x08000163   Thumb Code     0  libinit2.o(.ARM.Collect$$libinit$$0000001F)
    __rt_lib_init_getenv_1                   0x08000163   Thumb Code     0  libinit2.o(.ARM.Collect$$libinit$$00000023)
    __rt_lib_init_heap_1                     0x08000163   Thumb Code     0  libinit2.o(.ARM.Collect$$libinit$$0000000A)
    __rt_lib_init_lc_collate_1               0x08000163   Thumb Code     0  libinit2.o(.ARM.Collect$$libinit$$00000011)
    __rt_lib_init_lc_ctype_1                 0x08000163   Thumb Code     0  libinit2.o(.ARM.Collect$$libinit$$00000013)
    __rt_lib_init_lc_monetary_1              0x08000163   Thumb Code     0  libinit2.o(.ARM.Collect$$libinit$$00000015)
    __rt_lib_init_lc_numeric_1               0x08000163   Thumb Code     0  libinit2.o(.ARM.Collect$$libinit$$00000017)
    __rt_lib_init_lc_time_1                  0x08000163   Thumb Code     0  libinit2.o(.ARM.Collect$$libinit$$00000019)
    __rt_lib_init_preinit_1                  0x08000163   Thumb Code     0  libinit2.o(.ARM.Collect$$libinit$$00000004)
    __rt_lib_init_rand_1                     0x08000163   Thumb Code     0  libinit2.o(.ARM.Collect$$libinit$$0000000E)
    __rt_lib_init_return                     0x08000163   Thumb Code     0  libinit2.o(.ARM.Collect$$libinit$$00000033)
    __rt_lib_init_signal_1                   0x08000163   Thumb Code     0  libinit2.o(.ARM.Collect$$libinit$$0000001D)
    __rt_lib_init_stdio_1                    0x08000163   Thumb Code     0  libinit2.o(.ARM.Collect$$libinit$$00000025)
    __rt_lib_init_user_alloc_1               0x08000163   Thumb Code     0  libinit2.o(.ARM.Collect$$libinit$$0000000C)
    __rt_lib_shutdown                        0x08000165   Thumb Code     0  libshutdown.o(.ARM.Collect$$libshutdown$$00000000)
    __rt_lib_shutdown_cpp_1                  0x08000167   Thumb Code     0  libshutdown2.o(.ARM.Collect$$libshutdown$$00000004)
    __rt_lib_shutdown_fini_1                 0x08000167   Thumb Code     0  libshutdown2.o(.ARM.Collect$$libshutdown$$00000002)
    __rt_lib_shutdown_fp_trap_1              0x08000167   Thumb Code     0  libshutdown2.o(.ARM.Collect$$libshutdown$$00000009)
    __rt_lib_shutdown_heap_1                 0x08000167   Thumb Code     0  libshutdown2.o(.ARM.Collect$$libshutdown$$00000011)
    __rt_lib_shutdown_return                 0x08000167   Thumb Code     0  libshutdown2.o(.ARM.Collect$$libshutdown$$00000012)
    __rt_lib_shutdown_signal_1               0x08000167   Thumb Code     0  libshutdown2.o(.ARM.Collect$$libshutdown$$0000000C)
    __rt_lib_shutdown_stdio_1                0x08000167   Thumb Code     0  libshutdown2.o(.ARM.Collect$$libshutdown$$00000006)
    __rt_lib_shutdown_user_alloc_1           0x08000167   Thumb Code     0  libshutdown2.o(.ARM.Collect$$libshutdown$$0000000E)
    __rt_entry                               0x08000169   Thumb Code     0  __rtentry.o(.ARM.Collect$$rtentry$$00000000)
    __rt_entry_presh_1                       0x08000169   Thumb Code     0  __rtentry2.o(.ARM.Collect$$rtentry$$00000002)
    __rt_entry_sh                            0x08000169   Thumb Code     0  __rtentry4.o(.ARM.Collect$$rtentry$$00000004)
    __rt_entry_li                            0x0800016f   Thumb Code     0  __rtentry2.o(.ARM.Collect$$rtentry$$0000000A)
    __rt_entry_postsh_1                      0x0800016f   Thumb Code     0  __rtentry2.o(.ARM.Collect$$rtentry$$00000009)
    __rt_entry_main                          0x08000173   Thumb Code     0  __rtentry2.o(.ARM.Collect$$rtentry$$0000000D)
    __rt_entry_postli_1                      0x08000173   Thumb Code     0  __rtentry2.o(.ARM.Collect$$rtentry$$0000000C)
    __rt_exit                                0x0800017b   Thumb Code     0  rtexit.o(.ARM.Collect$$rtexit$$00000000)
    __rt_exit_ls                             0x0800017d   Thumb Code     0  rtexit2.o(.ARM.Collect$$rtexit$$00000003)
    __rt_exit_prels_1                        0x0800017d   Thumb Code     0  rtexit2.o(.ARM.Collect$$rtexit$$00000002)
    __rt_exit_exit                           0x08000181   Thumb Code     0  rtexit2.o(.ARM.Collect$$rtexit$$00000004)
    SVC_Handler                              0x08000189   Thumb Code    32  port.o(.emb_text)
    __asm___6_port_c_39a90d8d__prvStartFirstTask 0x080001ad   Thumb Code    28  port.o(.emb_text)
    PendSV_Handler                           0x080001cd   Thumb Code    72  port.o(.emb_text)
    vPortGetIPSR                             0x08000219   Thumb Code     6  port.o(.emb_text)
    Reset_Handler                            0x08000221   Thumb Code     8  startup_stm32f103xb.o(.text)
    ADC1_2_IRQHandler                        0x0800023b   Thumb Code     0  startup_stm32f103xb.o(.text)
    CAN1_RX1_IRQHandler                      0x0800023b   Thumb Code     0  startup_stm32f103xb.o(.text)
    CAN1_SCE_IRQHandler                      0x0800023b   Thumb Code     0  startup_stm32f103xb.o(.text)
    DMA1_Channel2_IRQHandler                 0x0800023b   Thumb Code     0  startup_stm32f103xb.o(.text)
    DMA1_Channel3_IRQHandler                 0x0800023b   Thumb Code     0  startup_stm32f103xb.o(.text)
    DMA1_Channel4_IRQHandler                 0x0800023b   Thumb Code     0  startup_stm32f103xb.o(.text)
    DMA1_Channel5_IRQHandler                 0x0800023b   Thumb Code     0  startup_stm32f103xb.o(.text)
    DMA1_Channel6_IRQHandler                 0x0800023b   Thumb Code     0  startup_stm32f103xb.o(.text)
    DMA1_Channel7_IRQHandler                 0x0800023b   Thumb Code     0  startup_stm32f103xb.o(.text)
    EXTI0_IRQHandler                         0x0800023b   Thumb Code     0  startup_stm32f103xb.o(.text)
    EXTI1_IRQHandler                         0x0800023b   Thumb Code     0  startup_stm32f103xb.o(.text)
    EXTI2_IRQHandler                         0x0800023b   Thumb Code     0  startup_stm32f103xb.o(.text)
    EXTI3_IRQHandler                         0x0800023b   Thumb Code     0  startup_stm32f103xb.o(.text)
    EXTI4_IRQHandler                         0x0800023b   Thumb Code     0  startup_stm32f103xb.o(.text)
    EXTI9_5_IRQHandler                       0x0800023b   Thumb Code     0  startup_stm32f103xb.o(.text)
    FLASH_IRQHandler                         0x0800023b   Thumb Code     0  startup_stm32f103xb.o(.text)
    I2C1_ER_IRQHandler                       0x0800023b   Thumb Code     0  startup_stm32f103xb.o(.text)
    I2C1_EV_IRQHandler                       0x0800023b   Thumb Code     0  startup_stm32f103xb.o(.text)
    I2C2_ER_IRQHandler                       0x0800023b   Thumb Code     0  startup_stm32f103xb.o(.text)
    I2C2_EV_IRQHandler                       0x0800023b   Thumb Code     0  startup_stm32f103xb.o(.text)
    PVD_IRQHandler                           0x0800023b   Thumb Code     0  startup_stm32f103xb.o(.text)
    RCC_IRQHandler                           0x0800023b   Thumb Code     0  startup_stm32f103xb.o(.text)
    RTC_Alarm_IRQHandler                     0x0800023b   Thumb Code     0  startup_stm32f103xb.o(.text)
    RTC_IRQHandler                           0x0800023b   Thumb Code     0  startup_stm32f103xb.o(.text)
    SPI1_IRQHandler                          0x0800023b   Thumb Code     0  startup_stm32f103xb.o(.text)
    SPI2_IRQHandler                          0x0800023b   Thumb Code     0  startup_stm32f103xb.o(.text)
    TAMPER_IRQHandler                        0x0800023b   Thumb Code     0  startup_stm32f103xb.o(.text)
    TIM1_BRK_IRQHandler                      0x0800023b   Thumb Code     0  startup_stm32f103xb.o(.text)
    TIM1_CC_IRQHandler                       0x0800023b   Thumb Code     0  startup_stm32f103xb.o(.text)
    TIM1_TRG_COM_IRQHandler                  0x0800023b   Thumb Code     0  startup_stm32f103xb.o(.text)
    TIM1_UP_IRQHandler                       0x0800023b   Thumb Code     0  startup_stm32f103xb.o(.text)
    TIM3_IRQHandler                          0x0800023b   Thumb Code     0  startup_stm32f103xb.o(.text)
    TIM4_IRQHandler                          0x0800023b   Thumb Code     0  startup_stm32f103xb.o(.text)
    USART2_IRQHandler                        0x0800023b   Thumb Code     0  startup_stm32f103xb.o(.text)
    USBWakeUp_IRQHandler                     0x0800023b   Thumb Code     0  startup_stm32f103xb.o(.text)
    USB_HP_CAN1_TX_IRQHandler                0x0800023b   Thumb Code     0  startup_stm32f103xb.o(.text)
    USB_LP_CAN1_RX0_IRQHandler               0x0800023b   Thumb Code     0  startup_stm32f103xb.o(.text)
    WWDG_IRQHandler                          0x0800023b   Thumb Code     0  startup_stm32f103xb.o(.text)
    __user_initial_stackheap                 0x0800023d   Thumb Code     0  startup_stm32f103xb.o(.text)
    __aeabi_memcpy4                          0x08000261   Thumb Code     0  rt_memcpy_w.o(.text)
    __aeabi_memcpy8                          0x08000261   Thumb Code     0  rt_memcpy_w.o(.text)
    __rt_memcpy_w                            0x08000261   Thumb Code   100  rt_memcpy_w.o(.text)
    _memcpy_lastbytes_aligned                0x080002a9   Thumb Code     0  rt_memcpy_w.o(.text)
    __aeabi_memclr4                          0x080002c5   Thumb Code     0  rt_memclr_w.o(.text)
    __aeabi_memclr8                          0x080002c5   Thumb Code     0  rt_memclr_w.o(.text)
    __rt_memclr_w                            0x080002c5   Thumb Code    78  rt_memclr_w.o(.text)
    _memset_w                                0x080002c9   Thumb Code     0  rt_memclr_w.o(.text)
    __use_two_region_memory                  0x08000313   Thumb Code     2  heapauxi.o(.text)
    __rt_heap_escrow$2region                 0x08000315   Thumb Code     2  heapauxi.o(.text)
    __rt_heap_expand$2region                 0x08000317   Thumb Code     2  heapauxi.o(.text)
    __user_setup_stackheap                   0x08000319   Thumb Code    74  sys_stackheap_outer.o(.text)
    exit                                     0x08000363   Thumb Code    18  exit.o(.text)
    __user_libspace                          0x08000375   Thumb Code     8  libspace.o(.text)
    __user_perproc_libspace                  0x08000375   Thumb Code     0  libspace.o(.text)
    __user_perthread_libspace                0x08000375   Thumb Code     0  libspace.o(.text)
    _sys_exit                                0x0800037d   Thumb Code     8  sys_exit.o(.text)
    __I$use$semihosting                      0x08000389   Thumb Code     0  use_no_semi.o(.text)
    __use_no_semihosting_swi                 0x08000389   Thumb Code     2  use_no_semi.o(.text)
    BusFault_Handler                         0x0800038b   Thumb Code     4  stm32f1xx_it.o(i.BusFault_Handler)
    __semihosting_library_function           0x0800038b   Thumb Code     0  indicate_semi.o(.text)
    DMA1_Channel1_IRQHandler                 0x08000391   Thumb Code    10  stm32f1xx_it.o(i.DMA1_Channel1_IRQHandler)
    DebugMon_Handler                         0x080003a1   Thumb Code     2  stm32f1xx_it.o(i.DebugMon_Handler)
    EXTI15_10_IRQHandler                     0x080003a3   Thumb Code    28  stm32f1xx_it.o(i.EXTI15_10_IRQHandler)
    Error_Handler                            0x080003bf   Thumb Code     6  main.o(i.Error_Handler)
    FEE_Data_Innit                           0x080003c5   Thumb Code    38  fee_rtos.o(i.FEE_Data_Innit)
    FEE_GPIO_Innit                           0x080003f1   Thumb Code    26  fee_gpio.o(i.FEE_GPIO_Innit)
    FEE_PES_Check_Connect                    0x08000411   Thumb Code   116  fee_pes_control.o(i.FEE_PES_Check_Connect)
    FEE_PES_Innit                            0x08000499   Thumb Code    58  fee_pes_control.o(i.FEE_PES_Innit)
    FEE_RTOS_Innit                           0x080004e1   Thumb Code    16  fee_rtos.o(i.FEE_RTOS_Innit)
    FEE_UART_Innit                           0x080004f1   Thumb Code   282  fee_uart.o(i.FEE_UART_Innit)
    HAL_DMA_Abort                            0x08000615   Thumb Code    86  stm32f1xx_hal_dma.o(i.HAL_DMA_Abort)
    HAL_DMA_Abort_IT                         0x0800066d   Thumb Code   172  stm32f1xx_hal_dma.o(i.HAL_DMA_Abort_IT)
    HAL_DMA_IRQHandler                       0x0800071d   Thumb Code   408  stm32f1xx_hal_dma.o(i.HAL_DMA_IRQHandler)
    HAL_GPIO_EXTI_Callback                   0x080008b9   Thumb Code     2  fee_rtos.o(i.HAL_GPIO_EXTI_Callback)
    HAL_GPIO_EXTI_IRQHandler                 0x080008bd   Thumb Code    24  stm32f1xx_hal_gpio.o(i.HAL_GPIO_EXTI_IRQHandler)
    HAL_GPIO_Init                            0x080008d9   Thumb Code   766  stm32f1xx_hal_gpio.o(i.HAL_GPIO_Init)
    HAL_GPIO_ReadPin                         0x08000bf9   Thumb Code    16  stm32f1xx_hal_gpio.o(i.HAL_GPIO_ReadPin)
    HAL_GPIO_WritePin                        0x08000c09   Thumb Code    12  stm32f1xx_hal_gpio.o(i.HAL_GPIO_WritePin)
    HAL_GetTick                              0x08000c15   Thumb Code     6  stm32f1xx_hal.o(i.HAL_GetTick)
    HAL_IncTick                              0x08000c21   Thumb Code    16  stm32f1xx_hal.o(i.HAL_IncTick)
    HAL_Init                                 0x08000c39   Thumb Code    34  stm32f1xx_hal.o(i.HAL_Init)
    HAL_InitTick                             0x08000c61   Thumb Code    64  stm32f1xx_hal.o(i.HAL_InitTick)
    HAL_MspInit                              0x08000cad   Thumb Code    86  stm32f1xx_hal_msp.o(i.HAL_MspInit)
    HAL_NVIC_EnableIRQ                       0x08000d0d   Thumb Code    32  stm32f1xx_hal_cortex.o(i.HAL_NVIC_EnableIRQ)
    HAL_NVIC_SetPriority                     0x08000d2d   Thumb Code   124  stm32f1xx_hal_cortex.o(i.HAL_NVIC_SetPriority)
    HAL_NVIC_SetPriorityGrouping             0x08000da9   Thumb Code    32  stm32f1xx_hal_cortex.o(i.HAL_NVIC_SetPriorityGrouping)
    HAL_RCCEx_PeriphCLKConfig                0x08000dd1   Thumb Code   290  stm32f1xx_hal_rcc_ex.o(i.HAL_RCCEx_PeriphCLKConfig)
    HAL_RCC_ClockConfig                      0x08000f01   Thumb Code   376  stm32f1xx_hal_rcc.o(i.HAL_RCC_ClockConfig)
    HAL_RCC_GetHCLKFreq                      0x0800108d   Thumb Code     6  stm32f1xx_hal_rcc.o(i.HAL_RCC_GetHCLKFreq)
    HAL_RCC_GetPCLK1Freq                     0x08001099   Thumb Code    22  stm32f1xx_hal_rcc.o(i.HAL_RCC_GetPCLK1Freq)
    HAL_RCC_GetPCLK2Freq                     0x080010b9   Thumb Code    22  stm32f1xx_hal_rcc.o(i.HAL_RCC_GetPCLK2Freq)
    HAL_RCC_GetSysClockFreq                  0x080010d9   Thumb Code    92  stm32f1xx_hal_rcc.o(i.HAL_RCC_GetSysClockFreq)
    HAL_RCC_OscConfig                        0x08001149   Thumb Code  1114  stm32f1xx_hal_rcc.o(i.HAL_RCC_OscConfig)
    HAL_SYSTICK_Config                       0x080015ad   Thumb Code    52  stm32f1xx_hal_cortex.o(i.HAL_SYSTICK_Config)
    HAL_TIMEx_BreakCallback                  0x080015e1   Thumb Code     2  stm32f1xx_hal_tim_ex.o(i.HAL_TIMEx_BreakCallback)
    HAL_TIMEx_CommutCallback                 0x080015e3   Thumb Code     2  stm32f1xx_hal_tim_ex.o(i.HAL_TIMEx_CommutCallback)
    HAL_TIM_IC_CaptureCallback               0x080015e5   Thumb Code     2  stm32f1xx_hal_tim.o(i.HAL_TIM_IC_CaptureCallback)
    HAL_TIM_IRQHandler                       0x080015e7   Thumb Code   406  stm32f1xx_hal_tim.o(i.HAL_TIM_IRQHandler)
    HAL_TIM_OC_DelayElapsedCallback          0x0800177d   Thumb Code     2  stm32f1xx_hal_tim.o(i.HAL_TIM_OC_DelayElapsedCallback)
    HAL_TIM_PWM_PulseFinishedCallback        0x0800177f   Thumb Code     2  stm32f1xx_hal_tim.o(i.HAL_TIM_PWM_PulseFinishedCallback)
    HAL_TIM_PeriodElapsedCallback            0x08001781   Thumb Code     2  fee_rtos.o(i.HAL_TIM_PeriodElapsedCallback)
    HAL_TIM_TriggerCallback                  0x08001783   Thumb Code     2  stm32f1xx_hal_tim.o(i.HAL_TIM_TriggerCallback)
    HAL_UARTEx_RxEventCallback               0x08001785   Thumb Code     2  fee_rtos.o(i.HAL_UARTEx_RxEventCallback)
    HAL_UART_ErrorCallback                   0x08001787   Thumb Code     2  stm32f1xx_hal_uart.o(i.HAL_UART_ErrorCallback)
    HAL_UART_IRQHandler                      0x08001789   Thumb Code   736  stm32f1xx_hal_uart.o(i.HAL_UART_IRQHandler)
    HAL_UART_Init                            0x08001a6d   Thumb Code   118  stm32f1xx_hal_uart.o(i.HAL_UART_Init)
    HAL_UART_MspInit                         0x08001ae5   Thumb Code   360  stm32f1xx_hal_msp.o(i.HAL_UART_MspInit)
    HAL_UART_Receive_IT                      0x08001c65   Thumb Code    44  stm32f1xx_hal_uart.o(i.HAL_UART_Receive_IT)
    HAL_UART_RxCpltCallback                  0x08001c91   Thumb Code     2  fee_rtos.o(i.HAL_UART_RxCpltCallback)
    HAL_UART_Transmit                        0x08001c93   Thumb Code   178  stm32f1xx_hal_uart.o(i.HAL_UART_Transmit)
    HAL_UART_TxCpltCallback                  0x08001d45   Thumb Code     2  stm32f1xx_hal_uart.o(i.HAL_UART_TxCpltCallback)
    HardFault_Handler                        0x08001d47   Thumb Code     4  stm32f1xx_it.o(i.HardFault_Handler)
    MemManage_Handler                        0x08001f49   Thumb Code     4  stm32f1xx_it.o(i.MemManage_Handler)
    NMI_Handler                              0x08001f4d   Thumb Code     4  stm32f1xx_it.o(i.NMI_Handler)
    StartDefaultTask                         0x08001f79   Thumb Code    38  fee_thread1.o(i.StartDefaultTask)
    StartTask02                              0x08001fa1   Thumb Code    14  fee_thread2.o(i.StartTask02)
    StartTask03                              0x08001fb5   Thumb Code    10  fee_thread3.o(i.StartTask03)
    StartTask04                              0x08001fbf   Thumb Code    10  fee_thread4.o(i.StartTask04)
    SysTick_Handler                          0x08001fc9   Thumb Code    20  stm32f1xx_it.o(i.SysTick_Handler)
    SystemClock_Config                       0x08001fdd   Thumb Code   132  main.o(i.SystemClock_Config)
    SystemInit                               0x08002061   Thumb Code     2  system_stm32f1xx.o(i.SystemInit)
    TIM2_IRQHandler                          0x08002065   Thumb Code    10  stm32f1xx_it.o(i.TIM2_IRQHandler)
    UART_Start_Receive_IT                    0x0800230d   Thumb Code    64  stm32f1xx_hal_uart.o(i.UART_Start_Receive_IT)
    USART1_IRQHandler                        0x08002441   Thumb Code    10  stm32f1xx_it.o(i.USART1_IRQHandler)
    USART3_IRQHandler                        0x08002451   Thumb Code    10  stm32f1xx_it.o(i.USART3_IRQHandler)
    UsageFault_Handler                       0x08002461   Thumb Code     4  stm32f1xx_it.o(i.UsageFault_Handler)
    main                                     0x0800249d   Thumb Code   144  main.o(i.main)
    osDelay                                  0x08002553   Thumb Code    24  cmsis_os.o(i.osDelay)
    osKernelStart                            0x0800256b   Thumb Code    10  cmsis_os.o(i.osKernelStart)
    osThreadCreate                           0x08002575   Thumb Code    94  cmsis_os.o(i.osThreadCreate)
    pid_dc1                                  0x080025d5   Thumb Code    38  fee_uart.o(i.pid_dc1)
    pid_dc2                                  0x08002601   Thumb Code    38  fee_uart.o(i.pid_dc2)
    pid_dc3                                  0x0800262d   Thumb Code    38  fee_uart.o(i.pid_dc3)
    pvPortMalloc                             0x08002ad1   Thumb Code   296  heap_4.o(i.pvPortMalloc)
    pxPortInitialiseStack                    0x08002c0d   Thumb Code    30  port.o(i.pxPortInitialiseStack)
    send_uart                                0x08002c31   Thumb Code    28  fee_uart.o(i.send_uart)
    uxListRemove                             0x08002c55   Thumb Code    40  list.o(i.uxListRemove)
    vApplicationGetIdleTaskMemory            0x08002c7d   Thumb Code    14  freertos.o(i.vApplicationGetIdleTaskMemory)
    vListInitialise                          0x08002c95   Thumb Code    26  list.o(i.vListInitialise)
    vListInitialiseItem                      0x08002caf   Thumb Code     6  list.o(i.vListInitialiseItem)
    vListInsert                              0x08002cb5   Thumb Code    52  list.o(i.vListInsert)
    vListInsertEnd                           0x08002ce9   Thumb Code    24  list.o(i.vListInsertEnd)
    vPortEnterCritical                       0x08002d01   Thumb Code    76  port.o(i.vPortEnterCritical)
    vPortExitCritical                        0x08002d55   Thumb Code    56  port.o(i.vPortExitCritical)
    vPortFree                                0x08002d91   Thumb Code   140  heap_4.o(i.vPortFree)
    vPortSetupTimerInterrupt                 0x08002e25   Thumb Code    36  port.o(i.vPortSetupTimerInterrupt)
    vTaskDelay                               0x08002e4d   Thumb Code    82  tasks.o(i.vTaskDelay)
    vTaskStartScheduler                      0x08002ea9   Thumb Code   146  tasks.o(i.vTaskStartScheduler)
    vTaskSuspendAll                          0x08002f59   Thumb Code    12  tasks.o(i.vTaskSuspendAll)
    vTaskSwitchContext                       0x08002f69   Thumb Code   118  tasks.o(i.vTaskSwitchContext)
    ve_vi_tri_0                              0x08002ff5   Thumb Code    90  fee_robot.o(i.ve_vi_tri_0)
    xPortStartScheduler                      0x08003059   Thumb Code   228  port.o(i.xPortStartScheduler)
    xPortSysTickHandler                      0x08003151   Thumb Code    46  port.o(i.xPortSysTickHandler)
    xTaskCreate                              0x08003185   Thumb Code   100  tasks.o(i.xTaskCreate)
    xTaskCreateStatic                        0x080031e9   Thumb Code   184  tasks.o(i.xTaskCreateStatic)
    xTaskGetSchedulerState                   0x080032a1   Thumb Code    24  tasks.o(i.xTaskGetSchedulerState)
    xTaskGetTickCount                        0x080032c1   Thumb Code     6  tasks.o(i.xTaskGetTickCount)
    xTaskIncrementTick                       0x080032cd   Thumb Code   282  tasks.o(i.xTaskIncrementTick)
    xTaskResumeAll                           0x08003415   Thumb Code   224  tasks.o(i.xTaskResumeAll)
    AHBPrescTable                            0x0800359a   Data          16  system_stm32f1xx.o(.constdata)
    APBPrescTable                            0x080035aa   Data           8  system_stm32f1xx.o(.constdata)
    Region$$Table$$Base                      0x080035e4   Number         0  anon$$obj.o(Region$$Table)
    Region$$Table$$Limit                     0x08003604   Number         0  anon$$obj.o(Region$$Table)
    defaultTaskHandle                        0x20000000   Data           4  main.o(.data)
    myTask02Handle                           0x20000004   Data           4  main.o(.data)
    myTask03Handle                           0x20000008   Data           4  main.o(.data)
    myTask04Handle                           0x2000000c   Data           4  main.o(.data)
    uwTick                                   0x20000010   Data           4  stm32f1xx_hal.o(.data)
    uwTickPrio                               0x20000014   Data           4  stm32f1xx_hal.o(.data)
    uwTickFreq                               0x20000018   Data           1  stm32f1xx_hal.o(.data)
    SystemCoreClock                          0x2000001c   Data           4  system_stm32f1xx.o(.data)
    pxCurrentTCB                             0x20000020   Data           4  tasks.o(.data)
    ph                                       0x20000080   Data           4  fee_pes_control.o(.data)
    UartTransmit                             0x20000084   Data           4  fee_pes_control.o(.data)
    pi                                       0x20000094   Data           4  fee_uart.o(.data)
    tem                                      0x20000098   Data           4  fee_thread1.o(.data)
    hadc1                                    0x2000009c   Data          48  main.o(.bss)
    hdma_adc1                                0x200000cc   Data          68  main.o(.bss)
    hi2c1                                    0x20000110   Data          84  main.o(.bss)
    htim2                                    0x20000164   Data          72  main.o(.bss)
    huart1                                   0x200001ac   Data          72  main.o(.bss)
    huart2                                   0x200001f4   Data          72  main.o(.bss)
    huart3                                   0x2000023c   Data          72  main.o(.bss)
    FEE_RTOS_struct                          0x200041c8   Data        1104  fee_rtos.o(.bss)
    __libspace_start                         0x20004618   Data          96  libspace.o(.bss)
    __temporary_stack_top$libspace           0x20004678   Data           0  libspace.o(.bss)



==============================================================================

Memory Map of the image

  Image Entry point : 0x080000ed

  Load Region LR_IROM1 (Base: 0x08000000, Size: 0x000036a0, Max: 0x00010000, ABSOLUTE)

    Execution Region ER_IROM1 (Exec base: 0x08000000, Load base: 0x08000000, Size: 0x00003604, Max: 0x00010000, ABSOLUTE)

    Exec Addr    Load Addr    Size         Type   Attr      Idx    E Section Name        Object

    0x08000000   0x08000000   0x000000ec   Data   RO            3    RESET               startup_stm32f103xb.o
    0x080000ec   0x080000ec   0x00000008   Code   RO         5628  * !!!main             c_w.l(__main.o)
    0x080000f4   0x080000f4   0x00000034   Code   RO         5945    !!!scatter          c_w.l(__scatter.o)
    0x08000128   0x08000128   0x0000001a   Code   RO         5947    !!handler_copy      c_w.l(__scatter_copy.o)
    0x08000142   0x08000142   0x00000002   PAD
    0x08000144   0x08000144   0x0000001c   Code   RO         5949    !!handler_zi        c_w.l(__scatter_zi.o)
    0x08000160   0x08000160   0x00000002   Code   RO         5804    .ARM.Collect$$libinit$$00000000  c_w.l(libinit.o)
    0x08000162   0x08000162   0x00000000   Code   RO         5820    .ARM.Collect$$libinit$$00000002  c_w.l(libinit2.o)
    0x08000162   0x08000162   0x00000000   Code   RO         5822    .ARM.Collect$$libinit$$00000004  c_w.l(libinit2.o)
    0x08000162   0x08000162   0x00000000   Code   RO         5825    .ARM.Collect$$libinit$$0000000A  c_w.l(libinit2.o)
    0x08000162   0x08000162   0x00000000   Code   RO         5827    .ARM.Collect$$libinit$$0000000C  c_w.l(libinit2.o)
    0x08000162   0x08000162   0x00000000   Code   RO         5829    .ARM.Collect$$libinit$$0000000E  c_w.l(libinit2.o)
    0x08000162   0x08000162   0x00000000   Code   RO         5832    .ARM.Collect$$libinit$$00000011  c_w.l(libinit2.o)
    0x08000162   0x08000162   0x00000000   Code   RO         5834    .ARM.Collect$$libinit$$00000013  c_w.l(libinit2.o)
    0x08000162   0x08000162   0x00000000   Code   RO         5836    .ARM.Collect$$libinit$$00000015  c_w.l(libinit2.o)
    0x08000162   0x08000162   0x00000000   Code   RO         5838    .ARM.Collect$$libinit$$00000017  c_w.l(libinit2.o)
    0x08000162   0x08000162   0x00000000   Code   RO         5840    .ARM.Collect$$libinit$$00000019  c_w.l(libinit2.o)
    0x08000162   0x08000162   0x00000000   Code   RO         5842    .ARM.Collect$$libinit$$0000001B  c_w.l(libinit2.o)
    0x08000162   0x08000162   0x00000000   Code   RO         5844    .ARM.Collect$$libinit$$0000001D  c_w.l(libinit2.o)
    0x08000162   0x08000162   0x00000000   Code   RO         5846    .ARM.Collect$$libinit$$0000001F  c_w.l(libinit2.o)
    0x08000162   0x08000162   0x00000000   Code   RO         5848    .ARM.Collect$$libinit$$00000021  c_w.l(libinit2.o)
    0x08000162   0x08000162   0x00000000   Code   RO         5850    .ARM.Collect$$libinit$$00000023  c_w.l(libinit2.o)
    0x08000162   0x08000162   0x00000000   Code   RO         5852    .ARM.Collect$$libinit$$00000025  c_w.l(libinit2.o)
    0x08000162   0x08000162   0x00000000   Code   RO         5856    .ARM.Collect$$libinit$$0000002C  c_w.l(libinit2.o)
    0x08000162   0x08000162   0x00000000   Code   RO         5858    .ARM.Collect$$libinit$$0000002E  c_w.l(libinit2.o)
    0x08000162   0x08000162   0x00000000   Code   RO         5860    .ARM.Collect$$libinit$$00000030  c_w.l(libinit2.o)
    0x08000162   0x08000162   0x00000000   Code   RO         5862    .ARM.Collect$$libinit$$00000032  c_w.l(libinit2.o)
    0x08000162   0x08000162   0x00000002   Code   RO         5863    .ARM.Collect$$libinit$$00000033  c_w.l(libinit2.o)
    0x08000164   0x08000164   0x00000002   Code   RO         5883    .ARM.Collect$$libshutdown$$00000000  c_w.l(libshutdown.o)
    0x08000166   0x08000166   0x00000000   Code   RO         5896    .ARM.Collect$$libshutdown$$00000002  c_w.l(libshutdown2.o)
    0x08000166   0x08000166   0x00000000   Code   RO         5898    .ARM.Collect$$libshutdown$$00000004  c_w.l(libshutdown2.o)
    0x08000166   0x08000166   0x00000000   Code   RO         5900    .ARM.Collect$$libshutdown$$00000006  c_w.l(libshutdown2.o)
    0x08000166   0x08000166   0x00000000   Code   RO         5903    .ARM.Collect$$libshutdown$$00000009  c_w.l(libshutdown2.o)
    0x08000166   0x08000166   0x00000000   Code   RO         5906    .ARM.Collect$$libshutdown$$0000000C  c_w.l(libshutdown2.o)
    0x08000166   0x08000166   0x00000000   Code   RO         5908    .ARM.Collect$$libshutdown$$0000000E  c_w.l(libshutdown2.o)
    0x08000166   0x08000166   0x00000000   Code   RO         5911    .ARM.Collect$$libshutdown$$00000011  c_w.l(libshutdown2.o)
    0x08000166   0x08000166   0x00000002   Code   RO         5912    .ARM.Collect$$libshutdown$$00000012  c_w.l(libshutdown2.o)
    0x08000168   0x08000168   0x00000000   Code   RO         5642    .ARM.Collect$$rtentry$$00000000  c_w.l(__rtentry.o)
    0x08000168   0x08000168   0x00000000   Code   RO         5729    .ARM.Collect$$rtentry$$00000002  c_w.l(__rtentry2.o)
    0x08000168   0x08000168   0x00000006   Code   RO         5741    .ARM.Collect$$rtentry$$00000004  c_w.l(__rtentry4.o)
    0x0800016e   0x0800016e   0x00000000   Code   RO         5731    .ARM.Collect$$rtentry$$00000009  c_w.l(__rtentry2.o)
    0x0800016e   0x0800016e   0x00000004   Code   RO         5732    .ARM.Collect$$rtentry$$0000000A  c_w.l(__rtentry2.o)
    0x08000172   0x08000172   0x00000000   Code   RO         5734    .ARM.Collect$$rtentry$$0000000C  c_w.l(__rtentry2.o)
    0x08000172   0x08000172   0x00000008   Code   RO         5735    .ARM.Collect$$rtentry$$0000000D  c_w.l(__rtentry2.o)
    0x0800017a   0x0800017a   0x00000002   Code   RO         5812    .ARM.Collect$$rtexit$$00000000  c_w.l(rtexit.o)
    0x0800017c   0x0800017c   0x00000000   Code   RO         5865    .ARM.Collect$$rtexit$$00000002  c_w.l(rtexit2.o)
    0x0800017c   0x0800017c   0x00000004   Code   RO         5866    .ARM.Collect$$rtexit$$00000003  c_w.l(rtexit2.o)
    0x08000180   0x08000180   0x00000006   Code   RO         5867    .ARM.Collect$$rtexit$$00000004  c_w.l(rtexit2.o)
    0x08000186   0x08000186   0x00000002   PAD
    0x08000188   0x08000188   0x00000096   Code   RO         4889    .emb_text           port.o
    0x0800021e   0x0800021e   0x00000002   PAD
    0x08000220   0x08000220   0x00000040   Code   RO            4    .text               startup_stm32f103xb.o
    0x08000260   0x08000260   0x00000064   Code   RO         5620    .text               c_w.l(rt_memcpy_w.o)
    0x080002c4   0x080002c4   0x0000004e   Code   RO         5624    .text               c_w.l(rt_memclr_w.o)
    0x08000312   0x08000312   0x00000006   Code   RO         5626    .text               c_w.l(heapauxi.o)
    0x08000318   0x08000318   0x0000004a   Code   RO         5758    .text               c_w.l(sys_stackheap_outer.o)
    0x08000362   0x08000362   0x00000012   Code   RO         5797    .text               c_w.l(exit.o)
    0x08000374   0x08000374   0x00000008   Code   RO         5809    .text               c_w.l(libspace.o)
    0x0800037c   0x0800037c   0x0000000c   Code   RO         5875    .text               c_w.l(sys_exit.o)
    0x08000388   0x08000388   0x00000002   Code   RO         5886    .text               c_w.l(use_no_semi.o)
    0x0800038a   0x0800038a   0x00000000   Code   RO         5888    .text               c_w.l(indicate_semi.o)
    0x0800038a   0x0800038a   0x00000004   Code   RO          325    i.BusFault_Handler  stm32f1xx_it.o
    0x0800038e   0x0800038e   0x00000002   PAD
    0x08000390   0x08000390   0x00000010   Code   RO          326    i.DMA1_Channel1_IRQHandler  stm32f1xx_it.o
    0x080003a0   0x080003a0   0x00000002   Code   RO          327    i.DebugMon_Handler  stm32f1xx_it.o
    0x080003a2   0x080003a2   0x0000001c   Code   RO          328    i.EXTI15_10_IRQHandler  stm32f1xx_it.o
    0x080003be   0x080003be   0x00000006   Code   RO           13    i.Error_Handler     main.o
    0x080003c4   0x080003c4   0x0000002c   Code   RO         5250    i.FEE_Data_Innit    fee_rtos.o
    0x080003f0   0x080003f0   0x00000020   Code   RO         5094    i.FEE_GPIO_Innit    fee_gpio.o
    0x08000410   0x08000410   0x00000088   Code   RO         5189    i.FEE_PES_Check_Connect  fee_pes_control.o
    0x08000498   0x08000498   0x00000048   Code   RO         5190    i.FEE_PES_Innit     fee_pes_control.o
    0x080004e0   0x080004e0   0x00000010   Code   RO         5251    i.FEE_RTOS_Innit    fee_rtos.o
    0x080004f0   0x080004f0   0x00000124   Code   RO         5315    i.FEE_UART_Innit    fee_uart.o
    0x08000614   0x08000614   0x00000056   Code   RO         1188    i.HAL_DMA_Abort     stm32f1xx_hal_dma.o
    0x0800066a   0x0800066a   0x00000002   PAD
    0x0800066c   0x0800066c   0x000000b0   Code   RO         1189    i.HAL_DMA_Abort_IT  stm32f1xx_hal_dma.o
    0x0800071c   0x0800071c   0x0000019c   Code   RO         1193    i.HAL_DMA_IRQHandler  stm32f1xx_hal_dma.o
    0x080008b8   0x080008b8   0x00000002   Code   RO         5252    i.HAL_GPIO_EXTI_Callback  fee_rtos.o
    0x080008ba   0x080008ba   0x00000002   PAD
    0x080008bc   0x080008bc   0x0000001c   Code   RO         1123    i.HAL_GPIO_EXTI_IRQHandler  stm32f1xx_hal_gpio.o
    0x080008d8   0x080008d8   0x00000320   Code   RO         1124    i.HAL_GPIO_Init     stm32f1xx_hal_gpio.o
    0x08000bf8   0x08000bf8   0x00000010   Code   RO         1126    i.HAL_GPIO_ReadPin  stm32f1xx_hal_gpio.o
    0x08000c08   0x08000c08   0x0000000c   Code   RO         1128    i.HAL_GPIO_WritePin  stm32f1xx_hal_gpio.o
    0x08000c14   0x08000c14   0x0000000c   Code   RO          813    i.HAL_GetTick       stm32f1xx_hal.o
    0x08000c20   0x08000c20   0x00000018   Code   RO          819    i.HAL_IncTick       stm32f1xx_hal.o
    0x08000c38   0x08000c38   0x00000028   Code   RO          820    i.HAL_Init          stm32f1xx_hal.o
    0x08000c60   0x08000c60   0x0000004c   Code   RO          821    i.HAL_InitTick      stm32f1xx_hal.o
    0x08000cac   0x08000cac   0x00000060   Code   RO          422    i.HAL_MspInit       stm32f1xx_hal_msp.o
    0x08000d0c   0x08000d0c   0x00000020   Code   RO         1284    i.HAL_NVIC_EnableIRQ  stm32f1xx_hal_cortex.o
    0x08000d2c   0x08000d2c   0x0000007c   Code   RO         1290    i.HAL_NVIC_SetPriority  stm32f1xx_hal_cortex.o
    0x08000da8   0x08000da8   0x00000028   Code   RO         1291    i.HAL_NVIC_SetPriorityGrouping  stm32f1xx_hal_cortex.o
    0x08000dd0   0x08000dd0   0x00000130   Code   RO         1086    i.HAL_RCCEx_PeriphCLKConfig  stm32f1xx_hal_rcc_ex.o
    0x08000f00   0x08000f00   0x0000018c   Code   RO          977    i.HAL_RCC_ClockConfig  stm32f1xx_hal_rcc.o
    0x0800108c   0x0800108c   0x0000000c   Code   RO          982    i.HAL_RCC_GetHCLKFreq  stm32f1xx_hal_rcc.o
    0x08001098   0x08001098   0x00000020   Code   RO          984    i.HAL_RCC_GetPCLK1Freq  stm32f1xx_hal_rcc.o
    0x080010b8   0x080010b8   0x00000020   Code   RO          985    i.HAL_RCC_GetPCLK2Freq  stm32f1xx_hal_rcc.o
    0x080010d8   0x080010d8   0x00000070   Code   RO          986    i.HAL_RCC_GetSysClockFreq  stm32f1xx_hal_rcc.o
    0x08001148   0x08001148   0x00000464   Code   RO          989    i.HAL_RCC_OscConfig  stm32f1xx_hal_rcc.o
    0x080015ac   0x080015ac   0x00000034   Code   RO         1295    i.HAL_SYSTICK_Config  stm32f1xx_hal_cortex.o
    0x080015e0   0x080015e0   0x00000002   Code   RO         3004    i.HAL_TIMEx_BreakCallback  stm32f1xx_hal_tim_ex.o
    0x080015e2   0x080015e2   0x00000002   Code   RO         3005    i.HAL_TIMEx_CommutCallback  stm32f1xx_hal_tim_ex.o
    0x080015e4   0x080015e4   0x00000002   Code   RO         2323    i.HAL_TIM_IC_CaptureCallback  stm32f1xx_hal_tim.o
    0x080015e6   0x080015e6   0x00000196   Code   RO         2337    i.HAL_TIM_IRQHandler  stm32f1xx_hal_tim.o
    0x0800177c   0x0800177c   0x00000002   Code   RO         2340    i.HAL_TIM_OC_DelayElapsedCallback  stm32f1xx_hal_tim.o
    0x0800177e   0x0800177e   0x00000002   Code   RO         2367    i.HAL_TIM_PWM_PulseFinishedCallback  stm32f1xx_hal_tim.o
    0x08001780   0x08001780   0x00000002   Code   RO         5253    i.HAL_TIM_PeriodElapsedCallback  fee_rtos.o
    0x08001782   0x08001782   0x00000002   Code   RO         2380    i.HAL_TIM_TriggerCallback  stm32f1xx_hal_tim.o
    0x08001784   0x08001784   0x00000002   Code   RO         5254    i.HAL_UARTEx_RxEventCallback  fee_rtos.o
    0x08001786   0x08001786   0x00000002   Code   RO         3297    i.HAL_UART_ErrorCallback  stm32f1xx_hal_uart.o
    0x08001788   0x08001788   0x000002e4   Code   RO         3300    i.HAL_UART_IRQHandler  stm32f1xx_hal_uart.o
    0x08001a6c   0x08001a6c   0x00000076   Code   RO         3301    i.HAL_UART_Init     stm32f1xx_hal_uart.o
    0x08001ae2   0x08001ae2   0x00000002   PAD
    0x08001ae4   0x08001ae4   0x00000180   Code   RO          426    i.HAL_UART_MspInit  stm32f1xx_hal_msp.o
    0x08001c64   0x08001c64   0x0000002c   Code   RO         3306    i.HAL_UART_Receive_IT  stm32f1xx_hal_uart.o
    0x08001c90   0x08001c90   0x00000002   Code   RO         5255    i.HAL_UART_RxCpltCallback  fee_rtos.o
    0x08001c92   0x08001c92   0x000000b2   Code   RO         3309    i.HAL_UART_Transmit  stm32f1xx_hal_uart.o
    0x08001d44   0x08001d44   0x00000002   Code   RO         3312    i.HAL_UART_TxCpltCallback  stm32f1xx_hal_uart.o
    0x08001d46   0x08001d46   0x00000004   Code   RO          329    i.HardFault_Handler  stm32f1xx_it.o
    0x08001d4a   0x08001d4a   0x00000002   PAD
    0x08001d4c   0x08001d4c   0x00000154   Code   RO           16    i.MX_GPIO_Init      main.o
    0x08001ea0   0x08001ea0   0x00000038   Code   RO           19    i.MX_USART1_UART_Init  main.o
    0x08001ed8   0x08001ed8   0x00000038   Code   RO           20    i.MX_USART2_UART_Init  main.o
    0x08001f10   0x08001f10   0x00000038   Code   RO           21    i.MX_USART3_UART_Init  main.o
    0x08001f48   0x08001f48   0x00000004   Code   RO          330    i.MemManage_Handler  stm32f1xx_it.o
    0x08001f4c   0x08001f4c   0x00000004   Code   RO          331    i.NMI_Handler       stm32f1xx_it.o
    0x08001f50   0x08001f50   0x00000028   Code   RO          990    i.RCC_Delay         stm32f1xx_hal_rcc.o
    0x08001f78   0x08001f78   0x00000026   Code   RO         5484    i.StartDefaultTask  fee_thread1.o
    0x08001f9e   0x08001f9e   0x00000002   PAD
    0x08001fa0   0x08001fa0   0x00000014   Code   RO         5511    i.StartTask02       fee_thread2.o
    0x08001fb4   0x08001fb4   0x0000000a   Code   RO         5535    i.StartTask03       fee_thread3.o
    0x08001fbe   0x08001fbe   0x0000000a   Code   RO         5559    i.StartTask04       fee_thread4.o
    0x08001fc8   0x08001fc8   0x00000014   Code   RO          332    i.SysTick_Handler   stm32f1xx_it.o
    0x08001fdc   0x08001fdc   0x00000084   Code   RO           22    i.SystemClock_Config  main.o
    0x08002060   0x08002060   0x00000002   Code   RO         3645    i.SystemInit        system_stm32f1xx.o
    0x08002062   0x08002062   0x00000002   PAD
    0x08002064   0x08002064   0x00000010   Code   RO          333    i.TIM2_IRQHandler   stm32f1xx_it.o
    0x08002074   0x08002074   0x00000014   Code   RO         3314    i.UART_DMAAbortOnError  stm32f1xx_hal_uart.o
    0x08002088   0x08002088   0x0000006c   Code   RO         3324    i.UART_EndRxTransfer  stm32f1xx_hal_uart.o
    0x080020f4   0x080020f4   0x00000020   Code   RO         3325    i.UART_EndTransmit_IT  stm32f1xx_hal_uart.o
    0x08002114   0x08002114   0x000000fc   Code   RO         3327    i.UART_Receive_IT   stm32f1xx_hal_uart.o
    0x08002210   0x08002210   0x000000fc   Code   RO         3328    i.UART_SetConfig    stm32f1xx_hal_uart.o
    0x0800230c   0x0800230c   0x00000040   Code   RO         3330    i.UART_Start_Receive_IT  stm32f1xx_hal_uart.o
    0x0800234c   0x0800234c   0x00000060   Code   RO         3331    i.UART_Transmit_IT  stm32f1xx_hal_uart.o
    0x080023ac   0x080023ac   0x00000092   Code   RO         3332    i.UART_WaitOnFlagUntilTimeout  stm32f1xx_hal_uart.o
    0x0800243e   0x0800243e   0x00000002   PAD
    0x08002440   0x08002440   0x00000010   Code   RO          334    i.USART1_IRQHandler  stm32f1xx_it.o
    0x08002450   0x08002450   0x00000010   Code   RO          335    i.USART3_IRQHandler  stm32f1xx_it.o
    0x08002460   0x08002460   0x00000004   Code   RO          336    i.UsageFault_Handler  stm32f1xx_it.o
    0x08002464   0x08002464   0x00000010   Code   RO         1297    i.__NVIC_GetPriorityGrouping  stm32f1xx_hal_cortex.o
    0x08002474   0x08002474   0x00000028   Code   RO         1298    i.__NVIC_SetPriority  stm32f1xx_hal_cortex.o
    0x0800249c   0x0800249c   0x000000a8   Code   RO           23    i.main              main.o
    0x08002544   0x08002544   0x0000000e   Code   RO         4461    i.makeFreeRtosPriority  cmsis_os.o
    0x08002552   0x08002552   0x00000018   Code   RO         4463    i.osDelay           cmsis_os.o
    0x0800256a   0x0800256a   0x0000000a   Code   RO         4466    i.osKernelStart     cmsis_os.o
    0x08002574   0x08002574   0x0000005e   Code   RO         4500    i.osThreadCreate    cmsis_os.o
    0x080025d2   0x080025d2   0x00000002   PAD
    0x080025d4   0x080025d4   0x0000002c   Code   RO         5317    i.pid_dc1           fee_uart.o
    0x08002600   0x08002600   0x0000002c   Code   RO         5318    i.pid_dc2           fee_uart.o
    0x0800262c   0x0800262c   0x0000002c   Code   RO         5319    i.pid_dc3           fee_uart.o
    0x08002658   0x08002658   0x00000098   Code   RO         4147    i.prvAddCurrentTaskToDelayedList  tasks.o
    0x080026f0   0x080026f0   0x000000b4   Code   RO         4148    i.prvAddNewTaskToReadyList  tasks.o
    0x080027a4   0x080027a4   0x00000048   Code   RO         4149    i.prvCheckTasksWaitingTermination  tasks.o
    0x080027ec   0x080027ec   0x00000050   Code   RO         4150    i.prvDeleteTCB      tasks.o
    0x0800283c   0x0800283c   0x0000007c   Code   RO         4828    i.prvHeapInit       heap_4.o
    0x080028b8   0x080028b8   0x00000028   Code   RO         4151    i.prvIdleTask       tasks.o
    0x080028e0   0x080028e0   0x000000aa   Code   RO         4152    i.prvInitialiseNewTask  tasks.o
    0x0800298a   0x0800298a   0x00000002   PAD
    0x0800298c   0x0800298c   0x00000068   Code   RO         4153    i.prvInitialiseTaskLists  tasks.o
    0x080029f4   0x080029f4   0x00000068   Code   RO         4829    i.prvInsertBlockIntoFreeList  heap_4.o
    0x08002a5c   0x08002a5c   0x00000034   Code   RO         4154    i.prvResetNextTaskUnblockTime  tasks.o
    0x08002a90   0x08002a90   0x00000040   Code   RO         4890    i.prvTaskExitError  port.o
    0x08002ad0   0x08002ad0   0x0000013c   Code   RO         4830    i.pvPortMalloc      heap_4.o
    0x08002c0c   0x08002c0c   0x00000024   Code   RO         4891    i.pxPortInitialiseStack  port.o
    0x08002c30   0x08002c30   0x00000024   Code   RO         5320    i.send_uart         fee_uart.o
    0x08002c54   0x08002c54   0x00000028   Code   RO         3782    i.uxListRemove      list.o
    0x08002c7c   0x08002c7c   0x00000018   Code   RO          284    i.vApplicationGetIdleTaskMemory  freertos.o
    0x08002c94   0x08002c94   0x0000001a   Code   RO         3783    i.vListInitialise   list.o
    0x08002cae   0x08002cae   0x00000006   Code   RO         3784    i.vListInitialiseItem  list.o
    0x08002cb4   0x08002cb4   0x00000034   Code   RO         3785    i.vListInsert       list.o
    0x08002ce8   0x08002ce8   0x00000018   Code   RO         3786    i.vListInsertEnd    list.o
    0x08002d00   0x08002d00   0x00000054   Code   RO         4893    i.vPortEnterCritical  port.o
    0x08002d54   0x08002d54   0x0000003c   Code   RO         4894    i.vPortExitCritical  port.o
    0x08002d90   0x08002d90   0x00000094   Code   RO         4831    i.vPortFree         heap_4.o
    0x08002e24   0x08002e24   0x00000028   Code   RO         4895    i.vPortSetupTimerInterrupt  port.o
    0x08002e4c   0x08002e4c   0x0000005c   Code   RO         4162    i.vTaskDelay        tasks.o
    0x08002ea8   0x08002ea8   0x000000b0   Code   RO         4175    i.vTaskStartScheduler  tasks.o
    0x08002f58   0x08002f58   0x00000010   Code   RO         4177    i.vTaskSuspendAll   tasks.o
    0x08002f68   0x08002f68   0x0000008c   Code   RO         4178    i.vTaskSwitchContext  tasks.o
    0x08002ff4   0x08002ff4   0x00000064   Code   RO         5452    i.ve_vi_tri_0       fee_robot.o
    0x08003058   0x08003058   0x000000f8   Code   RO         4897    i.xPortStartScheduler  port.o
    0x08003150   0x08003150   0x00000034   Code   RO         4898    i.xPortSysTickHandler  port.o
    0x08003184   0x08003184   0x00000064   Code   RO         4180    i.xTaskCreate       tasks.o
    0x080031e8   0x080031e8   0x000000b8   Code   RO         4181    i.xTaskCreateStatic  tasks.o
    0x080032a0   0x080032a0   0x00000020   Code   RO         4185    i.xTaskGetSchedulerState  tasks.o
    0x080032c0   0x080032c0   0x0000000c   Code   RO         4186    i.xTaskGetTickCount  tasks.o
    0x080032cc   0x080032cc   0x00000148   Code   RO         4188    i.xTaskIncrementTick  tasks.o
    0x08003414   0x08003414   0x00000104   Code   RO         4194    i.xTaskResumeAll    tasks.o
    0x08003518   0x08003518   0x00000070   Data   RO           25    .constdata          main.o
    0x08003588   0x08003588   0x00000012   Data   RO          991    .constdata          stm32f1xx_hal_rcc.o
    0x0800359a   0x0800359a   0x00000018   Data   RO         3646    .constdata          system_stm32f1xx.o
    0x080035b2   0x080035b2   0x00000002   PAD
    0x080035b4   0x080035b4   0x00000030   Data   RO           26    .conststring        main.o
    0x080035e4   0x080035e4   0x00000020   Data   RO         5943    Region$$Table       anon$$obj.o


    Execution Region RW_IRAM1 (Exec base: 0x20000000, Load base: 0x08003604, Size: 0x00004c78, Max: 0x00005000, ABSOLUTE)

    Exec Addr    Load Addr    Size         Type   Attr      Idx    E Section Name        Object

    0x20000000   0x08003604   0x00000010   Data   RW           27    .data               main.o
    0x20000010   0x08003614   0x00000009   Data   RW          827    .data               stm32f1xx_hal.o
    0x20000019   0x0800361d   0x00000003   PAD
    0x2000001c   0x08003620   0x00000004   Data   RW         3647    .data               system_stm32f1xx.o
    0x20000020   0x08003624   0x0000003c   Data   RW         4197    .data               tasks.o
    0x2000005c   0x08003660   0x00000018   Data   RW         4836    .data               heap_4.o
    0x20000074   0x08003678   0x0000000c   Data   RW         4899    .data               port.o
    0x20000080   0x08003684   0x00000012   Data   RW         5194    .data               fee_pes_control.o
    0x20000092   0x08003696   0x00000002   PAD
    0x20000094   0x08003698   0x00000004   Data   RW         5321    .data               fee_uart.o
    0x20000098   0x0800369c   0x00000004   Data   RW         5485    .data               fee_thread1.o
    0x2000009c        -       0x000001e8   Zero   RW           24    .bss                main.o
    0x20000284        -       0x00000254   Zero   RW          285    .bss                freertos.o
    0x200004d8        -       0x000000f0   Zero   RW         4196    .bss                tasks.o
    0x200005c8        -       0x00003c00   Zero   RW         4835    .bss                heap_4.o
    0x200041c8        -       0x00000450   Zero   RW         5256    .bss                fee_rtos.o
    0x20004618        -       0x00000060   Zero   RW         5810    .bss                c_w.l(libspace.o)
    0x20004678        -       0x00000200   Zero   RW            2    HEAP                startup_stm32f103xb.o
    0x20004878        -       0x00000400   Zero   RW            1    STACK               startup_stm32f103xb.o


==============================================================================

Image component sizes


      Code (inc. data)   RO Data    RW Data    ZI Data      Debug   Object Name

       142          0          0          0          0      21967   cmsis_os.o
         0          0          0          0          0      18136   event_groups.o
        32          6          0          0          0        437   fee_gpio.o
       208         34          0         18          0       2342   fee_pes_control.o
       100         10          0          0          0        478   fee_robot.o
        68          6          0          0       1104       3364   fee_rtos.o
        38          0          0          4          0        709   fee_thread1.o
        20          6          0          0          0        478   fee_thread2.o
        10          0          0          0          0        446   fee_thread3.o
        10          0          0          0          0        446   fee_thread4.o
       460         36          0          4          0       2896   fee_uart.o
        24         10          0          0        596       1200   freertos.o
       692         62          0         24      15360       7135   heap_4.o
       148          0          0          0          0       3334   list.o
       814         74        160         16        488     488916   main.o
       734         64          0         12          0      10244   port.o
        64         26        236          0       1536        796   startup_stm32f103xb.o
       152         32          0          9          0       5181   stm32f1xx_hal.o
       304         22          0          0          0      29319   stm32f1xx_hal_cortex.o
       674          8          0          0          0       2584   stm32f1xx_hal_dma.o
       856         38          0          0          0       3846   stm32f1xx_hal_gpio.o
       480         34          0          0          0       1817   stm32f1xx_hal_msp.o
      1748         98         18          0          0       5856   stm32f1xx_hal_rcc.o
       304         14          0          0          0       1372   stm32f1xx_hal_rcc_ex.o
       414          0          0          0          0       3462   stm32f1xx_hal_tim.o
         4          0          0          0          0       1509   stm32f1xx_hal_tim_ex.o
      2054          8          0          0          0      11247   stm32f1xx_hal_uart.o
       134         24          0          0          0       5259   stm32f1xx_it.o
         0          0          0          0          0        384   stream_buffer.o
         2          0         24          4          0       1079   system_stm32f1xx.o
      2190        284          0         60        240      17782   tasks.o

    ----------------------------------------------------------------------
     12902        896        472        156      19324     654021   Object Totals
         0          0         32          0          0          0   (incl. Generated)
        22          0          2          5          0          0   (incl. Padding)

    ----------------------------------------------------------------------

      Code (inc. data)   RO Data    RW Data    ZI Data      Debug   Library Member Name

         8          0          0          0          0         68   __main.o
         0          0          0          0          0          0   __rtentry.o
        12          0          0          0          0          0   __rtentry2.o
         6          0          0          0          0          0   __rtentry4.o
        52          8          0          0          0          0   __scatter.o
        26          0          0          0          0          0   __scatter_copy.o
        28          0          0          0          0          0   __scatter_zi.o
        18          0          0          0          0         80   exit.o
         6          0          0          0          0        152   heapauxi.o
         0          0          0          0          0          0   indicate_semi.o
         2          0          0          0          0          0   libinit.o
         2          0          0          0          0          0   libinit2.o
         2          0          0          0          0          0   libshutdown.o
         2          0          0          0          0          0   libshutdown2.o
         8          4          0          0         96         68   libspace.o
        78          0          0          0          0         80   rt_memclr_w.o
       100          0          0          0          0         80   rt_memcpy_w.o
         2          0          0          0          0          0   rtexit.o
        10          0          0          0          0          0   rtexit2.o
        12          4          0          0          0         68   sys_exit.o
        74          0          0          0          0         80   sys_stackheap_outer.o
         2          0          0          0          0         68   use_no_semi.o

    ----------------------------------------------------------------------
       454         16          0          0         96        744   Library Totals
         4          0          0          0          0          0   (incl. Padding)

    ----------------------------------------------------------------------

      Code (inc. data)   RO Data    RW Data    ZI Data      Debug   Library Name

       450         16          0          0         96        744   c_w.l

    ----------------------------------------------------------------------
       454         16          0          0         96        744   Library Totals

    ----------------------------------------------------------------------

==============================================================================


      Code (inc. data)   RO Data    RW Data    ZI Data      Debug   

     13356        912        472        156      19420     648157   Grand Totals
     13356        912        472        156      19420     648157   ELF Image Totals
     13356        912        472        156          0          0   ROM Totals

==============================================================================

    Total RO  Size (Code + RO Data)                13828 (  13.50kB)
    Total RW  Size (RW Data + ZI Data)             19576 (  19.12kB)
    Total ROM Size (Code + RO Data + RW Data)      13984 (  13.66kB)

==============================================================================

